
 Start         Length     Name                   Class
 0001:00000000 00115468H .text                   CODE
 0002:00000000 00003574H .data                   DATA
 0002:00003574 00001575H .bss                    BSS


Detailed map of segments

 0001:00000000 00005DFB C=CODE     S=.text    G=(none)   M=System   ACBP=A9
 0001:00005DFC 00000140 C=CODE     S=.text    G=(none)   M=SysInit  ACBP=A9
 0001:00005F3C 00000090 C=CODE     S=.text    G=(none)   M=Types    ACBP=A9
 0001:00005FCC 00000EE4 C=CODE     S=.text    G=(none)   M=Windows  ACBP=A9
 0001:00006EB0 00000038 C=CODE     S=.text    G=(none)   M=Messages ACBP=A9
 0001:00006EE8 00000388 C=CODE     S=.text    G=(none)   M=SysConst ACBP=A9
 0001:00007270 00007928 C=CODE     S=.text    G=(none)   M=SysUtils ACBP=A9
 0001:0000EB98 00000823 C=CODE     S=.text    G=(none)   M=VarUtils ACBP=A9
 0001:0000F3BC 000098E6 C=CODE     S=.text    G=(none)   M=Variants ACBP=A9
 0001:00018CA4 00000178 C=CODE     S=.text    G=(none)   M=RTLConsts ACBP=A9
 0001:00018E1C 0000192C C=CODE     S=.text    G=(none)   M=TypInfo  ACBP=A9
 0001:0001A748 000000F4 C=CODE     S=.text    G=(none)   M=ActiveX  ACBP=A9
 0001:0001A83C 0000D71E C=CODE     S=.text    G=(none)   M=Classes  ACBP=A9
 0001:00027F5C 00000358 C=CODE     S=.text    G=(none)   M=Consts   ACBP=A9
 0001:000282B4 00009123 C=CODE     S=.text    G=(none)   M=Graphics ACBP=A9
 0001:000313D8 00000048 C=CODE     S=.text    G=(none)   M=Math     ACBP=A9
 0001:00031420 000002B8 C=CODE     S=.text    G=(none)   M=Contnrs  ACBP=A9
 0001:000316D8 0000024C C=CODE     S=.text    G=(none)   M=CommCtrl ACBP=A9
 0001:00031924 00000787 C=CODE     S=.text    G=(none)   M=MultiMon ACBP=A9
 0001:000320AC 00000038 C=CODE     S=.text    G=(none)   M=Imm      ACBP=A9
 0001:000320E4 00000FF8 C=CODE     S=.text    G=(none)   M=HelpIntfs ACBP=A9
 0001:000330DC 00000058 C=CODE     S=.text    G=(none)   M=WinSpool ACBP=A9
 0001:00033134 0000107C C=CODE     S=.text    G=(none)   M=Printers ACBP=A9
 0001:000341B0 0000031F C=CODE     S=.text    G=(none)   M=FlatSB   ACBP=A9
 0001:000344D0 000001A4 C=CODE     S=.text    G=(none)   M=SyncObjs ACBP=A9
 0001:00034674 000009BB C=CODE     S=.text    G=(none)   M=UxTheme  ACBP=A9
 0001:00035030 00000038 C=CODE     S=.text    G=(none)   M=RichEdit ACBP=A9
 0001:00035068 00000038 C=CODE     S=.text    G=(none)   M=ToolWin  ACBP=A9
 0001:000350A0 00000038 C=CODE     S=.text    G=(none)   M=ShellAPI ACBP=A9
 0001:000350D8 00000038 C=CODE     S=.text    G=(none)   M=RegStr   ACBP=A9
 0001:00035110 00000038 C=CODE     S=.text    G=(none)   M=WinInet  ACBP=A9
 0001:00035148 00000038 C=CODE     S=.text    G=(none)   M=UrlMon   ACBP=A9
 0001:00035180 0000006C C=CODE     S=.text    G=(none)   M=ShlObj   ACBP=A9
 0001:000351EC 00000050 C=CODE     S=.text    G=(none)   M=CommDlg  ACBP=A9
 0001:0003523C 00000038 C=CODE     S=.text    G=(none)   M=Dlgs     ACBP=A9
 0001:00035274 00002C81 C=CODE     S=.text    G=(none)   M=Dialogs  ACBP=A9
 0001:00037EF8 00004A02 C=CODE     S=.text    G=(none)   M=ExtCtrls ACBP=A9
 0001:0003C8FC 000000B8 C=CODE     S=.text    G=(none)   M=ComStrs  ACBP=A9
 0001:0003C9B4 0000069C C=CODE     S=.text    G=(none)   M=Clipbrd  ACBP=A9
 0001:0003D050 000000A8 C=CODE     S=.text    G=(none)   M=StrUtils ACBP=A9
 0001:0003D0F8 00003821 C=CODE     S=.text    G=(none)   M=Buttons  ACBP=A9
 0001:0004091C 00000038 C=CODE     S=.text    G=(none)   M=ExtDlgs  ACBP=A9
 0001:00040954 00001014 C=CODE     S=.text    G=(none)   M=IniFiles ACBP=A9
 0001:00041968 00000068 C=CODE     S=.text    G=(none)   M=Registry ACBP=A9
 0001:000419D0 0000006C C=CODE     S=.text    G=(none)   M=Mapi     ACBP=A9
 0001:00041A3C 00000058 C=CODE     S=.text    G=(none)   M=ExtActns ACBP=A9
 0001:00041A94 00000038 C=CODE     S=.text    G=(none)   M=ListActns ACBP=A9
 0001:00041ACC 0000843C C=CODE     S=.text    G=(none)   M=ComCtrls ACBP=A9
 0001:00049F08 00000DBC C=CODE     S=.text    G=(none)   M=Themes   ACBP=A9
 0001:0004ACC4 0000C65C C=CODE     S=.text    G=(none)   M=StdCtrls ACBP=A9
 0001:00057320 00000168 C=CODE     S=.text    G=(none)   M=StdActns ACBP=A9
 0001:00057488 00000D1F C=CODE     S=.text    G=(none)   M=WinHelpViewer ACBP=A9
 0001:000581A8 00011623 C=CODE     S=.text    G=(none)   M=Controls ACBP=A9
 0001:000697CC 00001292 C=CODE     S=.text    G=(none)   M=ActnList ACBP=A9
 0001:0006AA60 00001B9C C=CODE     S=.text    G=(none)   M=ImgList  ACBP=A9
 0001:0006C5FC 000066FD C=CODE     S=.text    G=(none)   M=Menus    ACBP=A9
 0001:00072CFC 0000C4C8 C=CODE     S=.text    G=(none)   M=Forms    ACBP=A9
 0001:0007F1C4 00000A60 C=CODE     S=.text    G=(none)   M=MaskUtils ACBP=A9
 0001:0007FC24 000000DC C=CODE     S=.text    G=(none)   M=DateUtils ACBP=A9
 0001:0007FD00 00000278 C=CODE     S=.text    G=(none)   M=DBConsts ACBP=A9
 0001:0007FF78 00000F73 C=CODE     S=.text    G=(none)   M=SqlTimSt ACBP=A9
 0001:00080EEC 00004AFB C=CODE     S=.text    G=(none)   M=FMTBcd   ACBP=A9
 0001:000859E8 00000060 C=CODE     S=.text    G=(none)   M=ComConst ACBP=A9
 0001:00085A48 000010FD C=CODE     S=.text    G=(none)   M=ComObj   ACBP=A9
 0001:00086B48 000158B4 C=CODE     S=.text    G=(none)   M=DB       ACBP=A9
 0001:0009C3FC 000000B8 C=CODE     S=.text    G=(none)   M=VDBConsts ACBP=A9
 0001:0009C4B4 00000038 C=CODE     S=.text    G=(none)   M=dbcgrids ACBP=A9
 0001:0009C4EC 000029E8 C=CODE     S=.text    G=(none)   M=Mask     ACBP=A9
 0001:0009EED4 00000728 C=CODE     S=.text    G=(none)   M=DBLogDlg ACBP=A9
 0001:0009F5FC 00000531 C=CODE     S=.text    G=(none)   M=DBPWDlg  ACBP=A9
 0001:0009FB30 0000648C C=CODE     S=.text    G=(none)   M=DBCtrls  ACBP=A9
 0001:000A5FBC 00008120 C=CODE     S=.text    G=(none)   M=Grids    ACBP=A9
 0001:000AE0DC 00008DE4 C=CODE     S=.text    G=(none)   M=DBGrids  ACBP=A9
 0001:000B6EC0 0000435C C=CODE     S=.text    G=(none)   M=DBCommon ACBP=A9
 0001:000BB21C 00003D04 C=CODE     S=.text    G=(none)   M=BDE      ACBP=A9
 0001:000BEF20 00000068 C=CODE     S=.text    G=(none)   M=SMINTF   ACBP=A9
 0001:000BEF88 00000118 C=CODE     S=.text    G=(none)   M=bdeconst ACBP=A9
 0001:000BF0A0 0000FB5C C=CODE     S=.text    G=(none)   M=DBTables ACBP=A9
 0001:000CEBFC 00001BFC C=CODE     S=.text    G=(none)   M=Spin     ACBP=A9
 0001:000D07F8 00000C3C C=CODE     S=.text    G=(none)   M=IdException ACBP=A9
 0001:000D1434 000002F0 C=CODE     S=.text    G=(none)   M=IdResourceStrings ACBP=A9
 0001:000D1724 00001127 C=CODE     S=.text    G=(none)   M=IdWinSock2 ACBP=A9
 0001:000D284C 00000038 C=CODE     S=.text    G=(none)   M=IdStackConsts ACBP=A9
 0001:000D2884 00000A18 C=CODE     S=.text    G=(none)   M=IdStack  ACBP=A9
 0001:000D329C 00001114 C=CODE     S=.text    G=(none)   M=IdStackWindows ACBP=A9
 0001:000D43B0 00000038 C=CODE     S=.text    G=(none)   M=IdURI    ACBP=A9
 0001:000D43E8 00000A44 C=CODE     S=.text    G=(none)   M=IdGlobal ACBP=A9
 0001:000D4E2C 000000FC C=CODE     S=.text    G=(none)   M=IdBaseComponent ACBP=A9
 0001:000D4F28 000002EC C=CODE     S=.text    G=(none)   M=IdAntiFreezeBase ACBP=A9
 0001:000D5214 00000645 C=CODE     S=.text    G=(none)   M=IdComponent ACBP=A9
 0001:000D585C 00000970 C=CODE     S=.text    G=(none)   M=IdSocketHandle ACBP=A9
 0001:000D61CC 000003A4 C=CODE     S=.text    G=(none)   M=IdIntercept ACBP=A9
 0001:000D6570 0000015C C=CODE     S=.text    G=(none)   M=IdIOHandler ACBP=A9
 0001:000D66CC 000003D8 C=CODE     S=.text    G=(none)   M=IdRFCReply ACBP=A9
 0001:000D6AA4 00000038 C=CODE     S=.text    G=(none)   M=IdAssignedNumbers ACBP=A9
 0001:000D6ADC 00000B58 C=CODE     S=.text    G=(none)   M=IdSocks  ACBP=A9
 0001:000D7634 00000038 C=CODE     S=.text    G=(none)   M=IdTCPStream ACBP=A9
 0001:000D766C 00000038 C=CODE     S=.text    G=(none)   M=IdStream ACBP=A9
 0001:000D76A4 00000874 C=CODE     S=.text    G=(none)   M=IdIOHandlerSocket ACBP=A9
 0001:000D7F18 00002034 C=CODE     S=.text    G=(none)   M=IdTCPConnection ACBP=A9
 0001:000D9F4C 000004A0 C=CODE     S=.text    G=(none)   M=IdTCPClient ACBP=A9
 0001:000DA3EC 00000038 C=CODE     S=.text    G=(none)   M=IdThread ACBP=A9
 0001:000DA424 000001B4 C=CODE     S=.text    G=(none)   M=IdStrings ACBP=A9
 0001:000DA5D8 00001258 C=CODE     S=.text    G=(none)   M=IdFTPList ACBP=A9
 0001:000DB830 0000007C C=CODE     S=.text    G=(none)   M=IdFTPCommon ACBP=A9
 0001:000DB8AC 00000420 C=CODE     S=.text    G=(none)   M=IdSimpleServer ACBP=A9
 0001:000DBCCC 0000234C C=CODE     S=.text    G=(none)   M=IdFTP    ACBP=A9
 0001:000DE018 00000330 C=CODE     S=.text    G=(none)   M=IdUDPBase ACBP=A9
 0001:000DE348 00000188 C=CODE     S=.text    G=(none)   M=IdUDPClient ACBP=A9
 0001:000DE4D0 00000040 C=CODE     S=.text    G=(none)   M=OleConst ACBP=A9
 0001:000DE510 000008EA C=CODE     S=.text    G=(none)   M=OleServer ACBP=A9
 0001:000DEDFC 00000038 C=CODE     S=.text    G=(none)   M=StdVCL   ACBP=A9
 0001:000DEE34 00000038 C=CODE     S=.text    G=(none)   M=Office2000 ACBP=A9
 0001:000DEE6C 00000038 C=CODE     S=.text    G=(none)   M=VBIDE2000 ACBP=A9
 0001:000DEEA4 00000038 C=CODE     S=.text    G=(none)   M=Word2000 ACBP=A9
 0001:000DEEDC 00000038 C=CODE     S=.text    G=(none)   M=IdNetworkCalculator ACBP=A9
 0001:000DEF14 00005090 C=CODE     S=.text    G=(none)   M=ZhurnalUnit ACBP=A9
 0001:000E3FA4 00001174 C=CODE     S=.text    G=(none)   M=SqlUnit  ACBP=A9
 0001:000E5118 00008D4C C=CODE     S=.text    G=(none)   M=BalansUnit ACBP=A9
 0001:000EDE64 000035FC C=CODE     S=.text    G=(none)   M=SaldoUnit ACBP=A9
 0001:000F1460 0000842C C=CODE     S=.text    G=(none)   M=TovarUnit ACBP=A9
 0001:000F988C 00000EC8 C=CODE     S=.text    G=(none)   M=SpravUnit ACBP=A9
 0001:000FA754 000068C0 C=CODE     S=.text    G=(none)   M=DMUnit   ACBP=A9
 0001:00101014 00010CF4 C=CODE     S=.text    G=(none)   M=NaklUnit ACBP=A9
 0001:00111D08 000010F0 C=CODE     S=.text    G=(none)   M=InstallUnit ACBP=A9
 0001:00112DF8 00002084 C=CODE     S=.text    G=(none)   M=MainUnit ACBP=A9
 0001:00114E7C 000005EC C=CODE     S=.text    G=(none)   M=Trade    ACBP=A9
 0002:00000000 000000A0 C=DATA     S=.data    G=DGROUP   M=System   ACBP=A9
 0002:000000A0 00000020 C=DATA     S=.data    G=DGROUP   M=SysInit  ACBP=A9
 0002:000000C0 00000274 C=DATA     S=.data    G=DGROUP   M=SysUtils ACBP=A9
 0002:00000334 00000110 C=DATA     S=.data    G=DGROUP   M=VarUtils ACBP=A9
 0002:00000444 000001B6 C=DATA     S=.data    G=DGROUP   M=Variants ACBP=A9
 0002:000005FC 0000000C C=DATA     S=.data    G=DGROUP   M=TypInfo  ACBP=A9
 0002:00000608 00000010 C=DATA     S=.data    G=DGROUP   M=ActiveX  ACBP=A9
 0002:00000618 000000E4 C=DATA     S=.data    G=DGROUP   M=Classes  ACBP=A9
 0002:000006FC 00000304 C=DATA     S=.data    G=DGROUP   M=Graphics ACBP=A9
 0002:00000A00 00000004 C=DATA     S=.data    G=DGROUP   M=Printers ACBP=A9
 0002:00000A04 00000120 C=DATA     S=.data    G=DGROUP   M=Dialogs  ACBP=A9
 0002:00000B24 0000018C C=DATA     S=.data    G=DGROUP   M=ExtCtrls ACBP=A9
 0002:00000CB0 0000009E C=DATA     S=.data    G=DGROUP   M=Buttons  ACBP=A9
 0002:00000D50 00000008 C=DATA     S=.data    G=DGROUP   M=IniFiles ACBP=A9
 0002:00000D58 00000008 C=DATA     S=.data    G=DGROUP   M=Registry ACBP=A9
 0002:00000D60 00000008 C=DATA     S=.data    G=DGROUP   M=Mapi     ACBP=A9
 0002:00000D68 000000B4 C=DATA     S=.data    G=DGROUP   M=ComCtrls ACBP=A9
 0002:00000E1C 00000068 C=DATA     S=.data    G=DGROUP   M=Themes   ACBP=A9
 0002:00000E84 00000178 C=DATA     S=.data    G=DGROUP   M=StdCtrls ACBP=A9
 0002:00000FFC 0000013C C=DATA     S=.data    G=DGROUP   M=Controls ACBP=A9
 0002:00001138 00000020 C=DATA     S=.data    G=DGROUP   M=ImgList  ACBP=A9
 0002:00001158 000000EC C=DATA     S=.data    G=DGROUP   M=Menus    ACBP=A9
 0002:00001244 0000011C C=DATA     S=.data    G=DGROUP   M=Forms    ACBP=A9
 0002:00001360 00000009 C=DATA     S=.data    G=DGROUP   M=MaskUtils ACBP=A9
 0002:0000136C 0000003C C=DATA     S=.data    G=DGROUP   M=SqlTimSt ACBP=A9
 0002:000013A8 00000065 C=DATA     S=.data    G=DGROUP   M=FMTBcd   ACBP=A9
 0002:00001410 00000030 C=DATA     S=.data    G=DGROUP   M=ComObj   ACBP=A9
 0002:00001440 0000021E C=DATA     S=.data    G=DGROUP   M=DB       ACBP=A9
 0002:00001660 00000004 C=DATA     S=.data    G=DGROUP   M=Mask     ACBP=A9
 0002:00001664 00000054 C=DATA     S=.data    G=DGROUP   M=DBCtrls  ACBP=A9
 0002:000016B8 00000028 C=DATA     S=.data    G=DGROUP   M=DBGrids  ACBP=A9
 0002:000016E0 0000001C C=DATA     S=.data    G=DGROUP   M=DBCommon ACBP=A9
 0002:000016FC 00000C50 C=DATA     S=.data    G=DGROUP   M=BDE      ACBP=A9
 0002:0000234C 00000010 C=DATA     S=.data    G=DGROUP   M=SMINTF   ACBP=A9
 0002:0000235C 00000128 C=DATA     S=.data    G=DGROUP   M=DBTables ACBP=A9
 0002:00002484 00000544 C=DATA     S=.data    G=DGROUP   M=IdWinSock2 ACBP=A9
 0002:000029C8 00000004 C=DATA     S=.data    G=DGROUP   M=IdStackConsts ACBP=A9
 0002:000029CC 0000000C C=DATA     S=.data    G=DGROUP   M=IdStack  ACBP=A9
 0002:000029D8 00000001 C=DATA     S=.data    G=DGROUP   M=IdStackWindows ACBP=A9
 0002:000029DC 0000009C C=DATA     S=.data    G=DGROUP   M=IdGlobal ACBP=A9
 0002:00002A78 00000004 C=DATA     S=.data    G=DGROUP   M=IdAntiFreezeBase ACBP=A9
 0002:00002A7C 00000028 C=DATA     S=.data    G=DGROUP   M=IdComponent ACBP=A9
 0002:00002AA4 000000BC C=DATA     S=.data    G=DGROUP   M=InstallUnit ACBP=A9
 0002:00004000 00000664 C=BSS      S=.bss     G=DGROUP   M=System   ACBP=A9
 0002:00004664 00000010 C=BSS      S=.bss     G=DGROUP   M=SysInit  ACBP=A9
 0002:00004674 00000004 C=BSS      S=.bss     G=DGROUP   M=Types    ACBP=A9
 0002:00004678 00000004 C=BSS      S=.bss     G=DGROUP   M=Windows  ACBP=A9
 0002:0000467C 00000004 C=BSS      S=.bss     G=DGROUP   M=Messages ACBP=A9
 0002:00004680 00000004 C=BSS      S=.bss     G=DGROUP   M=SysConst ACBP=A9
 0002:00004684 00000120 C=BSS      S=.bss     G=DGROUP   M=SysUtils ACBP=A9
 0002:000047A4 0000005C C=BSS      S=.bss     G=DGROUP   M=VarUtils ACBP=A9
 0002:00004800 00000040 C=BSS      S=.bss     G=DGROUP   M=Variants ACBP=A9
 0002:00004840 00000004 C=BSS      S=.bss     G=DGROUP   M=RTLConsts ACBP=A9
 0002:00004844 00000004 C=BSS      S=.bss     G=DGROUP   M=TypInfo  ACBP=A9
 0002:00004848 00000004 C=BSS      S=.bss     G=DGROUP   M=ActiveX  ACBP=A9
 0002:0000484C 00000044 C=BSS      S=.bss     G=DGROUP   M=Classes  ACBP=A9
 0002:00004890 00000004 C=BSS      S=.bss     G=DGROUP   M=Consts   ACBP=A9
 0002:00004894 00000060 C=BSS      S=.bss     G=DGROUP   M=Graphics ACBP=A9
 0002:000048F4 00000004 C=BSS      S=.bss     G=DGROUP   M=Math     ACBP=A9
 0002:000048F8 00000004 C=BSS      S=.bss     G=DGROUP   M=Contnrs  ACBP=A9
 0002:000048FC 0000000C C=BSS      S=.bss     G=DGROUP   M=CommCtrl ACBP=A9
 0002:00004908 00000031 C=BSS      S=.bss     G=DGROUP   M=MultiMon ACBP=A9
 0002:0000493C 00000004 C=BSS      S=.bss     G=DGROUP   M=Imm      ACBP=A9
 0002:00004940 00000008 C=BSS      S=.bss     G=DGROUP   M=HelpIntfs ACBP=A9
 0002:00004948 00000004 C=BSS      S=.bss     G=DGROUP   M=WinSpool ACBP=A9
 0002:0000494C 00000004 C=BSS      S=.bss     G=DGROUP   M=Printers ACBP=A9
 0002:00004950 00000034 C=BSS      S=.bss     G=DGROUP   M=FlatSB   ACBP=A9
 0002:00004984 00000004 C=BSS      S=.bss     G=DGROUP   M=SyncObjs ACBP=A9
 0002:00004988 000000CC C=BSS      S=.bss     G=DGROUP   M=UxTheme  ACBP=A9
 0002:00004A54 00000004 C=BSS      S=.bss     G=DGROUP   M=RichEdit ACBP=A9
 0002:00004A58 00000004 C=BSS      S=.bss     G=DGROUP   M=ToolWin  ACBP=A9
 0002:00004A5C 00000004 C=BSS      S=.bss     G=DGROUP   M=ShellAPI ACBP=A9
 0002:00004A60 00000004 C=BSS      S=.bss     G=DGROUP   M=RegStr   ACBP=A9
 0002:00004A64 00000004 C=BSS      S=.bss     G=DGROUP   M=WinInet  ACBP=A9
 0002:00004A68 00000004 C=BSS      S=.bss     G=DGROUP   M=UrlMon   ACBP=A9
 0002:00004A6C 00000004 C=BSS      S=.bss     G=DGROUP   M=ShlObj   ACBP=A9
 0002:00004A70 00000004 C=BSS      S=.bss     G=DGROUP   M=CommDlg  ACBP=A9
 0002:00004A74 00000004 C=BSS      S=.bss     G=DGROUP   M=Dlgs     ACBP=A9
 0002:00004A78 00000038 C=BSS      S=.bss     G=DGROUP   M=Dialogs  ACBP=A9
 0002:00004AB0 00000004 C=BSS      S=.bss     G=DGROUP   M=ExtCtrls ACBP=A9
 0002:00004AB4 00000004 C=BSS      S=.bss     G=DGROUP   M=ComStrs  ACBP=A9
 0002:00004AB8 0000000C C=BSS      S=.bss     G=DGROUP   M=Clipbrd  ACBP=A9
 0002:00004AC4 00000004 C=BSS      S=.bss     G=DGROUP   M=StrUtils ACBP=A9
 0002:00004AC8 00000030 C=BSS      S=.bss     G=DGROUP   M=Buttons  ACBP=A9
 0002:00004AF8 00000004 C=BSS      S=.bss     G=DGROUP   M=ExtDlgs  ACBP=A9
 0002:00004AFC 00000004 C=BSS      S=.bss     G=DGROUP   M=IniFiles ACBP=A9
 0002:00004B00 00000004 C=BSS      S=.bss     G=DGROUP   M=Registry ACBP=A9
 0002:00004B04 00000004 C=BSS      S=.bss     G=DGROUP   M=Mapi     ACBP=A9
 0002:00004B08 00000009 C=BSS      S=.bss     G=DGROUP   M=ExtActns ACBP=A9
 0002:00004B14 00000004 C=BSS      S=.bss     G=DGROUP   M=ListActns ACBP=A9
 0002:00004B18 00000010 C=BSS      S=.bss     G=DGROUP   M=ComCtrls ACBP=A9
 0002:00004B28 00000008 C=BSS      S=.bss     G=DGROUP   M=Themes   ACBP=A9
 0002:00004B30 00000004 C=BSS      S=.bss     G=DGROUP   M=StdCtrls ACBP=A9
 0002:00004B34 00000004 C=BSS      S=.bss     G=DGROUP   M=StdActns ACBP=A9
 0002:00004B38 00000014 C=BSS      S=.bss     G=DGROUP   M=WinHelpViewer ACBP=A9
 0002:00004B4C 00000080 C=BSS      S=.bss     G=DGROUP   M=Controls ACBP=A9
 0002:00004BCC 00000004 C=BSS      S=.bss     G=DGROUP   M=ActnList ACBP=A9
 0002:00004BD0 0000000C C=BSS      S=.bss     G=DGROUP   M=ImgList  ACBP=A9
 0002:00004BDC 00000010 C=BSS      S=.bss     G=DGROUP   M=Menus    ACBP=A9
 0002:00004BEC 00000020 C=BSS      S=.bss     G=DGROUP   M=Forms    ACBP=A9
 0002:00004C0C 00000004 C=BSS      S=.bss     G=DGROUP   M=MaskUtils ACBP=A9
 0002:00004C10 00000004 C=BSS      S=.bss     G=DGROUP   M=DateUtils ACBP=A9
 0002:00004C14 00000004 C=BSS      S=.bss     G=DGROUP   M=DBConsts ACBP=A9
 0002:00004C18 00000004 C=BSS      S=.bss     G=DGROUP   M=SqlTimSt ACBP=A9
 0002:00004C1C 00000004 C=BSS      S=.bss     G=DGROUP   M=FMTBcd   ACBP=A9
 0002:00004C20 00000004 C=BSS      S=.bss     G=DGROUP   M=ComConst ACBP=A9
 0002:00004C24 00000011 C=BSS      S=.bss     G=DGROUP   M=ComObj   ACBP=A9
 0002:00004C38 00000020 C=BSS      S=.bss     G=DGROUP   M=DB       ACBP=A9
 0002:00004C58 00000004 C=BSS      S=.bss     G=DGROUP   M=VDBConsts ACBP=A9
 0002:00004C5C 00000004 C=BSS      S=.bss     G=DGROUP   M=dbcgrids ACBP=A9
 0002:00004C60 00000004 C=BSS      S=.bss     G=DGROUP   M=Mask     ACBP=A9
 0002:00004C64 00000004 C=BSS      S=.bss     G=DGROUP   M=DBLogDlg ACBP=A9
 0002:00004C68 00000004 C=BSS      S=.bss     G=DGROUP   M=DBPWDlg  ACBP=A9
 0002:00004C6C 00000004 C=BSS      S=.bss     G=DGROUP   M=DBCtrls  ACBP=A9
 0002:00004C70 00000004 C=BSS      S=.bss     G=DGROUP   M=Grids    ACBP=A9
 0002:00004C74 0000000C C=BSS      S=.bss     G=DGROUP   M=DBGrids  ACBP=A9
 0002:00004C80 00000004 C=BSS      S=.bss     G=DGROUP   M=DBCommon ACBP=A9
 0002:00004C84 0000001C C=BSS      S=.bss     G=DGROUP   M=BDE      ACBP=A9
 0002:00004CA0 00000004 C=BSS      S=.bss     G=DGROUP   M=SMINTF   ACBP=A9
 0002:00004CA4 00000004 C=BSS      S=.bss     G=DGROUP   M=bdeconst ACBP=A9
 0002:00004CA8 00000061 C=BSS      S=.bss     G=DGROUP   M=DBTables ACBP=A9
 0002:00004D0C 00000004 C=BSS      S=.bss     G=DGROUP   M=Spin     ACBP=A9
 0002:00004D10 00000004 C=BSS      S=.bss     G=DGROUP   M=IdException ACBP=A9
 0002:00004D14 00000004 C=BSS      S=.bss     G=DGROUP   M=IdResourceStrings ACBP=A9
 0002:00004D18 000001C8 C=BSS      S=.bss     G=DGROUP   M=IdWinSock2 ACBP=A9
 0002:00004EE0 00000004 C=BSS      S=.bss     G=DGROUP   M=IdStackConsts ACBP=A9
 0002:00004EE4 00000008 C=BSS      S=.bss     G=DGROUP   M=IdStack  ACBP=A9
 0002:00004EEC 00000004 C=BSS      S=.bss     G=DGROUP   M=IdStackWindows ACBP=A9
 0002:00004EF0 00000004 C=BSS      S=.bss     G=DGROUP   M=IdURI    ACBP=A9
 0002:00004EF4 00000014 C=BSS      S=.bss     G=DGROUP   M=IdGlobal ACBP=A9
 0002:00004F08 00000004 C=BSS      S=.bss     G=DGROUP   M=IdBaseComponent ACBP=A9
 0002:00004F0C 00000004 C=BSS      S=.bss     G=DGROUP   M=IdAntiFreezeBase ACBP=A9
 0002:00004F10 00000008 C=BSS      S=.bss     G=DGROUP   M=IdComponent ACBP=A9
 0002:00004F18 00000004 C=BSS      S=.bss     G=DGROUP   M=IdSocketHandle ACBP=A9
 0002:00004F1C 00000004 C=BSS      S=.bss     G=DGROUP   M=IdIntercept ACBP=A9
 0002:00004F20 00000004 C=BSS      S=.bss     G=DGROUP   M=IdIOHandler ACBP=A9
 0002:00004F24 00000004 C=BSS      S=.bss     G=DGROUP   M=IdRFCReply ACBP=A9
 0002:00004F28 00000004 C=BSS      S=.bss     G=DGROUP   M=IdAssignedNumbers ACBP=A9
 0002:00004F2C 00000004 C=BSS      S=.bss     G=DGROUP   M=IdSocks  ACBP=A9
 0002:00004F30 00000004 C=BSS      S=.bss     G=DGROUP   M=IdTCPStream ACBP=A9
 0002:00004F34 00000004 C=BSS      S=.bss     G=DGROUP   M=IdStream ACBP=A9
 0002:00004F38 00000004 C=BSS      S=.bss     G=DGROUP   M=IdIOHandlerSocket ACBP=A9
 0002:00004F3C 00000004 C=BSS      S=.bss     G=DGROUP   M=IdTCPConnection ACBP=A9
 0002:00004F40 00000004 C=BSS      S=.bss     G=DGROUP   M=IdTCPClient ACBP=A9
 0002:00004F44 00000004 C=BSS      S=.bss     G=DGROUP   M=IdThread ACBP=A9
 0002:00004F48 00000004 C=BSS      S=.bss     G=DGROUP   M=IdStrings ACBP=A9
 0002:00004F4C 00000004 C=BSS      S=.bss     G=DGROUP   M=IdFTPList ACBP=A9
 0002:00004F50 00000004 C=BSS      S=.bss     G=DGROUP   M=IdFTPCommon ACBP=A9
 0002:00004F54 00000004 C=BSS      S=.bss     G=DGROUP   M=IdSimpleServer ACBP=A9
 0002:00004F58 00000004 C=BSS      S=.bss     G=DGROUP   M=IdFTP    ACBP=A9
 0002:00004F5C 00000004 C=BSS      S=.bss     G=DGROUP   M=IdUDPBase ACBP=A9
 0002:00004F60 00000004 C=BSS      S=.bss     G=DGROUP   M=IdUDPClient ACBP=A9
 0002:00004F64 00000004 C=BSS      S=.bss     G=DGROUP   M=OleConst ACBP=A9
 0002:00004F68 00000004 C=BSS      S=.bss     G=DGROUP   M=OleServer ACBP=A9
 0002:00004F6C 00000004 C=BSS      S=.bss     G=DGROUP   M=StdVCL   ACBP=A9
 0002:00004F70 00000004 C=BSS      S=.bss     G=DGROUP   M=Office2000 ACBP=A9
 0002:00004F74 00000004 C=BSS      S=.bss     G=DGROUP   M=VBIDE2000 ACBP=A9
 0002:00004F78 00000004 C=BSS      S=.bss     G=DGROUP   M=Word2000 ACBP=A9
 0002:00004F7C 00000004 C=BSS      S=.bss     G=DGROUP   M=IdNetworkCalculator ACBP=A9
 0002:00004F80 00000008 C=BSS      S=.bss     G=DGROUP   M=ZhurnalUnit ACBP=A9
 0002:00004F88 00000008 C=BSS      S=.bss     G=DGROUP   M=SqlUnit  ACBP=A9
 0002:00004F90 00000008 C=BSS      S=.bss     G=DGROUP   M=BalansUnit ACBP=A9
 0002:00004F98 00000008 C=BSS      S=.bss     G=DGROUP   M=SaldoUnit ACBP=A9
 0002:00004FA0 00000008 C=BSS      S=.bss     G=DGROUP   M=TovarUnit ACBP=A9
 0002:00004FA8 00000008 C=BSS      S=.bss     G=DGROUP   M=SpravUnit ACBP=A9
 0002:00004FB0 00000008 C=BSS      S=.bss     G=DGROUP   M=DMUnit   ACBP=A9
 0002:00004FB8 00000050 C=BSS      S=.bss     G=DGROUP   M=NaklUnit ACBP=A9
 0002:00005008 00000564 C=BSS      S=.bss     G=DGROUP   M=InstallUnit ACBP=A9
 0002:0000556C 00000008 C=BSS      S=.bss     G=DGROUP   M=MainUnit ACBP=A9


  Address         Publics by Name

 0002:00002270       ..
 0001:000BE5A0       ..
 0002:000016FC       ..
 0002:00004C88       ..
 0001:000BB23C       ..
 0002:00004A70       .1
 0002:00004A64       .1
 0002:00004EE0       .1
 0002:00004674       .1
 0002:000048FC       .1
 0002:0000493C       .1
 0002:00004F48       .1
 0002:00004A74       .1
 0002:0000466C       .1
 0002:00004680       .1
 0002:00004C10       .1
 0002:0000467C       .1
 0002:00004928       .1
 0002:00004F64       .1
 0002:00004F28       .1
 0002:00004F6C       .1
 0002:00004C84       .1
 0002:00004C18       .1
 0002:00004AB4       .1
 0002:00004C58       .1
 0002:00004CA0       .1
 0002:00004A44       .1
 0002:00004890       .1
 0002:00004B04       .1
 0002:00004C20       .1
 0002:00004A68       .1
 0002:00004970       .1
 0002:00004A54       .1
 0002:00004F50       .1
 0002:00004AC4       .1
 0002:00004A5C       .1
 0002:00004B40       .1
 0002:00004D14       .1
 0002:00004C14       .1
 0002:00004CA4       .1
 0002:00004A6C       .1
 0002:00004A60       .1
 0002:00004840       .1
 0002:00004A78       .11
 0002:00004EFC       .11
 0002:00004C70       .11
 0002:00004AB0       .12
 0002:00004898       .12
 0002:00004F0C       .2
 0002:00004F84       .2
 0002:00004F54       .2
 0002:00005004       .2
 0002:00004FAC       .2
 0002:00004F8C       .2
 0002:00004C0C       .2
 0002:00004C68       .2
 0002:00004F60       .2
 0002:00004F20       .2
 0002:00004C64       .2
 0002:00004ABC       .2
 0002:00004FB4       .2
 0002:00004F08       .2
 0002:00005570       .2
 0002:00004F9C       .2
 0002:00004940       .2
 0002:00004FA4       .2
 0002:00004F30       .2
 0002:00004F2C       .2
 0002:00004F38       .2
 0002:000048F4       .2
 0002:00004F40       .2
 0002:00004B28       .2
 0002:00004F94       .2
 0002:000048F8       .21
 0002:00004C6C       .22
 0002:00004CB4       .22
 0002:00004C80       .3
 0002:00004F7C       .3
 0002:00004BD0       .3
 0002:00004678       .3
 0002:00004F10       .3
 0002:00004EEC       .3
 0002:00004F68       .3
 0002:00004C1C       .3
 0002:00004848       .3
 0002:0000494C       .3
 0002:00004F34       .3
 0002:00004948       .3
 0002:00004AF8       .3
 0002:00004F24       .3
 0002:00004ED8       .3
 0002:00004EF0       .3
 0002:00004F3C       .31
 0002:00004794       .35
 0002:00004C54       .36
 0002:00004B18       .36
 0002:00004A58       .4
 0002:00004AC8       .4
 0002:00004F4C       .4
 0002:00004C5C       .4
 0002:00004F58       .4
 0002:00004F5C       .4
 0002:00004F1C       .4
 0002:00004F70       .4
 0002:00004BF4       .41
 0002:00004C24       .41
 0002:00004B30       .42
 0002:00004858       .45
 0002:00005568       .5
 0002:000045BC       .5
 0002:00004D0C       .5
 0002:00004B00       .5
 0002:000047FC       .5
 0002:00004F44       .5
 0002:00004C60       .5
 0002:00004F78       .51
 0002:00004EE8       .6
 0002:00004984       .6
 0002:00004844       .6
 0002:00004D10       .64
 0002:00004B54       .72
 0002:00004B08       .72
 0002:00004B34       .73
 0002:00004BCC       .8
 0002:00004AFC       .8
 0002:00004B14       .8
 0002:00004F74       .81
 0002:00004820       .81
 0002:00004F18       .9
 0002:00004BE4       .9
 0002:00004C74       .9
 0001:00001BCC       @AbstractError
 0001:000045BC       @AddRefArray
 0001:00004574       @AddRefRecord
 0001:00002EC8       @AfterConstruction
 0001:00001C58       @Append
 0001:00002CBC       @AsClass
 0001:00001EBC       @Assign
 0001:000020B8       @AStrCmp
 0001:00002ED8       @BeforeDestruction
 0001:00002A44       @BoundErr
 0001:00002D08       @CallDynaInst
 0001:00002E70       @ClassCreate
 0001:00002EC0       @ClassDestroy
 0001:00001F84       @Close
 0001:00001960       @Copy
 0001:000047B0       @CopyArray
 0001:00004694       @CopyRecord
 0001:0000491C       @DispCallByIDError
 0001:00010418       @DispInvoke
 0001:00010110       @DispInvokeError
 0001:000048B8       @Dispose
 0001:00003354       @DoneExcept
 0001:000050F0       @DynArrayAddRef
 0001:000050C8       @DynArrayAsg
 0001:0000508C       @DynArrayClear
 0001:00004F78       @DynArrayCopy
 0001:00004F98       @DynArrayCopyRange
 0001:00004DB8       @DynArrayHigh
 0001:00004DB0       @DynArrayLength
 0001:00004F6C       @DynArraySetLength
 0001:00002128       @EofText
 0001:0000343C       @ExceptionHandler
 0001:00002160       @FillChar
 0001:00004568       @Finalize
 0001:0000447C       @FinalizeArray
 0001:00004430       @FinalizeRecord
 0001:00002D20       @FindDynaInst
 0001:00001F78       @Flush
 0001:00002A38       @FpuInit
 0001:00002974       @FpuMaskInit
 0001:00001B78       @FRAC
 0001:000017E8       @FreeMem
 0001:000017C8       @GetMem
 0001:00005E74       @GetTls
 0001:00003884       @Halt
 0001:000037AC       @Halt0
 0001:00002FEC       @HandleAnyException
 0001:000032A0       @HandleFinally
 0001:00003118       @HandleOnException
 0001:00005EC0       @InitExe
 0001:00004424       @Initialize
 0001:00004390       @InitializeArray
 0001:00004360       @InitializeRecord
 0001:00003670       @InitImports
 0001:00003648       @InitResStringImports
 0001:00003624       @InitResStrings
 0001:000057B8       @IntfAddRef
 0001:00005788       @IntfCast
 0001:00005744       @IntfClear
 0001:0000575C       @IntfCopy
 0001:00002A4C       @IntOver
 0001:00002C98       @IsClass
 0001:00002944       @isNECWindows
 0001:00003DD0       @LStrAddRef
 0001:00003944       @LStrArrayClr
 0001:00003974       @LStrAsg
 0001:00003BE8       @LStrCat
 0001:00003C2C       @LStrCat3
 0001:00003CA0       @LStrCatN
 0001:00003920       @LStrClr
 0001:00003D2C       @LStrCmp
 0001:00003E40       @LStrCopy
 0001:00003E80       @LStrDelete
 0001:00003B90       @LStrFromArray
 0001:00003B08       @LStrFromChar
 0001:00003B18       @LStrFromPChar
 0001:00003A10       @LStrFromPCharLen
 0001:00003B48       @LStrFromPWChar
 0001:00003A7C       @LStrFromPWCharLen
 0001:00003B84       @LStrFromString
 0001:00003BA8       @LStrFromWStr
 0001:00003EC8       @LStrInsert
 0001:000039B8       @LStrLAsg
 0001:00003BE0       @LStrLen
 0001:00003FD0       @LStrOfChar
 0001:00003F24       @LStrPos
 0001:00003F6C       @LStrSetLength
 0001:00003DE0       @LStrToPChar
 0001:00003BBC       @LStrToString
 0001:000048A4       @New
 0001:000039E4       @NewAnsiString
 0001:0000402C       @NewWideString
 0001:00014964       @OleVarFromInt
 0001:00014C68       @OleVarFromLStr
 0001:00014D24       @OleVarFromVar
 0001:00002658       @Pow10
 0001:00002034       @PStrCmp
 0001:0000200C       @PStrCpy
 0001:00001FDC       @PStrNCat
 0001:00002018       @PStrNCpy
 0001:00003300       @RaiseAgain
 0001:000032D8       @RaiseExcept
 0001:000021BC       @ReadChar
 0001:00002320       @ReadLn
 0001:000022B4       @ReadLString
 0001:000022A8       @ReadString
 0001:00001808       @ReallocMem
 0001:00001C40       @ResetText
 0001:00001C4C       @RewritText
 0001:00001B9C       @ROUND
 0001:00003890       @RunError
 0001:0000261C       @SetEq
 0001:00002630       @SetExpand
 0001:00001B50       @SetLength
 0001:000035E4       @StartExe
 0001:00004B64       @Str0Int64
 0001:000023B0       @Str0Long
 0001:00004AA4       @StrInt64
 0001:000003A8       @strlen
 0001:00002350       @StrLong
 0001:00001BA8       @TRUNC
 0001:00003384       @TryFinallyExit
 0001:00003E38       @UniqueStringA
 0001:00004B80       @ValInt64
 0001:000023BC       @ValLong
 0001:000045A4       @VarAddRef
 0001:00016A70       @VarAddRef
 0001:0001726C       @VarArrayGet
 0001:0001735C       @VarArrayPut
 0001:00010D6C       @VarCast
 0001:000103FC       @VarClear
 0001:00004464       @VarClr
 0001:00010410       @VarClr
 0001:00018B20       @VarCmpEQ
 0001:00018B70       @VarCmpGE
 0001:00018B60       @VarCmpGT
 0001:00018B50       @VarCmpLE
 0001:00018B40       @VarCmpLT
 0001:00018B30       @VarCmpNE
 0001:00010828       @VarCopy
 0001:0000467C       @VarCopy
 0001:00010AA8       @VarCopyNoInd
 0001:00014AF8       @VarFromBool
 0001:00014984       @VarFromByte
 0001:00014B48       @VarFromCurr
 0001:00014AA0       @VarFromCurrency
 0001:00014ACC       @VarFromDate
 0001:00014C3C       @VarFromDisp
 0001:00014A74       @VarFromDouble
 0001:00014908       @VarFromInt
 0001:00014A24       @VarFromInt64
 0001:00014944       @VarFromInteger
 0001:00014C10       @VarFromIntf
 0001:000149C4       @VarFromLongWord
 0001:00014B5C       @VarFromLStr
 0001:00014B88       @VarFromPStr
 0001:00014B20       @VarFromReal
 0001:000149E4       @VarFromShortInt
 0001:00014A50       @VarFromSingle
 0001:00014A04       @VarFromSmallInt
 0001:00014B34       @VarFromTDateTime
 0001:000149A4       @VarFromWord
 0001:00014BD8       @VarFromWStr
 0001:00018B14       @VarMul
 0001:000167F0       @VarNot
 0001:00010164       @VarNull
 0001:00015C84       @VarOp
 0001:00010ABC       @VarStringToOleStr
 0001:00012538       @VarToBool
 0001:000121F0       @VarToBoolean
 0001:00011630       @VarToByte
 0001:000133DC       @VarToCurrency
 0001:00012E74       @VarToDate
 0001:0001485C       @VarToDisp
 0001:00012704       @VarToDouble
 0001:00011BF4       @VarToInt64
 0001:00011130       @VarToInteger
 0001:00014790       @VarToIntf
 0001:000118A8       @VarToLongWord
 0001:00013A90       @VarToLStr
 0001:00012A80       @VarToReal
 0001:00011580       @VarToShortInt
 0001:00012A9C       @VarToSingle
 0001:000116D8       @VarToSmallInt
 0001:000117D0       @VarToWord
 0001:000141B8       @VarToWStr
 0001:00003FFC       @Write0LString
 0001:000024D4       @WriteBytes
 0001:000025A4       @WriteLn
 0001:00004004       @WriteLString
 0001:00002528       @WriteSpaces
 0001:00004340       @WStrAddRef
 0001:0000406C       @WStrArrayClr
 0001:00004090       @WStrAsg
 0001:000041CC       @WStrCat
 0001:00004054       @WStrClr
 0001:0000422C       @WStrCmp
 0001:000042B0       @WStrCopy
 0001:000041A0       @WStrFromLStr
 0001:000040B4       @WStrFromPCharLen
 0001:00004164       @WStrFromPWChar
 0001:00004140       @WStrFromPWCharLen
 0001:000041C0       @WStrLen
 0001:000042FC       @WStrSetLength
 0001:000041B0       @WStrToPWChar
 0001:000025F8       @_CLenToPasStr
 0001:000025EC       @_CToPasStr
 0001:00001930       @_IOTest
 0001:0000496C       @_lldiv
 0001:000049E8       @_llmod
 0001:00004924       @_llmul
 0001:00004948       @_llmulo
 0001:00004A64       @_llshl
 0001:00004A84       @_llushr
 0001:0000C7AC       Abort
 0001:00033240       AbortProc
 0001:0005B384       AbsMin
 0001:0000CB78       AbstractErrorHandler
 0002:0000402C       AbstractErrorProc
 0002:00004D1C       accept
 0002:00004ECC       AcceptEx
 0002:00000144       AccessMode
 0001:00001898       AcquireExceptionObject
 0001:0001D0C8       ActivateClassGroup
 0001:00006668       ActivateKeyboardLayout
 0002:00004B88       ActiveDrag
 0001:0001A834       ActiveX
 0001:0006AA34       ActnList
 0001:000004D4       AddBlockAfter
 0001:00082038       AddChars
 0001:000850E0       AddCurrency
 0001:000848B0       AddCurrencySymbol
 0002:00000618       AddDataModule
 0001:000841BC       AddDigit
 0001:00007F58       AddExitProc
 0001:000B79D4       AddField
 0001:0008DDA8       AddFieldDefs
 0001:0008E004       AddFields
 0001:000B16A0       AddFields
 0001:000CE1D8       AddFieldToList
 0001:00020EDC       AddFinished
 0001:0006E230       AddIn
 0001:000853D0       AddLiterals
 0001:000C24E4       AddMessage
 0001:000055E8       AddModuleUnloadProc
 0001:000055D8       AddModuleUnloadProc
 0001:00084990       AddNegCurrencySymbol
 0001:00083724       AddNormalizedFractions
 0001:00020F14       AddNotFinished
 0001:000841A0       AddOneChar
 0001:000820F4       AddStrings
 0001:00021938       AddSubComponentsToLoaded
 0001:00025F34       AddThread
 0002:00001388       AdjustAmt
 0002:00001390       AdjustAmt
 0002:000013A0       AdjustAmt
 0002:00001398       AdjustAmt
 0001:0002BEAC       AdjustColor
 0001:0003AE34       AdjustColors
 0001:00082B50       AdjustDecimalPosition
 0001:0009A5B0       AdjustFirstRecord
 0001:00008384       AdjustLineBreaks
 0001:0007530C       Adjustment
 0001:00083A7C       AdjustNibbles
 0001:000D8F54       AdjustStreamSize
 0001:00006670       AdjustWindowRectEx
 0002:00002AE0       AgentSelf
 0001:0000DFC4       AL1
 0002:00000314       AL1s
 0001:0000DFD4       AL2
 0002:00000324       AL2s
 0002:000016BC       AlignFlags
 0002:00000FD8       Alignments
 0002:0000122C       Alignments
 0002:00000F74       Alignments
 0002:00000ECC       Alignments
 0002:00000B2C       Alignments
 0002:0000121C       Alignments
 0002:00000E8C       Alignments
 0002:00000F64       Alignments
 0002:00000D98       AlignStyles
 0001:00060B4C       AlignWork
 0001:0007C204       AlignWork
 0001:00027D3C       AllocateHWnd
 0001:000364B0       AllocFilterStr
 0001:00007F0C       AllocMem
 0002:000045B4       AllocMemCount
 0002:000045B8       AllocMemSize
 0001:000311D0       AllocPatternBitmap
 0001:00005E1C       AllocTlsBuffer
 0001:0000E004       ALR
 0001:0000DFEC       ALV
 0001:00024698       AncestorIsValid
 0002:00001008       AnchorAlign
 0002:00000FFC       AnimateWindowProc
 0002:00001104       AnimationStyle
 0001:00008138       AnsiCompareStr
 0001:00008170       AnsiCompareText
 0001:0003D050       AnsiContainsText
 0001:00008284       AnsiExtractQuotedStr
 0001:00008C18       AnsiLastChar
 0001:00006678       AnsiLower
 0001:00008104       AnsiLowerCase
 0001:0000D5A8       AnsiLowerCaseFileName
 0001:0000D570       AnsiPos
 0001:00072B08       AnsiSameCaption
 0001:000081A8       AnsiSameText
 0001:000081C0       AnsiStrIComp
 0001:000081E0       AnsiStrLIComp
 0001:0000D6C0       AnsiStrPos
 0001:0000D760       AnsiStrRScan
 0001:0000D788       AnsiStrScan
 0001:000C20DC       AnsiToNative
 0001:000C2168       AnsiToNativeBuf
 0001:00005BB8       AnsiToUtf8
 0001:000080D0       AnsiUpperCase
 0001:0000D634       AnsiUpperCaseFileName
 0001:00015298       AnyOp
 0001:00014718       AnyToIntf
 0001:0000AA00       AppendChars
 0001:0000ADC4       AppendFormat
 0001:0000AA64       AppendNumber
 0001:0000AA44       AppendString
 0002:00004BEC       Application
 0002:00000628       ApplicationHandleException
 0001:000C1908       ApplicationHandleException
 0002:00000630       ApplicationShowException
 0002:00001358       AppVisible
 0002:00001660       ArrowKey
 0001:0000CB5C       AssertErrorHandler
 0002:00004024       AssertErrorProc
 0001:000CD304       AssignFields
 0001:00019E10       AssignLongStr
 0001:0001A48C       AssignVariant
 0002:00004F04       ATempPath
 0001:0008E8BC       AttributeSetStored
 0002:0000460C       avail
 0001:00008E70       BackfillGetDiskFreeSpaceEx
 0001:0005DF18       BackgroundClipped
 0002:00002AD8       BackToFtp
 0001:0000EE30       BackupVarBoolFromStr
 0001:0000EF90       BackupVarBStrFromBool
 0001:0000EEB0       BackupVarBStrFromCy
 0001:0000EF20       BackupVarBStrFromDate
 0001:0000EDC4       BackupVarCyFromStr
 0001:0000ED58       BackupVarDateFromStr
 0001:0000EC14       BackupVarI4FromStr
 0001:0000EBC0       BackupVariantChangeTypeEx
 0001:0000EC80       BackupVarR4FromStr
 0001:0000ECEC       BackupVarR8FromStr
 0002:00004F90       BalansForm
 0001:000EDE5C       BalansUnit
 0002:00002ABC       BaseDir
 0002:00001638       BaseFieldTypes
 0002:00002AC0       BaseRezDir
 0002:00002AC4       BaseRezDir1
 0002:0000045C       BaseTypeMap
 0001:00084050       BcdAdd
 0001:00083C2C       BcdCompare
 0001:00084D20       BcdCurrencyFormat
 0001:00083FE4       BcdDivide
 0001:00083E94       BcdDivide
 0001:0008120C       BcdError
 0001:0008119C       BcdErrorFmt
 0001:000846D0       BcdFixedOrNumberFormat
 0001:0008466C       BcdGeneralFormat
 0001:00083D30       BcdMultiply
 0001:00083E28       BcdMultiply
 0001:000844C4       BcdScale
 0001:00084684       BcdScientificFormat
 0001:00083CF4       BcdSubtract
 0001:000845C0       BCDToCurr
 0001:00081C0C       BcdToDouble
 0001:00084380       BcdToStr
 0001:00084E0C       BcdToStrF
 0001:000BEF18       BDE
 0001:000C1EE8       BdeCallBack
 0001:000BF098       bdeconst
 0002:00004D00       BDEInitProcs
 0001:0000D150       Beep
 0001:00006680       BeginDeferWindowPos
 0001:0001D49C       BeginGlobalLoading
 0001:00006688       BeginPaint
 0001:000038D4       BeginThread
 0001:0002BEB8       BetterSize
 0001:0003A724       BevelLine
 0001:0003A634       BevelRect
 0001:0006F0A4       BiDiDraw
 0002:00004D20       bind
 0001:00025E20       BinToHex
 0001:000063E0       BitBlt
 0002:00000CDC       BitBtnCaptions
 0002:00004ACC       BitBtnGlyphs
 0002:00000D08       BitBtnModalResults
 0002:00000CB0       BitBtnResNames
 0002:000009B4       BitmapCanvasList
 0002:000048B0       BitmapImageLock
 0001:0000EBFC       BiUnimplemented
 0001:000829EC       BlankArgument
 0002:000023EC       BlobTypeMap
 0002:000006D0       BlockCode
 0002:000045E4       blockDescBlockList
 0002:000045E8       blockDescFreeList
 0002:000005FC       BooleanIdents
 0002:00000458       BooleanToStringRule
 0002:000016E8       BoolFalse
 0001:00008908       BoolToStr
 0001:00013818       BoolToWStrViaOS
 0002:00000FF0       Borders
 0002:00000E84       BorderStyles
 0002:00000B24       BorderStyles
 0001:00005F78       Bounds
 0001:0001C3E0       Bounds
 0002:000011C4       Breaks
 0002:000048E8       BrushManager
 0002:0000168C       BtnHintId
 0002:00001664       BtnTypeName
 0001:0008CA68       BuffersEqual
 0001:00099C7C       BufferToByteArray
 0001:000A6830       Build
 0001:0007191C       BuildImage
 0002:00000ACC       ButtonCaptions
 0002:00000D38       ButtonCount
 0002:00000AA0       ButtonNames
 0002:00001240       Buttons
 0001:000408F4       Buttons
 0002:00000F5C       ButtonStyles
 0002:00004A84       ButtonWidths
 0001:00099D30       ByteArrayToBuffer
 0001:000D30D4       ByteIsOk
 0001:0002B698       BytesPerScanline
 0001:0002B9F0       ByteSwapColors
 0001:0000D234       ByteToCharIndex
 0001:0000D20C       ByteToCharLen
 0001:0000D1D0       ByteType
 0001:0000D158       ByteTypeTest
 0002:00004BD4       CachedComCtrlVer
 0001:000A99E4       CalcAxis
 0001:000A8CBC       CalcAxis
 0001:000A8F00       CalcAxisState
 0001:000A8D48       CalcFixedAxis
 0001:00027C78       CalcJmpOffset
 0001:000A8E5C       CalcMaxCell
 0001:000AAE90       CalcPageExtents
 0001:00084FD0       CalcPrecisionAndDigits
 0001:000AA78C       CalcScroll
 0001:000A9DF4       CalcScrollBar
 0001:000AAAF0       CalcSizeInfo
 0001:0006899C       CalcSplitterPos
 0001:00094718       CalcTotalSize
 0001:0008E8FC       CalculatedStored
 0001:00006690       CallNextHookEx
 0001:0000DF88       CallTerminateProcs
 0001:00006698       CallWindowProc
 0001:000C7FCC       CanBlockRead
 0001:0005C3BC       CancelDrag
 0001:0009B424       CancelNestedDataSets
 0001:0008297C       CanUseShort
 0002:000048EC       CanvasList
 0002:00004B9C       CanvasList
 0002:00000A78       Captions
 0002:000010C0       CaptureControl
 0001:000A6E40       CaretPos
 0002:00001164       cBooleanToItemAutoFlag
 0002:00000508       CBooleanToRelationship
 0002:00002430       CBRetCode
 0001:00035DC0       CenterWindow
 0002:00004ABA       CF_COMPONENT
 0002:00004AB8       CF_PICTURE
 0002:00004818       ChangeAnyProc
 0001:0005A8E8       ChangeBiDiModeAlignment
 0001:00008C98       ChangeFileExt
 0002:00000EAC       CharCases
 0002:00000F10       CharCases
 0001:00003A40       CharFromWChar
 0001:0000D408       CharLength
 0001:000066A0       CharLowerBuff
 0001:00000310       CharNext
 0001:000066A8       CharNext
 0001:00029D7C       CharsetToIdent
 0001:0000D31C       CharToByteIndex
 0001:0000D380       CharToByteLen
 0001:000066B0       CharToOem
 0001:000066B8       CharToOemA
 0001:000066C0       CharToOemBuff
 0001:000066C8       CharUpperBuff
 0001:000C2480       Check
 0001:0002C480       CheckBool
 0001:00044EEC       CheckCommonControl
 0001:000B44DC       CheckForPassthroughs
 0001:000C9EA8       CheckIfParentScrolled
 0001:000C1644       CheckIndexOpen
 0001:00002F68       CheckJmp
 0001:000066D0       CheckMenuItem
 0001:0009A19C       CheckNestedBrowseMode
 0002:000011B4       Checks
 0001:00080D88       CheckSqlTimeStamp
 0001:00021974       CheckSubComponents
 0001:00025F4C       CheckSynchronize
 0001:00074D40       CheckTaskWindow
 0001:00015274       CheckType
 0001:0005C070       CheckUndock
 0001:0000D044       CheckWin32Version
 0002:00000474       CInvalidCustomVariantType
 0002:00001168       cItemAutoFlagToBoolean
 0002:00001160       cItemAutoFlagToMenu
 0001:00027EC8       Classes
 0001:00085E28       ClassIDToProgID
 0001:0001CE8C       ClassNotFound
 0002:0000234C       Class_SMClient
 0002:00004814       ClearAnyProc
 0001:0002960C       ClearColor
 0001:00086828       ClearExcepInfo
 0001:000B3B28       ClearSelection
 0001:00017D94       ClearVariantTypeList
 0001:000066D8       ClientToScreen
 0001:00065F40       ClientToWindow
 0001:0003CF0C       Clipboard
 0002:000009AC       ClipboardFormats
 0001:0003CFF8       Clipbrd
 0001:000066E0       CloseClipboard
 0001:000060C0       CloseHandle
 0001:000002B0       CloseHandle
 0001:000330DC       ClosePrinter
 0002:00004D24       closesocket
 0002:0000498C       CloseThemeData
 0001:0001A7D0       CLSIDFromProgID
 0002:00004040       CmdLine
 0002:0000403C       CmdShow
 0002:0000115C       cMenuAutoFlagToItem
 0002:00000514       CmpTypeMap
 0001:0000EC08       CmpUnimplemented
 0002:00001418       CoAddRefServerProcess
 0001:0001A7B8       CoCreateInstance
 0002:00001410       CoCreateInstanceEx
 0002:00001428       CoInitFlags
 0001:0001A7A8       CoInitialize
 0002:00001414       CoInitializeEx
 0001:0001D758       CollectionsEqual
 0002:00000DDC       ColorIndex
 0002:0000072C       Colors
 0001:00029B74       ColorToIdent
 0002:00000B38       ColorToPretyName
 0001:00029B64       ColorToRGB
 0002:00000EFC       ComboBoxStyles
 0002:00004C2C       ComClassManagerVar
 0001:00085A40       ComConst
 0002:00004900       ComCtl32DLL
 0002:00004B24       ComCtlVersion
 0001:00049F00       ComCtrls
 0002:00004BE8       CommandPool
 0001:0003191C       CommCtrl
 0001:00035234       CommDlg
 0001:000007B4       Commit
 0002:00004628       committedRoot
 0001:00086AF0       ComObj
 0001:000839FC       CompactBcd
 0001:0007FC88       CompareDateTime
 0001:00081DD8       CompareDigits
 0001:000A6B9C       CompareExtents
 0001:0006D814       CompareFront
 0001:00008038       CompareMem
 0001:000837DC       CompareNormalizedFractions
 0001:00008008       CompareStr
 0001:000060C8       CompareString
 0001:00008058       CompareText
 0001:00008830       CompareWith
 0001:00021A54       ComponentCreated
 0001:0002C250       ComputeAldusChecksum
 0001:0003C9AC       ComStrs
 0001:000CB954       ConcatField
 0002:00004D28       connect
 0001:000D7874       ConnectTimeout
 0001:000282AC       Consts
 0001:000316D0       Contnrs
 0002:00004B5A       ControlAtom
 0002:00004B60       ControlAtomString
 0001:00079AD4       ControlHasHelp
 0001:0006973C       Controls
 0002:0000065C       Convert
 0002:0000064C       Convert
 0001:0000C54C       ConvertAddr
 0001:0000AB54       ConvertEraString
 0001:00007ED0       ConvertError
 0001:00007EE8       ConvertErrorFmt
 0001:0000ACBC       ConvertYearString
 0001:00004DC0       CopyArray
 0001:0002E760       CopyBitmap
 0001:0002EE28       CopyBitmapAsMask
 0001:00084658       CopyByte
 0001:00036CA4       CopyData
 0001:000063E8       CopyEnhMetaFile
 0001:000060D0       CopyFile
 0001:0003FC6C       CopyImage
 0001:000406A4       CopyImage
 0001:0002EDC4       CopyPalette
 0002:00000E20       Copyright
 0001:00070904       CopyToBest
 0002:0000141C       CoReleaseServerProcess
 0002:00001420       CoResumeClassObjects
 0002:00001424       CoSuspendClassObjects
 0001:0001A7D8       CoTaskMemFree
 0001:0001A7B0       CoUninitialize
 0001:0000D28C       CountChars
 0002:000048C8       CounterLock
 0002:00000478       CRangeToType
 0001:0000CAA0       CreateAssertException
 0001:0000CC28       CreateAVObject
 0001:000063F0       CreateBitmap
 0001:000063F8       CreateBrushIndirect
 0001:00085E54       CreateComObject
 0001:00006400       CreateCompatibleBitmap
 0001:00006408       CreateCompatibleDC
 0001:00021AD4       CreateComponent
 0001:00006410       CreateDC
 0001:00006420       CreateDIBitmap
 0001:00006418       CreateDIBSection
 0001:00008F50       CreateDir
 0001:000060D8       CreateDirectory
 0001:000060E0       CreateEvent
 0001:000060E8       CreateFile
 0001:000002B8       CreateFileA
 0001:00006428       CreateFontIndirect
 0001:00006430       CreateHalftonePalette
 0001:00006438       CreateIC
 0001:000066E8       CreateIcon
 0001:0000C9CC       CreateInOutError
 0001:000066F0       CreateMenu
 0001:00037648       CreateMessageDialog
 0001:000060F8       CreateMutexA
 0001:00085FF0       CreateOleObject
 0001:00006440       CreatePalette
 0001:00006448       CreatePenIndirect
 0001:000066F8       CreatePopupMenu
 0001:00085E8C       CreateRemoteComObject
 0001:00006450       CreateSolidBrush
 0001:0002BA48       CreateSystemPalette
 0001:00006118       CreateThread
 0001:00000318       CreateThread
 0001:00006D28       CreateWindow
 0001:00006CD0       CreateWindowEx
 0002:00000A08       CreationControl
 0002:00001000       CreationControl
 0002:000005E8       CRelationshipToBoolean
 0002:0000043C       CResult
 0002:00004CE8       CSAnsiToNative
 0002:00000FC8       CSHREDRAW
 0002:0000013C       cSimpleBoolStrs
 0002:00004CD0       CSNativeToAnsi
 0002:00000590       CText
 0002:000010FC       Ctl3DStyles
 0002:00000F54       Ctl3DStyles
 0001:000A6E0C       Ctrl
 0002:00004620       curAlloc
 0001:00015F84       CurrCompare
 0002:0000468C       CurrencyDecimals
 0002:00004688       CurrencyFormat
 0002:00004684       CurrencyString
 0001:0000A9EC       CurrentYear
 0001:00015880       CurrOp
 0001:00084534       CurrToBCD
 0001:0000A0E0       CurrToStr
 0001:0000A148       CurrToStrF
 0001:000137A8       CurrToWStrViaOS
 0002:000012DC       CursorMap
 0002:00001010       Cursors
 0001:0005AC08       CursorToIdent
 0002:000012CC       cUseAlpha
 0002:000012D4       cUseColorKey
 0002:00000334       CVarTypeToElementInfo
 0001:00008550       CvtInt
 0001:000085BC       CvtInt64
 0002:0000017C       CWNear
 0002:00001404       CWNear
 0002:00000FD0       Data
 0001:0008C8D4       DatabaseError
 0001:0008C980       DatabaseErrorFmt
 0002:0000247C       DataType
 0002:000023D0       DataTypeMap
 0001:0000A8B4       Date
 0001:00015F5C       DateCompare
 0001:000153B8       DateOp
 0002:0000468D       DateSeparator
 0001:00099C34       DateTimeToNative
 0001:00080CB8       DateTimeToSQLTimeStamp
 0001:0000B604       DateTimeToStr
 0001:0000B578       DateTimeToString
 0001:0000A7DC       DateTimeToSystemTime
 0001:0000A338       DateTimeToTimeStamp
 0001:000318DC       DateTime_GetMonthCal
 0001:000318C0       DateTime_SetMonthCalColor
 0001:000318A4       DateTime_SetRange
 0001:00031888       DateTime_SetSystemTime
 0001:0000B5D4       DateToStr
 0001:000137E0       DateToWStrViaOS
 0001:0007FCF8       DateUtils
 0001:0000A88C       DayOfWeek
 0001:0007FC24       DaysInAMonth
 0001:0009C370       DB
 0002:00004C50       DBApplication
 0001:0009C4E4       dbcgrids
 0001:000BB214       DBCommon
 0001:0007FF70       DBConsts
 0001:000A5F4C       DBCtrls
 0001:000B6EB8       DBGrids
 0001:000BD92E       DbiAcqPersistTableLock
 0001:000BD940       DbiAcqTableLock
 0001:000BD23E       DbiActivateFilter
 0001:000BCB96       DbiAddAlias
 0001:000BCB00       DbiAddDriver
 0001:000BD24A       DbiAddFilter
 0001:000BD766       DbiAddIndex
 0001:000BD8F2       DbiAddPassword
 0001:000BCE18       DbiAnsiToNative
 0001:000BD70C       DbiAppendRecord
 0001:000BCC44       DbiApplyDelayedUpdates
 0001:000BD22C       DbiBatchMove
 0001:000BCDE8       DbiBcdFromFloat
 0001:000BCDEE       DbiBcdToFloat
 0001:000BCA94       DbiBeginConstraintLayer
 0001:000BCC50       DbiBeginDelayedUpdates
 0001:000BD97C       DbiBeginLinkMode
 0001:000BD21A       DbiBeginTran
 0001:000BD610       DbiCfgAddRecord
 0001:000BD628       DbiCfgBuildPath
 0001:000BD604       DbiCfgDropRecord
 0001:000BD5F8       DbiCfgGetHelp
 0001:000BD61C       DbiCfgGetNextNode
 0001:000BD616       DbiCfgGetRecord
 0001:000BD5F2       DbiCfgMerge
 0001:000BD60A       DbiCfgModifyRecord
 0001:000BD622       DbiCfgPosition
 0001:000BD62E       DbiCfgSave
 0001:000BD5FE       DbiCfgTranslate
 0001:000BD6A0       DbiCheckRefresh
 0001:000BCA7C       DbiCheckSQLExpression
 0001:000BD796       DbiCloneCursor
 0001:000BCE36       DbiCloseConfigFile
 0001:000BDA42       DbiCloseCursor
 0001:000BDA5A       DbiCloseDatabase
 0001:000BCD9A       DbiCloseFieldXlt
 0001:000BD7C0       DbiCloseIndex
 0001:000BD8F8       DbiCloseSession
 0001:000BD79C       DbiCompareBookMarks
 0001:000BD706       DbiCompareKeys
 0001:000BD778       DbiCopyTable
 0001:000BD98E       DbiCreateInMemTable
 0001:000BD77E       DbiCreateTable
 0001:000BD6DC       DbiCreateTempTable
 0001:000BCA64       DbiDatabaseFlush
 0001:000BD7CC       DbiDateDecode
 0001:000BD7D2       DbiDateEncode
 0001:000BD238       DbiDeactivateFilter
 0001:000BD5C8       DbiDebugLayerOptions
 0001:000BCB7E       DbiDeleteAlias
 0001:000BCAFA       DbiDeleteDriver
 0001:000BD760       DbiDeleteIndex
 0001:000BDA00       DbiDeleteRecord
 0001:000BD76C       DbiDeleteTable
 0001:000BEE81       DbiDLLExit
 0001:000BD748       DbiDoRestructure
 0001:000BCB24       DbiDRAdd
 0001:000BCC1A       DbiDRAddAttr
 0001:000BCC32       DbiDRClose
 0001:000BCBB4       DbiDRCreate
 0001:000BCB78       DbiDRCreateEnumAttrDomain
 0001:000BCC20       DbiDRCreateObjectType
 0001:000BCC0E       DbiDRCreateRelationType
 0001:000BCBAE       DbiDRDelete
 0001:000BCB6C       DbiDRDeleteEnumAttrDomain
 0001:000BCC02       DbiDRDeleteObjectType
 0001:000BCC08       DbiDRDeleteRelationType
 0001:000BCB1E       DbiDRDrop
 0001:000BCC14       DbiDRDropAttr
 0001:000BCC26       DbiDRExportToFile
 0001:000BCBE4       DbiDRGetAttrDescs
 0001:000BCC3E       DbiDRGetDesc
 0001:000BCB66       DbiDRGetEnumAttrDomain
 0001:000BCBCC       DbiDRGetObjID
 0001:000BCBEA       DbiDRGetObjTypeInfo
 0001:000BCB2A       DbiDRGetRelatedObject
 0001:000BCBDE       DbiDRGetRelTypeInfo
 0001:000BCC2C       DbiDRImportFromFile
 0001:000BCBBA       DbiDRLoadDBObject
 0001:000BCB72       DbiDRModifyEnumAttrDomain
 0001:000BCC38       DbiDROpen
 0001:000BCBF6       DbiDROpenAttrTypeList
 0001:000BCBFC       DbiDROpenObjectTypeList
 0001:000BCBD8       DbiDROpenObjSet
 0001:000BCBD2       DbiDROpenRelSet
 0001:000BCBF0       DbiDROpenRelTypeList
 0001:000BD244       DbiDropFilter
 0001:000BD8EC       DbiDropPassword
 0001:000BCBC6       DbiDRSetToObjID
 0001:000BCBC0       DbiDRSetToObjName
 0001:000BD724       DbiEmptyTable
 0001:000BCA82       DbiEndConstraintLayer
 0001:000BCC4A       DbiEndDelayedUpdates
 0001:000BD976       DbiEndLinkMode
 0001:000BD214       DbiEndTran
 0001:000C2468       DbiError
 0001:000BEE01       DbiExit
 0001:000BD7AE       DbiExtractKey
 0001:000BD910       DbiForceRecordReread
 0001:000BD91C       DbiForceReread
 0001:000BD6D0       DbiFormFullName
 0001:000BD85C       DbiFreeBlob
 0001:000BCCEC       DbiFreeSQLRequest
 0001:000BD86E       DbiGetBlob
 0001:000BD856       DbiGetBlobHeading
 0001:000BD874       DbiGetBlobSize
 0001:000BD7A8       DbiGetBookMark
 0001:000BD69A       DbiGetCallBack
 0001:000BD26E       DbiGetClientInfo
 0001:000BD8FE       DbiGetCurrSession
 0001:000BD916       DbiGetCursorForTable
 0001:000BDA4E       DbiGetCursorProps
 0001:000BD8BC       DbiGetDatabaseDesc
 0001:000BD5EC       DbiGetDateFormat
 0001:000BCB42       DbiGetDefaultRepository
 0001:000BD9E2       DbiGetDirectory
 0001:000BD8C8       DbiGetDriverDesc
 0001:000BD6C4       DbiGetErrorContext
 0001:000BD6BE       DbiGetErrorEntry
 0001:000BD6F4       DbiGetErrorInfo
 0001:000BD6CA       DbiGetErrorString
 0001:000BD1C6       DbiGetExactRecordCount
 0001:000BD7DE       DbiGetField
 0001:000BDA48       DbiGetFieldDescs
 0001:000BD8A4       DbiGetFieldTypeDesc
 0001:000BCDAC       DbiGetFilterInfo
 0001:000BD7B4       DbiGetIndexDesc
 0001:000BCE2A       DbiGetIndexDescs
 0001:000BD75A       DbiGetIndexForField
 0001:000BD754       DbiGetIndexSeqNo
 0001:000BD898       DbiGetIndexTypeDesc
 0001:000BD256       DbiGetLdName
 0001:000BD1F6       DbiGetLdNameFromDb
 0001:000BD6E8       DbiGetLdObj
 0001:000BD964       DbiGetLinkStatus
 0001:000BD82C       DbiGetNetUserName
 0001:000BDA2A       DbiGetNextRecord
 0001:000BD5D4       DbiGetNumberFormat
 0001:000BCE06       DbiGetObjFromName
 0001:000BCDB8       DbiGetObjFromObj
 0001:000BDA24       DbiGetPriorRecord
 0001:000BCE12       DbiGetProp
 0001:000BDA1E       DbiGetRecord
 0001:000BDA12       DbiGetRecordCount
 0001:000BD700       DbiGetRecordForKey
 0001:000BDA18       DbiGetRelativeRecord
 0001:000BCD70       DbiGetRintDesc
 0001:000BD9FA       DbiGetSeqNo
 0001:000BD832       DbiGetSesInfo
 0001:000BCCF2       DbiGetSQLRequest
 0001:000BD844       DbiGetSysConfig
 0001:000BD83E       DbiGetSysInfo
 0001:000BD84A       DbiGetSysVersion
 0001:000BD880       DbiGetTableOpenCount
 0001:000BD8B0       DbiGetTableTypeDesc
 0001:000BD5E0       DbiGetTimeFormat
 0001:000BD20E       DbiGetTranInfo
 0001:000BCD76       DbiGetVchkDesc
 0001:000BCAF4       DbiImportODBC
 0001:000BB224       DbiInit
 0001:000BED06       DbiInitFn
 0001:000BD790       DbiInitRecord
 0001:000BDA0C       DbiInsertRecord
 0001:000BD95E       DbiIsRecordLocked
 0001:000BD958       DbiIsTableLocked
 0001:000BD952       DbiIsTableShared
 0001:000BD970       DbiLinkDetail
 0001:000BD94C       DbiLinkDetailToExp
 0001:000BD886       DbiLoadDriver
 0001:000BCE24       DbiMakePermanent
 0001:000BDA06       DbiModifyRecord
 0001:000BCE1E       DbiNativeToAnsi
 0001:000BD87A       DbiOpenBlob
 0001:000BCE42       DbiOpenCfgInfoList
 0001:000BCE3C       DbiOpenConfigFile
 0001:000BDA60       DbiOpenDatabase
 0001:000BD8C2       DbiOpenDatabaseList
 0001:000BD8CE       DbiOpenDriverList
 0001:000BD9AC       DbiOpenFamilyList
 0001:000BD9C4       DbiOpenFieldList
 0001:000BD8AA       DbiOpenFieldTypesList
 0001:000BCD88       DbiOpenFieldXlt
 0001:000BD9D0       DbiOpenFileList
 0001:000BCBA2       DbiOpenFunctionArgList
 0001:000BCBA8       DbiOpenFunctionList
 0001:000BD7C6       DbiOpenIndex
 0001:000BD9CA       DbiOpenIndexList
 0001:000BD89E       DbiOpenIndexTypesList
 0001:000BD9BE       DbiOpenLdList
 0001:000BD8E0       DbiOpenLockList
 0001:000BCA76       DbiOpenNestedTable
 0001:000BCA6A       DbiOpenRef
 0001:000BCB4E       DbiOpenRepositoryList
 0001:000BD9B2       DbiOpenRintList
 0001:000BD994       DbiOpenSecurityList
 0001:000BCB30       DbiOpenSessionRepository
 0001:000BCD16       DbiOpenSPList
 0001:000BCD10       DbiOpenSPParamList
 0001:000BDA54       DbiOpenTable
 0001:000BD9D6       DbiOpenTableList
 0001:000BD8B6       DbiOpenTableTypesList
 0001:000BD8E6       DbiOpenUserList
 0001:000BD9B8       DbiOpenVchkList
 0001:000BD72A       DbiPackTable
 0001:000BD868       DbiPutBlob
 0001:000BD7D8       DbiPutField
 0001:000BD7F0       DbiQAlloc
 0001:000BD808       DbiQExec
 0001:000BD814       DbiQExecDirect
 0001:000BCCFE       DbiQExecProcDirect
 0001:000BD7F6       DbiQFree
 0001:000BD7EA       DbiQGetBaseDescs
 0001:000BD7FC       DbiQInstantiateAnswer
 0001:000BD80E       DbiQPrepare
 0001:000BCCF8       DbiQPrepareExt
 0001:000BCD0A       DbiQPrepareProc
 0001:000BD802       DbiQSetParams
 0001:000BCD04       DbiQSetProcParams
 0001:000BD988       DbiReadBlock
 0001:000BD71E       DbiRegenIndex
 0001:000BD718       DbiRegenIndexes
 0001:000BD7E4       DbiRegisterCallBack
 0001:000BD928       DbiRelPersistTableLock
 0001:000BD934       DbiRelRecordLock
 0001:000BD93A       DbiRelTableLock
 0001:000BD772       DbiRenameTable
 0001:000BD9EE       DbiResetRange
 0001:000BD922       DbiSaveChanges
 0001:000BCB18       DbiSchemaCacheFlush
 0001:000BD904       DbiSetCurrSession
 0001:000BD5E6       DbiSetDateFormat
 0001:000BCB48       DbiSetDefaultRepository
 0001:000BD9DC       DbiSetDirectory
 0001:000BD6FA       DbiSetFieldMap
 0001:000BD8D4       DbiSetLockRetry
 0001:000BD5CE       DbiSetNumberFormat
 0001:000BD8DA       DbiSetPrivateDir
 0001:000BCE0C       DbiSetProp
 0001:000BD9F4       DbiSetRange
 0001:000BD5DA       DbiSetTimeFormat
 0001:000BDA3C       DbiSetToBegin
 0001:000BD7A2       DbiSetToBookMark
 0001:000BDA30       DbiSetToCursor
 0001:000BDA36       DbiSetToEnd
 0001:000BD9E8       DbiSetToKey
 0001:000BD74E       DbiSetToRecordNo
 0001:000BD78A       DbiSetToSeqNo
 0001:000BD208       DbiSortTable
 0001:000BCAA0       DbiSQLTextToCanEx
 0001:000BD90A       DbiStartSession
 0001:000BD7BA       DbiSwitchToIndex
 0001:000BD73C       DbiTimeDecode
 0001:000BD742       DbiTimeEncode
 0001:000BD730       DbiTimeStampDecode
 0001:000BD736       DbiTimeStampEncode
 0001:000BCDA0       DbiTranslateField
 0001:000BCDA6       DbiTranslateRecordStructure
 0001:000BD862       DbiTruncateBlob
 0001:000BD262       DbiUndeleteRecord
 0001:000BD96A       DbiUnlinkDetail
 0001:000BD6E2       DbiUseIdleTime
 0001:000BCD8E       DbiValidateProp
 0001:000BD784       DbiVerifyField
 0001:000BD982       DbiWriteBlock
 0001:0009F5A8       DBLogDlg
 0001:0009FB18       DBPWDlg
 0002:00004C4C       DBScreen
 0001:000CEB78       DBTables
 0001:000A1D48       DBUseRightToLeftAlignment
 0002:00000178       DCon10
 0002:00000728       DDBsOnly
 0001:00027DF0       DeallocateHWnd
 0002:00000028       DebugHook
 0002:0000468B       DecimalSeparator
 0001:00017604       DecIndices
 0001:0000A7BC       DecodeDate
 0001:0000A670       DecodeDateFully
 0001:0000A4E0       DecodeTime
 0001:00000848       Decommit
 0001:00000E64       DecommitFree
 0002:000045FC       decommittedRoot
 0001:0007775C       Default
 0001:0007CE2C       Default
 0002:00000020       Default8087CW
 0002:00001360       DefaultBlank
 0002:00001004       DefaultDockTreeClass
 0002:00001440       DefaultFieldClasses
 0001:000C163C       DefaultSession
 0002:00000034       DefaultTextLineBreakStyle
 0002:000045C0       DefaultUserCodePage
 0002:0000097C       DefBrushData
 0001:00006718       DeferWindowPos
 0002:000006FC       DefFontData
 0001:00006700       DefFrameProc
 0002:00000208       DefLongDayNames
 0002:000001BC       DefLongMonthNames
 0001:00006708       DefMDIChildProc
 0002:0000095C       DefPenData
 0002:000001EC       DefShortDayNames
 0002:0000018C       DefShortMonthNames
 0001:00006710       DefWindowProc
 0001:0000512C       DelayLoadResourceModule
 0001:00000504       DeleteBlock
 0001:00006120       DeleteCriticalSection
 0001:00000474       DeleteCriticalSection
 0001:00006458       DeleteDC
 0001:00006460       DeleteEnhMetaFile
 0001:00006128       DeleteFile
 0001:00008C00       DeleteFile
 0001:00000CAC       DeleteFree
 0001:00006720       DeleteMenu
 0001:00006468       DeleteObject
 0001:000B3F1C       DeletePrompt
 0001:00053CB8       DeleteSelectedText
 0001:0002E31C       DeselectBitmap
 0001:00006728       DestroyCursor
 0001:00006730       DestroyIcon
 0001:000407B4       DestroyLocals
 0001:00006738       DestroyMenu
 0001:00006740       DestroyWindow
 0002:00002B4C       DeystvName
 0001:00057E5C       DialogEnumerationTester
 0001:00035E74       DialogHook
 0001:00037EB8       Dialogs
 0002:000009B8       DIBPalSizes
 0002:00000090       dig
 0002:000016B8       Direction
 0001:00008AE8       DirectoryExists
 0001:00074B94       DisableTaskWindows
 0001:0008623C       DispatchInvoke
 0001:0008681C       DispatchInvokeError
 0001:00006748       DispatchMessage
 0001:0007ADB4       DispatchShortCut
 0001:00086838       DispCall
 0001:0008691C       DispCallByID
 0002:00004000       DispCallByIDProc
 0001:00086748       DispCallError
 0001:0008CA54       DisposeMem
 0001:00007EB4       DivMod
 0001:0003526C       Dlgs
 0001:000C1F08       DLLDetachCallBack
 0002:00004FB0       DM
 0001:00101008       DMUnit
 0001:000609DC       DoAlign
 0001:0007C0B8       DoAlign
 0001:000991E8       DoBindFields
 0001:000A8B54       DoCalc
 0001:00064C00       DoCalcConstraints
 0001:000A8BBC       DoCalcRightToLeft
 0001:000A9344       DoChange
 0002:00004B90       DockSiteList
 0001:000715E8       DoClick
 0001:000A7CC0       DoColWidths
 0001:00062120       DoControlMsg
 0001:000330E4       DocumentProperties
 0001:00074B44       DoDisableWindow
 0001:0005B99C       DoDragOver
 0001:00007F2C       DoExitProc
 0001:00066C70       DoFindControlZone
 0001:00074C80       DoFindWindow
 0001:000671FC       DoFindZone
 0001:00066CF4       DoForEach
 0001:00068600       DoGetNextLimit
 0001:00074B0C       DoneApplication
 0001:00069464       DoneControls
 0001:0000CF54       DoneExceptions
 0001:00079130       DoNestedActivation
 0001:00025EE8       DoneThreadSynchronization
 0001:0007BF08       DoPosition
 0001:0006059C       DoPosition
 0001:00067C28       DoPrune
 0001:00039E98       DoRect
 0001:000A7D04       DoRowHeights
 0001:00068100       DoSaveZone
 0001:000B3B5C       DoSelection
 0001:00068304       DoSetNewBounds
 0001:000A7768       DoSizeAdjust
 0002:00001408       Dot
 0002:00000604       DotSep
 0001:000AAA5C       DoUpdate
 0002:00000D3C       DownStyles
 0001:0006BE74       DoWrite
 0001:0001EC64       DoWrite
 0001:0002D438       DoWrite
 0001:0002C6D8       DoWrite
 0001:00061708       DoWriteDesignSize
 0001:000279FC       DoWriteHeight
 0001:00027994       DoWriteHorizontalOffset
 0001:0005F060       DoWriteIsControl
 0001:000279C8       DoWriteVerticalOffset
 0001:0002796C       DoWriteWidth
 0002:00004B74       DragCapture
 0002:00004B68       DragControl
 0001:0005C0E4       DragDone
 0001:0005B94C       DragFindTarget
 0001:0005B920       DragFindWindow
 0002:00004B8C       DragImageList
 0001:0005BD3C       DragInit
 0001:0005BEAC       DragInitControl
 0002:00004B70       DragInternalObject
 0001:0005B868       DragMessage
 0002:00004B6C       DragObject
 0002:00004B98       DragSave
 0002:00004B80       DragSaveCursor
 0002:00004B78       DragStartPos
 0002:00004B84       DragThreshold
 0001:0005BA6C       DragTo
 0001:0007CE68       DrawAppIcon
 0001:000A80AC       DrawAxisLines
 0002:00004C78       DrawBitmap
 0001:000A8324       DrawCells
 0001:00067794       DrawCloseButton
 0001:00006750       DrawEdge
 0001:00006758       DrawFocusRect
 0001:00006760       DrawFrameControl
 0001:000677EC       DrawGrabberLine
 0001:00006768       DrawIcon
 0001:00006770       DrawIconEx
 0002:00001138       DrawingStyles
 0001:000A8294       DrawLines
 0001:00006778       DrawMenuBar
 0001:00072928       DrawMenuItem
 0001:00006780       DrawText
 0002:00004990       DrawThemeBackground
 0002:000049B4       DrawThemeEdge
 0002:000049B8       DrawThemeIcon
 0002:00004A3C       DrawThemeParentBackground
 0002:00004994       DrawThemeText
 0001:000B2E10       DrawTitleCell
 0001:000BCA8E       DsProviderGetDataPacket
 0001:000BCA88       DsResolver
 0001:0002B518       DupBits
 0001:000175B0       DynArrayBounds
 0001:00004DD8       DynArrayClear
 0001:00017528       DynArrayDim
 0001:0001750C       DynArrayElTypeInfo
 0001:00017A60       DynArrayFromVariant
 0001:000174CC       DynArrayIndex
 0001:00004DE0       DynArraySetLength
 0001:00017540       DynArraySize
 0001:00017710       DynArrayToVariant
 0001:00017670       DynArrayVariantBounds
 0001:000176C8       DynArrayVarType
 0001:000C2580       EDBEngineError.Create
 0001:000C289C       EDBEngineError.Destroy
 0001:000C28F0       EDBEngineError.GetError
 0002:00001224       EdgeStyle
 0002:000010EC       EdgeStyles
 0002:00000F44       EdgeStyles
 0002:00005564       EditFormKind
 0002:00002AFC       EdIzmerActivOnly
 0001:0000C9A0       EHeapException.FreeInstance
 0001:000D136C       EIdProtocolReplyError.CreateError
 0001:000D13B4       EIdSocketError.CreateError
 0001:000D179C       EIdWS2StubError.Build
 0002:00000EC8       Empty
 0001:00006788       EmptyClipboard
 0001:00015DE8       EmptyCompare
 0001:000157E8       EmptyOp
 0002:00004800       EmptyParam
 0002:000000C0       EmptyStr
 0002:000000C4       EmptyWideStr
 0001:00006790       EnableMenuItem
 0002:000011BC       Enables
 0001:00006798       EnableScrollBar
 0001:00074C48       EnableTaskWindows
 0002:00004A24       EnableThemeDialogTexture
 0002:00004A40       EnableTheming
 0001:000067A0       EnableWindow
 0001:0000A640       EncodeDate
 0001:0000A4A0       EncodeTime
 0001:000067A8       EndDeferWindowPos
 0001:00006470       EndDoc
 0001:0001D524       EndGlobalLoading
 0001:000B95D8       EndOfLiteral
 0001:00006478       EndPage
 0001:000067B0       EndPaint
 0001:00003918       EndThread
 0002:00002450       EndType
 0001:00000464       EnterCriticalSection
 0001:00006130       EnterCriticalSection
 0001:00006138       EnumCalendarInfoA
 0001:000067B8       EnumClipboardFormats
 0002:00004924       EnumDisplayMonitors
 0001:0000C1C0       EnumEraNames
 0001:0000C1FC       EnumEraYearOffsets
 0001:00077D20       EnumMonitorsProc
 0001:000330EC       EnumPrinters
 0001:000067C0       EnumThreadWindows
 0001:00021284       EnumValue
 0001:000067C8       EnumWindows
 0001:00085CD4       EOleException.Create
 0001:00085C04       EOleSysError.Create
 0001:000067D0       EqualRect
 0002:00004754       EraNames
 0001:0000B87C       EraToYear
 0002:00004770       EraYearOffsets
 0002:00000068       errCaption
 0001:000BB21C       ErrCat
 0001:00020A68       Error
 0001:0006D564       Error
 0001:00001924       Error
 0001:0001CA30       Error
 0002:00000004       ErrorAddr
 0001:000018D8       ErrorAt
 0001:0000CA4C       ErrorHandler
 0002:00000224       ErrorMap
 0002:00004008       ErrorProc
 0002:000043E8       ErrOutput
 0001:0008C800       EUpdateError.Create
 0001:0008C8A4       EUpdateError.Destroy
 0002:00001598       Events
 0002:00002AB0       ExcelPath
 0001:00001878       ExceptAddr
 0002:0000400C       ExceptClsProc
 0001:0000CEC0       ExceptHandler
 0001:0000C7CC       Exception.Create
 0001:0000C808       Exception.CreateFmt
 0001:0000C958       Exception.CreateHelp
 0001:0000C888       Exception.CreateRes
 0001:0000C8C4       Exception.CreateResFmt
 0002:0000401C       ExceptionClass
 0001:0000C558       ExceptionErrorMessage
 0002:0000025C       ExceptMap
 0001:00001858       ExceptObject
 0002:00004010       ExceptObjProc
 0002:00004004       ExceptProc
 0001:00006480       ExcludeClipRect
 0001:0000D538       ExcludeTrailingPathDelimiter
 0002:00000000       ExitCode
 0001:000036F0       ExitDll
 0002:00004048       ExitProc
 0001:00000328       ExitProcess
 0002:00004028       ExitProcessProc
 0002:00000138       ExitProcList
 0001:00000320       ExitThread
 0001:00008E34       ExpandFileName
 0001:0003614C       ExplorerHook
 0001:00041A8C       ExtActns
 0001:00006488       ExtCreatePen
 0001:0003C8CC       ExtCtrls
 0001:0004094C       ExtDlgs
 0002:00000FA8       ExtendSelects
 0001:0008CA7C       ExtractFieldName
 0001:00008D60       ExtractFileDir
 0001:00008DEC       ExtractFileExt
 0001:000367C4       ExtractFileName
 0001:00008DB4       ExtractFileName
 0001:0003680C       ExtractFileNames
 0001:00008D2C       ExtractFilePath
 0001:00085274       ExtractLiterals
 0001:00084EC8       ExtractMoneySymbol
 0002:00002468       Exts
 0001:00006490       ExtTextOut
 0002:00004790       FalseBoolStrs
 0001:00006140       FatalAppExitA
 0002:00004AC0       FClipboard
 0002:0000016C       FCon1E18
 0002:00001400       FConst10
 0002:00004CB8       FCSect
 0001:000D485C       Fetch
 0001:000D4774       FetchCaseInsensitive
 0001:000331F4       FetchStr
 0002:00004F00       FIdPorts
 0001:000B4488       FieldIsMapped
 0002:000014D8       FieldTypeNames
 0001:00008A70       FileAge
 0001:00008A68       FileClose
 0001:000089AC       FileCreate
 0001:000089D0       FileCreate
 0001:00008EE4       FileDateToDateTime
 0001:00008AD8       FileExists
 0002:000009B0       FileFormats
 0002:00000008       FileMode
 0001:00001CA0       FileNOPProc
 0001:00008954       FileOpen
 0001:000089D8       FileRead
 0002:00000640       FilerSignature
 0001:00008A30       FileSeek
 0001:00006148       FileTimeToDosDateTime
 0001:00006150       FileTimeToLocalFileTime
 0001:00008A04       FileWrite
 0001:00000D94       FillAfterGap
 0001:00000D40       FillBeforeGap
 0001:000A8058       FillDWord
 0001:00000E2C       FillerSizeAfterGap
 0001:00000DBC       FillerSizeBeforeGap
 0001:000067D8       FillRect
 0002:00000D44       FillStyles
 0001:0003523C       Finalization
 0001:00035204       Finalization
 0001:00041980       Finalization
 0001:00100FD8       Finalization
 0001:000FA71C       Finalization
 0001:000F9854       Finalization
 0001:000351B4       Finalization
 0001:0009C314       Finalization
 0001:00041918       Finalization
 0001:000F1428       Finalization
 0001:0009C47C       Finalization
 0001:000EDE2C       Finalization
 0001:0009C4B4       Finalization
 0001:00035148       Finalization
 0001:0009EE9C       Finalization
 0001:00005CD4       Finalization
 0001:0009F578       Finalization
 0001:0003C884       Finalization
 0001:000E50E0       Finalization
 0001:0009FADC       Finalization
 0001:000E3F6C       Finalization
 0001:000A5F08       Finalization
 0001:00005F04       Finalization
 0001:00035110       Finalization
 0001:000350D8       Finalization
 0001:00005F94       Finalization
 0001:000350A0       Finalization
 0001:0006C5C4       Finalization
 0001:0002827C       Finalization
 0001:00027E18       Finalization
 0001:000AE0A4       Finalization
 0001:0006AA04       Finalization
 0001:000D2804       Finalization
 0001:000B6E88       Finalization
 0001:00035068       Finalization
 0001:00035030       Finalization
 0001:000D284C       Finalization
 0001:00049E88       Finalization
 0001:000BB1E4       Finalization
 0001:0004AC78       Finalization
 0001:000DEEDC       Finalization
 0001:000DEEA4       Finalization
 0001:000DEE6C       Finalization
 0001:00034FC0       Finalization
 0001:000318EC       Finalization
 0001:000D3264       Finalization
 0001:0004091C       Finalization
 0001:000408BC       Finalization
 0001:00018B80       Finalization
 0001:00031208       Finalization
 0001:00018DE4       Finalization
 0001:0003416C       Finalization
 0001:000696D4       Finalization
 0001:000D4340       Finalization
 0001:0003206C       Finalization
 0001:000D43B0       Finalization
 0001:000320AC       Finalization
 0001:00033094       Finalization
 0001:000330FC       Finalization
 0001:000572E8       Finalization
 0001:00057450       Finalization
 0001:000580D4       Finalization
 0001:000DEE34       Finalization
 0001:000DEDFC       Finalization
 0001:000DEDB0       Finalization
 0001:000DE4D8       Finalization
 0001:000DE498       Finalization
 0001:00006E78       Finalization
 0001:00006EB0       Finalization
 0001:00007238       Finalization
 0001:000DE310       Finalization
 0001:000DDFE0       Finalization
 0001:000DBC94       Finalization
 0001:000DB874       Finalization
 0001:000DB7F8       Finalization
 0001:000DA5A0       Finalization
 0001:000DA3EC       Finalization
 0001:000DA3B4       Finalization
 0001:000D9F14       Finalization
 0001:000D7EE0       Finalization
 0001:000D766C       Finalization
 0001:000D7634       Finalization
 0001:000BEEE8       Finalization
 0001:000D75FC       Finalization
 0001:000D6AA4       Finalization
 0001:000BEF50       Finalization
 0001:000D6A6C       Finalization
 0001:000D6694       Finalization
 0001:0003D0C0       Finalization
 0001:0000E998       Finalization
 0001:000BF068       Finalization
 0001:000D6538       Finalization
 0001:000D6194       Finalization
 0001:0001A6F0       Finalization
 0001:000D57EC       Finalization
 0001:000D51DC       Finalization
 0001:000D4EF0       Finalization
 0001:000D4C50       Finalization
 0001:0003CFBC       Finalization
 0001:0001A804       Finalization
 0001:0003463C       Finalization
 0001:0000F37C       Finalization
 0001:00086A70       Finalization
 0001:00111CD0       Finalization
 0001:00072C04       Finalization
 0001:000316A0       Finalization
 0001:00034490       Finalization
 0001:000419E4       Finalization
 0001:00041A3C       Finalization
 0001:00085A10       Finalization
 0001:00085990       Finalization
 0001:00041A94       Finalization
 0001:00037E5C       Finalization
 0001:00112CF8       Finalization
 0001:00080E94       Finalization
 0001:00114E40       Finalization
 0001:000313E8       Finalization
 0001:00114E7C       Finalization
 0001:0007FF40       Finalization
 0001:000CEAEC       Finalization
 0001:0007FCC8       Finalization
 0001:000D07C0       Finalization
 0001:0007FBEC       Finalization
 0001:0003C97C       Finalization
 0001:000D16EC       Finalization
 0001:0007F124       Finalization
 0001:000D13FC       Finalization
 0001:00004DD0       FinalizeArray
 0001:00003524       FinalizeUnits
 0001:000713A8       Find
 0001:00023DB8       FindAncestor
 0001:0000519C       FindBS
 0001:0001CF4C       FindClass
 0001:00005124       FindClassHInstance
 0001:00000338       FindClose
 0001:00006158       FindClose
 0001:00008BE4       FindClose
 0001:00000D10       FindCommitted
 0001:0005A9E8       FindControl
 0001:00067428       FindControlAtPos
 0001:00018964       FindCustomVariantType
 0001:00018A1C       FindCustomVariantType
 0001:0005C408       FindDragTarget
 0001:00021C84       FindExistingComponent
 0001:00008B70       FindFirst
 0001:00000340       FindFirstFile
 0001:00006160       FindFirstFile
 0001:00006168       FindFirstFileA
 0001:00074D8C       FindGlobalComponent
 0001:0001D3B4       FindGlobalComponent
 0002:00004864       FindGlobalComponentProcs
 0001:000050FC       FindHInstance
 0001:0001D25C       FindIdentToInt
 0001:0001D1E0       FindIntToIdent
 0001:00008B0C       FindMatchingFile
 0002:00004A80       FindMsg
 0001:00020E14       FindNestedComponent
 0001:00008BC0       FindNext
 0001:00006170       FindNextFile
 0001:0006D52C       FindPopupControl
 0001:0000F044       FindProc
 0001:00006178       FindResource
 0001:00005174       FindResourceHInstance
 0001:0007E978       FindScanline
 0001:00056AE4       FindString
 0001:00074CE4       FindTopMostWindow
 0001:00022B68       FindUniqueName
 0001:00016D68       FindVarData
 0001:0005C3D4       FindVCLWindow
 0001:000067E0       FindWindow
 0001:00057EB4       FindWinHelp
 0001:0002E714       FixupBitFields
 0002:00001234       Flags
 0002:000047A0       FLanguages
 0001:000344C0       FlatSB
 0002:00004950       FlatSB_EnableScrollBar
 0002:0000495C       FlatSB_GetScrollInfo
 0002:00004960       FlatSB_GetScrollPos
 0002:00004958       FlatSB_GetScrollRange
 0002:00004968       FlatSB_SetScrollInfo
 0002:00004964       FlatSB_SetScrollPos
 0001:000341B0       FlatSB_SetScrollProp
 0002:0000496C       FlatSB_SetScrollRange
 0002:00004954       FlatSB_ShowScrollBar
 0002:00002384       FldSubTypeMap
 0002:0000235C       FldTypeMap
 0001:00009D70       FloatToDecimal
 0001:0000A0B0       FloatToStr
 0001:0000A110       FloatToStrF
 0001:000097A8       FloatToText
 0001:00009A7C       FloatToTextFmt
 0001:00001F6C       Flush
 0002:00000180       FMSecsPerDay
 0001:000859CC       FMTBcd
 0002:000013CC       FMTBcdVariantType
 0001:000096A4       FmtStr
 0002:00001250       FocusCount
 0002:0000124C       FocusMessages
 0002:000008CC       FontCharsets
 0002:000048E0       FontManager
 0002:00000A04       ForceCurrentDirectory
 0001:00074D60       ForegroundTask
 0002:00000188       Format
 0001:00009690       Format
 0001:000858C8       FormatBcd
 0001:00009298       FormatBuf
 0001:0000928C       FormatClearStr
 0001:0000A1D8       FormatCurr
 0001:00009210       FormatError
 0002:00000164       FormatErrorStrs
 0001:0000A180       FormatFloat
 0001:0007FBB8       FormatMaskText
 0001:00006180       FormatMessage
 0001:00085510       FormatOneBcd
 0002:00000E14       Formats
 0001:00009268       FormatVarToStr
 0002:0000500C       FormParAr
 0001:0007F180       Forms
 0001:000A6DF0       ForwardMovement
 0001:00002650       FPower10
 0002:00000A00       FPrinter
 0001:00084238       FractionToStr
 0001:00039F5C       Frame3D
 0001:000067E8       FrameRect
 0001:0000E578       FreeAndNil
 0001:000C8034       FreeBuffer
 0001:00000A7C       FreeCommitted
 0001:00000F9C       FreeCurAlloc
 0001:0005C4C8       FreeDeviceContext
 0001:0005C584       FreeDeviceContexts
 0001:000275C4       FreeIntConstList
 0001:00000348       FreeLibrary
 0001:00006188       FreeLibrary
 0001:0002E270       FreeMemoryContexts
 0001:00074E0C       FreeObjectInstance
 0001:00027D18       FreeObjectInstance
 0001:000061A8       FreeResource
 0001:000006FC       FreeSpace
 0001:000C1BB0       FreeStatementLocale
 0001:0000DFA4       FreeTerminateProcs
 0001:00034674       FreeThemeLibrary
 0001:000C1E78       FreeTimer
 0002:00004B20       FRichEditModule
 0002:00002AD0       FtpHost
 0002:00002ACC       FtpPassword
 0002:00002AC8       FtpUsername
 0002:00002A78       GAntiFreeze
 0001:0000E074       GDAL
[...]
  2264 0001:0010D17C  2266 0001:0010D1BF  2267 0001:0010D1CF  2250 0001:0010D1DC
  2269 0001:0010D1F1  2270 0001:0010D201  2271 0001:0010D208  2272 0001:0010D218
  2273 0001:0010D228  2276 0001:0010D25A  2279 0001:0010D270  2280 0001:0010D276
  2281 0001:0010D29D  2282 0001:0010D2AB  2285 0001:0010D2B0  2286 0001:0010D2BA
  2287 0001:0010D2EB  2288 0001:0010D2FB  2290 0001:0010D304  2291 0001:0010D318
  2292 0001:0010D326  2295 0001:0010D32C  2296 0001:0010D332  2300 0001:0010D353
  2301 0001:0010D385  2311 0001:0010D397  2312 0001:0010D3C5  2324 0001:0010D3D7
  2325 0001:0010D405  2332 0001:0010D415  2333 0001:0010D422  2337 0001:0010D438
  2338 0001:0010D445  2341 0001:0010D45B  2342 0001:0010D469  2345 0001:0010D480
  2346 0001:0010D483  2347 0001:0010D491  2350 0001:0010D494  2351 0001:0010D497
  2352 0001:0010D4A5  2355 0001:0010D4A8  2356 0001:0010D4AB  2357 0001:0010D4B9
  2360 0001:0010D4BC  2362 0001:0010D4C2  2368 0001:0010D4DD  2369 0001:0010D4ED
  2370 0001:0010D4FD  2371 0001:0010D50D  2372 0001:0010D53E  2386 0001:0010D560
  2387 0001:0010D591  2393 0001:0010D5B1  2394 0001:0010D5BE  2397 0001:0010D5D4
  2398 0001:0010D5E1  2401 0001:0010D5F7  2402 0001:0010D605  2405 0001:0010D61C
  2406 0001:0010D61F  2407 0001:0010D62D  2411 0001:0010D630  2412 0001:0010D638
  2413 0001:0010D651  2414 0001:0010D679  2415 0001:0010D6C3  2417 0001:0010D70D
  2418 0001:0010D757  2419 0001:0010D7A1  2420 0001:0010D7EB  2422 0001:0010D835
  2423 0001:0010D87F  2424 0001:0010D8C9  2425 0001:0010D913  2426 0001:0010D95D
  2427 0001:0010D9A7  2428 0001:0010D9F1  2430 0001:0010DA3B  2432 0001:0010DA85
  2433 0001:0010DAA7  2434 0001:0010DAEB  2413 0001:0010DAEC  2436 0001:0010DAF3
  2442 0001:0010DBF8  2446 0001:0010DBFC  2447 0001:0010DC02  2448 0001:0010DC10
  2449 0001:0010DC23  2450 0001:0010DC3F  2451 0001:0010DC4B  2457 0001:0010DC50
  2485 0001:0010DC6F  2486 0001:0010DC75  2488 0001:0010DC7C  2490 0001:0010DCA4
  2491 0001:0010DCC1  2493 0001:0010DCDE  2494 0001:0010DCFB  2495 0001:0010DD18
  2497 0001:0010DD1F  2499 0001:0010DD36  2501 0001:0010DD6B  2502 0001:0010DDA1
  2505 0001:0010DE30  2506 0001:0010DE36  2507 0001:0010DE4A  2513 0001:0010DE50
  2514 0001:0010DE6C  2515 0001:0010DE77  2517 0001:0010DE87  2518 0001:0010DE94
  2519 0001:0010DEA4  2520 0001:0010DEBB  2521 0001:0010DECA  2524 0001:0010DED4
  2528 0001:0010DEF3  2529 0001:0010DF00  2530 0001:0010DF0D  2532 0001:0010DF3D
  2534 0001:0010DF4D  2526 0001:0010DF57  2537 0001:0010DF65  2538 0001:0010DF74
  2539 0001:0010DF84  2541 0001:0010DF91  2542 0001:0010DFAE  2544 0001:0010DFBB
  2545 0001:0010DFE6  2549 0001:0010E00C  2550 0001:0010E017  2551 0001:0010E022
  2553 0001:0010E032  2556 0001:0010E03F  2557 0001:0010E05C  2559 0001:0010E06D
  2562 0001:0010E07C  2560 0001:0010E081  2564 0001:0010E092  2565 0001:0010E0AF
  2566 0001:0010E0C0  2567 0001:0010E0CD  2568 0001:0010E0DB  2572 0001:0010E0E0
  2573 0001:0010E0EE  2574 0001:0010E0F9  2576 0001:0010E109  2579 0001:0010E116
  2581 0001:0010E133  2584 0001:0010E142  2585 0001:0010E147  2586 0001:0010E14E
  2587 0001:0010E15E  2582 0001:0010E16B  2590 0001:0010E17C  2591 0001:0010E199
  2593 0001:0010E1A6  2594 0001:0010E1B4  2601 0001:0010E1BC  2602 0001:0010E1E5
  2604 0001:0010E1EC  2605 0001:0010E1FB  2607 0001:0010E20B  2608 0001:0010E218
  2610 0001:0010E222  2611 0001:0010E22F  2613 0001:0010E239  2614 0001:0010E24F
  2616 0001:0010E295  2617 0001:0010E2BE  2618 0001:0010E2E7  2621 0001:0010E310
  2622 0001:0010E338  2623 0001:0010E360  2624 0001:0010E388  2625 0001:0010E3B0
  2627 0001:0010E3D8  2629 0001:0010E3FF  2630 0001:0010E425  2631 0001:0010E437
  2632 0001:0010E449  2633 0001:0010E45B  2636 0001:0010E46B  2637 0001:0010E49E
  2638 0001:0010E4D1  2639 0001:0010E504  2641 0001:0010E537  2642 0001:0010E56A
  2643 0001:0010E59D  2644 0001:0010E5D0  2646 0001:0010E603  2649 0001:0010E610
  2651 0001:0010E61D  2652 0001:0010E653  2653 0001:0010E689  2654 0001:0010E6BF
  2655 0001:0010E6F5  2656 0001:0010E72B  2657 0001:0010E761  2658 0001:0010E797
  2659 0001:0010E7CD  2670 0001:0010E7DD  2672 0001:0010E7FA  2673 0001:0010E807
  2674 0001:0010E833  2675 0001:0010E840  2676 0001:0010E864  2680 0001:0010E871
  2681 0001:0010E87E  2682 0001:0010E8C0  2685 0001:0010E8CD  2688 0001:0010E8DF
  2692 0001:0010E8F5  2694 0001:0010E902  2696 0001:0010E918  2698 0001:0010E92E
  2699 0001:0010E952  2700 0001:0010E98A  2701 0001:0010E9AE  2702 0001:0010E9E6
  2703 0001:0010EA0A  2704 0001:0010EA42  2705 0001:0010EA66  2707 0001:0010EA9E
  2710 0001:0010EAB7  2711 0001:0010EAD7  2712 0001:0010EB0A  2713 0001:0010EB3D
  2715 0001:0010EB75  2717 0001:0010EB92  2722 0001:0010EB9D  2725 0001:0010EC12
  2726 0001:0010EC1F  2728 0001:0010EC35  2729 0001:0010EC59  2730 0001:0010EC91
  2731 0001:0010ECB5  2732 0001:0010ECED  2733 0001:0010ED11  2734 0001:0010ED49
  2735 0001:0010ED6D  2737 0001:0010EDA5  2738 0001:0010EDBE  2741 0001:0010EDCE
  2686 0001:0010EDDB  2755 0001:0010EDF0  2757 0001:0010EE0D  2759 0001:0010EE1A
  2760 0001:0010EE27  2762 0001:0010EE31  2763 0001:0010EE3E  2765 0001:0010EE48
  2766 0001:0010EE58  2768 0001:0010EE9C  2771 0001:0010F094  2772 0001:0010F097
  2773 0001:0010F09C  2776 0001:0010F0A0  2777 0001:0010F0B7  2779 0001:0010F0E5
  2781 0001:0010F0EE  2782 0001:0010F108  2784 0001:0010F141  2785 0001:0010F181
  2788 0001:0010F1EC  2789 0001:0010F201  2790 0001:0010F20A  2792 0001:0010F224
  2793 0001:0010F22E  2794 0001:0010F272  2795 0001:0010F286  2796 0001:0010F2C6
  2801 0001:0010F330  2802 0001:0010F336  2803 0001:0010F361  2804 0001:0010F38C
  2805 0001:0010F3B7  2806 0001:0010F3E2  2811 0001:0010F3E8  2812 0001:0010F40B
  2816 0001:0010F441  2817 0001:0010F467  2818 0001:0010F494  2819 0001:0010F49E
  2821 0001:0010F505  2822 0001:0010F517  2825 0001:0010F51E  2826 0001:0010F558
  2827 0001:0010F5D4  2832 0001:0010F678  2833 0001:0010F69A  2834 0001:0010F6B2
  2835 0001:0010F6D8  2837 0001:0010F705  2838 0001:0010F70F  2839 0001:0010F77A
  2841 0001:0010F796  2842 0001:0010F81D  2845 0001:0010F850  2846 0001:0010F866
  2848 0001:0010F879  2849 0001:0010F888  2852 0001:0010F8D2  2855 0001:0010F8EC
  2856 0001:0010F905  2858 0001:0010F917  2859 0001:0010F928  2861 0001:0010F943
  2863 0001:0010F959  2864 0001:0010F96A  2865 0001:0010F985  2866 0001:0010F9A0
  2867 0001:0010F9C7  2868 0001:0010F9E2  2872 0001:0010FA2B  2875 0001:0010FA84
  2876 0001:0010FA87  2877 0001:0010FA8C  2881 0001:0010FA90  2882 0001:0010FA97
  2883 0001:0010FAA6  2884 0001:0010FAB6  2885 0001:0010FAC4  2886 0001:0010FAD2
  2888 0001:0010FAED  2890 0001:0010FB05  2893 0001:0010FB0C  2894 0001:0010FB28
  2895 0001:0010FB3E  2896 0001:0010FB44  2897 0001:0010FB6A  2898 0001:0010FB8A
  2899 0001:0010FBAA  2900 0001:0010FBB1  2901 0001:0010FBB8  2909 0001:0010FBEB
  2910 0001:0010FBFD  2913 0001:0010FC0C  2914 0001:0010FC19  2916 0001:0010FC50
  2921 0001:0010FCB0  2922 0001:0010FCCE  2924 0001:0010FCE7  2926 0001:0010FD22
  2927 0001:0010FD40  2929 0001:0010FD5F  2930 0001:0010FD97  2932 0001:0010FDCF
  2933 0001:0010FDE6  2935 0001:0010FE3A  2936 0001:0010FE4C  2937 0001:0010FE6D
  2939 0001:0010FE8F  2943 0001:0010FEA6  2946 0001:0010FEFD  2949 0001:0010FF3E
  2954 0001:0010FFC4  2955 0001:0010FFE7  2957 0001:00110005  2958 0001:00110029
  2960 0001:00110074  2965 0001:0011008C  2966 0001:0011008E  2967 0001:001100B8
  2968 0001:00110101  2965 0001:0011012B  2973 0001:0011016C  2976 0001:001101DC
  2977 0001:001101E2  2978 0001:0011020E  2980 0001:00110222  2983 0001:00110240
  2984 0001:0011026C  2985 0001:0011027B  2989 0001:0011031C  2990 0001:00110326
  2991 0001:0011035B  2993 0001:00110368  2994 0001:00110377  2998 0001:00110418
  2999 0001:00110422  3000 0001:00110457  3002 0001:00110464  3003 0001:00110473
  3007 0001:00110514  3008 0001:0011051E  3009 0001:00110553  3011 0001:00110560
  3012 0001:0011056F  3016 0001:00110610  3017 0001:0011061A  3018 0001:0011064F
  3021 0001:0011068C  3025 0001:00110714  3026 0001:00110722  3027 0001:00110731
  3029 0001:00110741  3032 0001:0011074E  3034 0001:0011076B  3036 0001:00110786
  3037 0001:0011078F  3039 0001:001107BF  3041 0001:001107ED  3042 0001:001107F8
  3043 0001:00110803  3047 0001:00110813  3048 0001:00110820  3049 0001:0011082D
  3050 0001:0011085E  3052 0001:0011087A  3054 0001:0011088A  3045 0001:00110895
  3056 0001:001108A8  3058 0001:001108B3  3060 0001:001108C0  3061 0001:001108DD
  3063 0001:001108EA  3065 0001:001108FA  3071 0001:00110978  3072 0001:001109A0
  3073 0001:001109AF  3075 0001:001109BF  3078 0001:001109CC  3081 0001:001109E9
  3082 0001:00110A14  3083 0001:00110A27  3086 0001:00110A3F  3087 0001:00110AD7
  3089 0001:00110AE7  3090 0001:00110B22  3091 0001:00110B56  3092 0001:00110B8A
  3095 0001:00110BBE  3096 0001:00110BC9  3097 0001:00110BD4  3101 0001:00110BE4
  3102 0001:00110BF1  3103 0001:00110BFE  3104 0001:00110C2F  3106 0001:00110C4B
  3108 0001:00110C5B  3099 0001:00110C66  3110 0001:00110C79  3112 0001:00110C84
  3114 0001:00110C91  3115 0001:00110CAE  3117 0001:00110CBB  3119 0001:00110D09
  3124 0001:00110DD0  3125 0001:00110DED  3126 0001:00110DFC  3128 0001:00110E0C
  3131 0001:00110E1E  3133 0001:00110E3B  3135 0001:00110E56  3136 0001:00110E61
  3137 0001:00110E6C  3139 0001:00110E77  3142 0001:00110E83  3144 0001:00110EC7
  3145 0001:00110ED9  3146 0001:00110EFB  3148 0001:00110F10  3149 0001:00110F1B
  3140 0001:00110F26  3151 0001:00110F39  3153 0001:00110F44  3155 0001:00110F56
  3156 0001:00110F73  3158 0001:00110F85  3160 0001:00110FB2  3164 0001:00110FE4
  3177 0001:00111005  3179 0001:00111028  3180 0001:00111071  3182 0001:00111084
  3183 0001:0011109E  3185 0001:001110B9  3187 0001:001110C4  3189 0001:001110FD
  3192 0001:00111183  3197 0001:001111C4  3198 0001:001111E7  3201 0001:001111F0
  3202 0001:00111223  3204 0001:0011124B  3206 0001:00111269  3208 0001:001112A8
  3209 0001:001112C2  3210 0001:001112D0  3211 0001:001112F5  3213 0001:0011132D
  3217 0001:0011134C  3218 0001:00111374  3220 0001:001113AA  3224 0001:001113C2
  3225 0001:001113E8  3226 0001:0011140D  3227 0001:0011143E  3232 0001:001114C5
  3235 0001:001114D5  3236 0001:001114FB  3237 0001:00111520  3239 0001:00111551
  3244 0001:00111565  3248 0001:0011158D  3250 0001:001115AE  3251 0001:001115BD
  3252 0001:00111606  3253 0001:00111614  3256 0001:00111638  3259 0001:00111642
  3265 0001:001116BF  3271 0001:00111730  3272 0001:00111753  3273 0001:00111787
  3274 0001:001117F6  3275 0001:00111841  3276 0001:00111883  3277 0001:00111893
  3278 0001:001118A3  3279 0001:001118B3  3280 0001:001118C1  3272 0001:001118C4
  3281 0001:001118CC  3282 0001:001118DA  3283 0001:001118EC  3285 0001:0011190D
  3287 0001:0011196B  3290 0001:00111974  3291 0001:00111976  3292 0001:0011198E
  3293 0001:001119A4  3294 0001:001119BA  3295 0001:001119D6  3297 0001:00111A02
  3301 0001:00111A0C  3302 0001:00111A12  3303 0001:00111A19  3305 0001:00111A22
  3306 0001:00111A29  3307 0001:00111A36  3308 0001:00111A49  3309 0001:00111A76
  3311 0001:00111A8C  3315 0001:00111A90  3316 0001:00111A96  3318 0001:00111AAE
  3320 0001:00111ABC  3326 0001:00111AC4  3327 0001:00111ACF  3329 0001:00111AE6
  3330 0001:00111B32  3331 0001:00111B40  3332 0001:00111B4A  3333 0001:00111B6C
  3334 0001:00111B8C  3335 0001:00111BA8  3337 0001:00111BD1  3341 0001:00111BE0
  3342 0001:00111BF6  3343 0001:00111C08  3344 0001:00111C24  3347 0001:00111C5E
  3350 0001:00111C64  3351 0001:00111C7A  3352 0001:00111CBB  3354 0001:00111D00
  3354 0001:00111D07

Line numbers for InstallUnit(InstallUnit.pas) segment .text

   156 0001:001120D8   157 0001:001120ED   162 0001:001120F0   163 0001:00112114
   164 0001:0011211D   166 0001:00112126   168 0001:0011212E   170 0001:00112139
   171 0001:0011214D   172 0001:0011215F   173 0001:00112163   175 0001:00112173
   176 0001:0011218D   177 0001:001121AD   173 0001:001121B3   179 0001:001121B7
   180 0001:001121DA   181 0001:001121F7   185 0001:00112213   187 0001:0011221D
   188 0001:0011222D   189 0001:00112236   191 0001:0011223B   192 0001:0011225A
   193 0001:00112269   194 0001:0011227F   195 0001:00112294   199 0001:001122A5
   200 0001:001122C4   201 0001:001122D3   202 0001:001122E3   187 0001:001122EA
   204 0001:001122F3   205 0001:00112310   206 0001:0011234A   207 0001:0011237D
   209 0001:00112397   210 0001:001123AB   214 0001:001123C2   215 0001:001123D2
   216 0001:001123DB   218 0001:001123E4   219 0001:00112403   221 0001:00112412
   223 0001:00112417   224 0001:0011242D   225 0001:00112442   229 0001:00112453
   230 0001:00112469   231 0001:0011247E   232 0001:0011248D   237 0001:001124A3
   238 0001:001124C2   240 0001:001124D1   214 0001:001124D8   242 0001:001124E1
   243 0001:001124FE   244 0001:00112538   245 0001:0011256B   247 0001:00112585
   248 0001:00112599   253 0001:001125CD   257 0001:0011260C   258 0001:00112616
   259 0001:0011261B   260 0001:00112622   262 0001:00112624   263 0001:00112627
   264 0001:0011262C   266 0001:00112631   267 0001:00112638   268 0001:0011263F
   269 0001:00112646   270 0001:0011264D   271 0001:00112654   273 0001:0011265B
   274 0001:00112660   275 0001:00112665   278 0001:0011266E   280 0001:00112673
   281 0001:00112678   282 0001:00112681   283 0001:00112686   286 0001:0011268F
   288 0001:00112694   289 0001:00112699   292 0001:001126A2   294 0001:001126AC
   295 0001:001126B1   296 0001:001126BA   297 0001:001126BF   300 0001:001126C8
   301 0001:001126CD   302 0001:001126D2   305 0001:001126D7   306 0001:001126EF
   307 0001:001126F4   308 0001:001126F8   309 0001:001126FC   310 0001:00112700
   311 0001:00112704   312 0001:00112708   313 0001:0011270C   259 0001:00112710
   315 0001:00112719   322 0001:00112720   323 0001:00112741   326 0001:00112780
   327 0001:00112796   328 0001:001127A4   329 0001:001127C4   331 0001:001127E7
   334 0001:001127F6   336 0001:00112839   338 0001:00112843   339 0001:00112860
   341 0001:00112879   342 0001:001128A7   343 0001:001128D5   344 0001:00112903
   346 0001:00112931   348 0001:0011295F   349 0001:0011298D   351 0001:001129BB
   352 0001:001129E9   355 0001:00112A17   356 0001:00112A3A   357 0001:00112A5D
   358 0001:00112A80   388 0001:00112AB0   391 0001:00112AE8   393 0001:00112DF0
   393 0001:00112DF7

Line numbers for MainUnit(MainUnit.pas) segment .text

   133 0001:001136EC   134 0001:001136EF   135 0001:001136F4   138 0001:001136F8
   140 0001:001136FB   141 0001:0011370F   143 0001:00113721   144 0001:0011372D
   150 0001:00113734   151 0001:00113754   152 0001:00113763   153 0001:00113772
   154 0001:00113781   155 0001:00113790   156 0001:0011379F   157 0001:001137AE
   158 0001:001137BD   159 0001:001137CC   161 0001:001137DB   162 0001:001137DF
   163 0001:001137E9   166 0001:001137FF   167 0001:00113803   168 0001:00113806
   162 0001:0011380A   170 0001:0011380F   172 0001:00113820   178 0001:0011386A
   179 0001:0011388D   180 0001:001138AC   182 0001:001138D7   184 0001:001138E6
   185 0001:00113905   189 0001:00113953   192 0001:00113A20   193 0001:00113A30
   194 0001:00113A41   195 0001:00113A52   196 0001:00113A63   197 0001:00113A74
   198 0001:00113A85   199 0001:00113A96   200 0001:00113AA7   201 0001:00113AB8
   203 0001:00113AC9   205 0001:00113ADA   206 0001:00113AE1   209 0001:00113AE8
   210 0001:00113AEB   211 0001:00113AF6   214 0001:00113AF8   215 0001:00113AFB
   216 0001:00113B10   221 0001:00113B14   222 0001:00113B35   223 0001:00113B42
   224 0001:00113B55   225 0001:00113B68   226 0001:00113B96   227 0001:00113BC4
   228 0001:00113BE4   229 0001:00113C0B   234 0001:00113C62   238 0001:00113CD8
   243 0001:00113D8C   244 0001:00113DAC   245 0001:00113DB9   246 0001:00113DCC
   247 0001:00113DDF   249 0001:00113DF8   250 0001:00113E08   252 0001:00113E2F
   253 0001:00113E44   255 0001:00113E72   261 0001:00113EDE   265 0001:00113F59
   268 0001:00114054   269 0001:00114057   270 0001:0011407F   271 0001:0011408B
   274 0001:00114090   275 0001:00114093   276 0001:001140BB   278 0001:001140C7
   281 0001:001140CC   282 0001:001140DC   284 0001:00114100   285 0001:0011411F
   286 0001:00114141   287 0001:00114163   291 0001:00114185   292 0001:001141A7
   293 0001:001141C9   294 0001:001141EB   295 0001:0011420D   297 0001:0011422F
   298 0001:0011424B   300 0001:0011425A   301 0001:00114261   305 0001:00114268
   306 0001:0011426E   307 0001:0011427C   308 0001:0011428A   307 0001:0011429C
   309 0001:001142A0   311 0001:001142C6   312 0001:001142D3   313 0001:001142DA
   314 0001:001142FC   317 0001:00114303   319 0001:0011432B   320 0001:0011436A
   321 0001:001143AF   325 0001:00114401   326 0001:00114413   328 0001:0011442D
   331 0001:00114498   332 0001:0011449B   334 0001:001144A0   338 0001:001144A4
   339 0001:001144B1   340 0001:001144C8   341 0001:001144DF   342 0001:001144F6
   344 0001:0011450D   346 0001:00114524   347 0001:0011453B   348 0001:00114552
   350 0001:00114569   351 0001:00114580   352 0001:00114597   353 0001:001145AE
   354 0001:001145C5   355 0001:001145DC   356 0001:001145F3   358 0001:0011460A
   362 0001:00114621   363 0001:00114638   365 0001:0011464F   366 0001:00114666
   367 0001:0011467D   368 0001:00114694   369 0001:001146AB   370 0001:001146C2
   373 0001:001146D9   374 0001:001146F0   375 0001:00114707   376 0001:0011471E
   377 0001:00114735   379 0001:0011474C   381 0001:00114758   385 0001:0011475C
   386 0001:00114776   387 0001:00114795   388 0001:001147D3   389 0001:0011480D
   391 0001:00114845   392 0001:00114855   393 0001:00114867   395 0001:00114879
   396 0001:001148A2   400 0001:001148D8   401 0001:001148DB   402 0001:001148E6
   406 0001:001148EC   407 0001:001148EF   408 0001:00114917   409 0001:00114923
   414 0001:00114928   416 0001:0011493B   418 0001:00114946   419 0001:00114951
   420 0001:0011496C   421 0001:00114987   422 0001:001149B0   423 0001:001149D9
   427 0001:001149E4   428 0001:001149EC   430 0001:00114A0B   431 0001:00114A28
   432 0001:00114A53   428 0001:00114A54   434 0001:00114A57   438 0001:00114A5C
   439 0001:00114A64   441 0001:00114A83   442 0001:00114AA0   443 0001:00114ACB
   439 0001:00114ACC   445 0001:00114ACF   449 0001:00114AD4   450 0001:00114ADF
   452 0001:00114AF6   453 0001:00114B43   455 0001:00114B62   456 0001:00114B7F
   457 0001:00114BA8   453 0001:00114BA9   459 0001:00114BAC   462 0001:00114BBC
   463 0001:00114BBF   464 0001:00114BC4   467 0001:00114BC8   474 0001:00114BCE
   476 0001:00114BE3   477 0001:00114BF0   478 0001:00114BFD   479 0001:00114C11
   480 0001:00114C1D   481 0001:00114C25   482 0001:00114C39   484 0001:00114C40
   487 0001:00114D14   492 0001:00114D1A   493 0001:00114D2F   494 0001:00114D3C
   497 0001:00114D49   500 0001:00114D55   501 0001:00114D62   503 0001:00114D6F
   506 0001:00114DE0   507 0001:00114DE7   508 0001:00114E07   509 0001:00114E23
   510 0001:00114E39   512 0001:00114E70   514 0001:00114E7A

Line numbers for Trade(D:\Preobr\Delphi\Trade\Trade.dpr) segment .text

    28 0001:001152A4    29 0001:001152D0    30 0001:001152D7    31 0001:001152E5
    32 0001:001152F4    33 0001:00115307    34 0001:0011531A    36 0001:0011532D
    37 0001:00115337    38 0001:0011534A    40 0001:0011535D    43 0001:00115370
    45 0001:00115379    48 0001:0011539B    49 0001:0011539D    54 0001:001153E2

Bound resource files

c:\program files (x86)\borland\delphi7\Lib\Buttons.res
c:\program files (x86)\borland\delphi7\Lib\ExtDlgs.res
c:\program files (x86)\borland\delphi7\Lib\Controls.res
c:\program files (x86)\borland\delphi7\Lib\DBLogDlg.dfm
c:\program files (x86)\borland\delphi7\Lib\DBPWDlg.dfm
c:\program files (x86)\borland\delphi7\Lib\DBCtrls.res
c:\program files (x86)\borland\delphi7\Lib\DBGrids.res
c:\program files (x86)\borland\delphi7\Lib\SPIN.RES
ZhurnalUnit.DFM
SqlUnit.dfm
BalansUnit.dfm
SaldoUnit.dfm
TovarUnit.DFM
SpravUnit.dfm
DMUnit.DFM
NaklUnit.DFM
InstallUnit.DFM
MainUnit.DFM
Trade.RES
Trade.drf


Program entry point at 0001:001152A4
