
 Start         Length     Name                   Class
 0001:00000000 00115514H .text                   CODE
 0002:00000000 00003574H .data                   DATA
 0002:00003574 00001575H .bss                    BSS


Detailed map of segments

 0001:00000000 00005DFB C=CODE     S=.text    G=(none)   M=System   ACBP=A9
 0001:00005DFC 00000140 C=CODE     S=.text    G=(none)   M=SysInit  ACBP=A9
 0001:00005F3C 00000090 C=CODE     S=.text    G=(none)   M=Types    ACBP=A9
 0001:00005FCC 00000EEC C=CODE     S=.text    G=(none)   M=Windows  ACBP=A9
 0001:00006EB8 00000038 C=CODE     S=.text    G=(none)   M=Messages ACBP=A9
 0001:00006EF0 00000388 C=CODE     S=.text    G=(none)   M=SysConst ACBP=A9
 0001:00007278 00007928 C=CODE     S=.text    G=(none)   M=SysUtils ACBP=A9
 0001:0000EBA0 00000823 C=CODE     S=.text    G=(none)   M=VarUtils ACBP=A9
 0001:0000F3C4 000098E6 C=CODE     S=.text    G=(none)   M=Variants ACBP=A9
 0001:00018CAC 00000178 C=CODE     S=.text    G=(none)   M=RTLConsts ACBP=A9
 0001:00018E24 0000192C C=CODE     S=.text    G=(none)   M=TypInfo  ACBP=A9
 0001:0001A750 000000F4 C=CODE     S=.text    G=(none)   M=ActiveX  ACBP=A9
 0001:0001A844 0000D71E C=CODE     S=.text    G=(none)   M=Classes  ACBP=A9
 0001:00027F64 00000358 C=CODE     S=.text    G=(none)   M=Consts   ACBP=A9
 0001:000282BC 00009123 C=CODE     S=.text    G=(none)   M=Graphics ACBP=A9
 0001:000313E0 00000048 C=CODE     S=.text    G=(none)   M=Math     ACBP=A9
 0001:00031428 000002B8 C=CODE     S=.text    G=(none)   M=Contnrs  ACBP=A9
 0001:000316E0 0000024C C=CODE     S=.text    G=(none)   M=CommCtrl ACBP=A9
 0001:0003192C 00000787 C=CODE     S=.text    G=(none)   M=MultiMon ACBP=A9
 0001:000320B4 00000038 C=CODE     S=.text    G=(none)   M=Imm      ACBP=A9
 0001:000320EC 00000FF8 C=CODE     S=.text    G=(none)   M=HelpIntfs ACBP=A9
 0001:000330E4 00000058 C=CODE     S=.text    G=(none)   M=WinSpool ACBP=A9
 0001:0003313C 0000107C C=CODE     S=.text    G=(none)   M=Printers ACBP=A9
 0001:000341B8 0000031F C=CODE     S=.text    G=(none)   M=FlatSB   ACBP=A9
 0001:000344D8 000001A4 C=CODE     S=.text    G=(none)   M=SyncObjs ACBP=A9
 0001:0003467C 000009BB C=CODE     S=.text    G=(none)   M=UxTheme  ACBP=A9
 0001:00035038 00000038 C=CODE     S=.text    G=(none)   M=RichEdit ACBP=A9
 0001:00035070 00000038 C=CODE     S=.text    G=(none)   M=ToolWin  ACBP=A9
 0001:000350A8 00000038 C=CODE     S=.text    G=(none)   M=ShellAPI ACBP=A9
 0001:000350E0 00000038 C=CODE     S=.text    G=(none)   M=RegStr   ACBP=A9
 0001:00035118 00000038 C=CODE     S=.text    G=(none)   M=WinInet  ACBP=A9
 0001:00035150 00000038 C=CODE     S=.text    G=(none)   M=UrlMon   ACBP=A9
 0001:00035188 0000006C C=CODE     S=.text    G=(none)   M=ShlObj   ACBP=A9
 0001:000351F4 00000050 C=CODE     S=.text    G=(none)   M=CommDlg  ACBP=A9
 0001:00035244 00000038 C=CODE     S=.text    G=(none)   M=Dlgs     ACBP=A9
 0001:0003527C 00002C81 C=CODE     S=.text    G=(none)   M=Dialogs  ACBP=A9
 0001:00037F00 00004A02 C=CODE     S=.text    G=(none)   M=ExtCtrls ACBP=A9
 0001:0003C904 000000B8 C=CODE     S=.text    G=(none)   M=ComStrs  ACBP=A9
 0001:0003C9BC 0000069C C=CODE     S=.text    G=(none)   M=Clipbrd  ACBP=A9
 0001:0003D058 000000A8 C=CODE     S=.text    G=(none)   M=StrUtils ACBP=A9
 0001:0003D100 00003821 C=CODE     S=.text    G=(none)   M=Buttons  ACBP=A9
 0001:00040924 00000038 C=CODE     S=.text    G=(none)   M=ExtDlgs  ACBP=A9
 0001:0004095C 00001014 C=CODE     S=.text    G=(none)   M=IniFiles ACBP=A9
 0001:00041970 00000068 C=CODE     S=.text    G=(none)   M=Registry ACBP=A9
 0001:000419D8 0000006C C=CODE     S=.text    G=(none)   M=Mapi     ACBP=A9
 0001:00041A44 00000058 C=CODE     S=.text    G=(none)   M=ExtActns ACBP=A9
 0001:00041A9C 00000038 C=CODE     S=.text    G=(none)   M=ListActns ACBP=A9
 0001:00041AD4 0000843C C=CODE     S=.text    G=(none)   M=ComCtrls ACBP=A9
 0001:00049F10 00000DBC C=CODE     S=.text    G=(none)   M=Themes   ACBP=A9
 0001:0004ACCC 0000C65C C=CODE     S=.text    G=(none)   M=StdCtrls ACBP=A9
 0001:00057328 00000168 C=CODE     S=.text    G=(none)   M=StdActns ACBP=A9
 0001:00057490 00000D1F C=CODE     S=.text    G=(none)   M=WinHelpViewer ACBP=A9
 0001:000581B0 00011623 C=CODE     S=.text    G=(none)   M=Controls ACBP=A9
 0001:000697D4 00001292 C=CODE     S=.text    G=(none)   M=ActnList ACBP=A9
 0001:0006AA68 00001B9C C=CODE     S=.text    G=(none)   M=ImgList  ACBP=A9
 0001:0006C604 000066FD C=CODE     S=.text    G=(none)   M=Menus    ACBP=A9
 0001:00072D04 0000C4C8 C=CODE     S=.text    G=(none)   M=Forms    ACBP=A9
 0001:0007F1CC 00000A60 C=CODE     S=.text    G=(none)   M=MaskUtils ACBP=A9
 0001:0007FC2C 000000DC C=CODE     S=.text    G=(none)   M=DateUtils ACBP=A9
 0001:0007FD08 00000278 C=CODE     S=.text    G=(none)   M=DBConsts ACBP=A9
 0001:0007FF80 00000F73 C=CODE     S=.text    G=(none)   M=SqlTimSt ACBP=A9
 0001:00080EF4 00004AFB C=CODE     S=.text    G=(none)   M=FMTBcd   ACBP=A9
 0001:000859F0 00000060 C=CODE     S=.text    G=(none)   M=ComConst ACBP=A9
 0001:00085A50 000010FD C=CODE     S=.text    G=(none)   M=ComObj   ACBP=A9
 0001:00086B50 000158B4 C=CODE     S=.text    G=(none)   M=DB       ACBP=A9
 0001:0009C404 000000B8 C=CODE     S=.text    G=(none)   M=VDBConsts ACBP=A9
 0001:0009C4BC 00000038 C=CODE     S=.text    G=(none)   M=dbcgrids ACBP=A9
 0001:0009C4F4 000029E8 C=CODE     S=.text    G=(none)   M=Mask     ACBP=A9
 0001:0009EEDC 00000728 C=CODE     S=.text    G=(none)   M=DBLogDlg ACBP=A9
 0001:0009F604 00000531 C=CODE     S=.text    G=(none)   M=DBPWDlg  ACBP=A9
 0001:0009FB38 0000648C C=CODE     S=.text    G=(none)   M=DBCtrls  ACBP=A9
 0001:000A5FC4 00008120 C=CODE     S=.text    G=(none)   M=Grids    ACBP=A9
 0001:000AE0E4 00008DE4 C=CODE     S=.text    G=(none)   M=DBGrids  ACBP=A9
 0001:000B6EC8 0000435C C=CODE     S=.text    G=(none)   M=DBCommon ACBP=A9
 0001:000BB224 00003D04 C=CODE     S=.text    G=(none)   M=BDE      ACBP=A9
 0001:000BEF28 00000068 C=CODE     S=.text    G=(none)   M=SMINTF   ACBP=A9
 0001:000BEF90 00000118 C=CODE     S=.text    G=(none)   M=bdeconst ACBP=A9
 0001:000BF0A8 0000FB5C C=CODE     S=.text    G=(none)   M=DBTables ACBP=A9
 0001:000CEC04 00001BFC C=CODE     S=.text    G=(none)   M=Spin     ACBP=A9
 0001:000D0800 00000C3C C=CODE     S=.text    G=(none)   M=IdException ACBP=A9
 0001:000D143C 000002F0 C=CODE     S=.text    G=(none)   M=IdResourceStrings ACBP=A9
 0001:000D172C 00001127 C=CODE     S=.text    G=(none)   M=IdWinSock2 ACBP=A9
 0001:000D2854 00000038 C=CODE     S=.text    G=(none)   M=IdStackConsts ACBP=A9
 0001:000D288C 00000A18 C=CODE     S=.text    G=(none)   M=IdStack  ACBP=A9
 0001:000D32A4 00001114 C=CODE     S=.text    G=(none)   M=IdStackWindows ACBP=A9
 0001:000D43B8 00000038 C=CODE     S=.text    G=(none)   M=IdURI    ACBP=A9
 0001:000D43F0 00000A44 C=CODE     S=.text    G=(none)   M=IdGlobal ACBP=A9
 0001:000D4E34 000000FC C=CODE     S=.text    G=(none)   M=IdBaseComponent ACBP=A9
 0001:000D4F30 000002EC C=CODE     S=.text    G=(none)   M=IdAntiFreezeBase ACBP=A9
 0001:000D521C 00000645 C=CODE     S=.text    G=(none)   M=IdComponent ACBP=A9
 0001:000D5864 00000970 C=CODE     S=.text    G=(none)   M=IdSocketHandle ACBP=A9
 0001:000D61D4 000003A4 C=CODE     S=.text    G=(none)   M=IdIntercept ACBP=A9
 0001:000D6578 0000015C C=CODE     S=.text    G=(none)   M=IdIOHandler ACBP=A9
 0001:000D66D4 000003D8 C=CODE     S=.text    G=(none)   M=IdRFCReply ACBP=A9
 0001:000D6AAC 00000038 C=CODE     S=.text    G=(none)   M=IdAssignedNumbers ACBP=A9
 0001:000D6AE4 00000B58 C=CODE     S=.text    G=(none)   M=IdSocks  ACBP=A9
 0001:000D763C 00000038 C=CODE     S=.text    G=(none)   M=IdTCPStream ACBP=A9
 0001:000D7674 00000038 C=CODE     S=.text    G=(none)   M=IdStream ACBP=A9
 0001:000D76AC 00000874 C=CODE     S=.text    G=(none)   M=IdIOHandlerSocket ACBP=A9
 0001:000D7F20 00002034 C=CODE     S=.text    G=(none)   M=IdTCPConnection ACBP=A9
 0001:000D9F54 000004A0 C=CODE     S=.text    G=(none)   M=IdTCPClient ACBP=A9
 0001:000DA3F4 00000038 C=CODE     S=.text    G=(none)   M=IdThread ACBP=A9
 0001:000DA42C 000001B4 C=CODE     S=.text    G=(none)   M=IdStrings ACBP=A9
 0001:000DA5E0 00001258 C=CODE     S=.text    G=(none)   M=IdFTPList ACBP=A9
 0001:000DB838 0000007C C=CODE     S=.text    G=(none)   M=IdFTPCommon ACBP=A9
 0001:000DB8B4 00000420 C=CODE     S=.text    G=(none)   M=IdSimpleServer ACBP=A9
 0001:000DBCD4 0000234C C=CODE     S=.text    G=(none)   M=IdFTP    ACBP=A9
 0001:000DE020 00000330 C=CODE     S=.text    G=(none)   M=IdUDPBase ACBP=A9
 0001:000DE350 00000188 C=CODE     S=.text    G=(none)   M=IdUDPClient ACBP=A9
 0001:000DE4D8 00000040 C=CODE     S=.text    G=(none)   M=OleConst ACBP=A9
 0001:000DE518 000008EA C=CODE     S=.text    G=(none)   M=OleServer ACBP=A9
 0001:000DEE04 00000038 C=CODE     S=.text    G=(none)   M=StdVCL   ACBP=A9
 0001:000DEE3C 00000038 C=CODE     S=.text    G=(none)   M=Office2000 ACBP=A9
 0001:000DEE74 00000038 C=CODE     S=.text    G=(none)   M=VBIDE2000 ACBP=A9
 0001:000DEEAC 00000038 C=CODE     S=.text    G=(none)   M=Word2000 ACBP=A9
 0001:000DEEE4 00000038 C=CODE     S=.text    G=(none)   M=IdNetworkCalculator ACBP=A9
 0001:000DEF1C 00005090 C=CODE     S=.text    G=(none)   M=ZhurnalUnit ACBP=A9
 0001:000E3FAC 00001174 C=CODE     S=.text    G=(none)   M=SqlUnit  ACBP=A9
 0001:000E5120 00008D4C C=CODE     S=.text    G=(none)   M=BalansUnit ACBP=A9
 0001:000EDE6C 000035FC C=CODE     S=.text    G=(none)   M=SaldoUnit ACBP=A9
 0001:000F1468 0000842C C=CODE     S=.text    G=(none)   M=TovarUnit ACBP=A9
 0001:000F9894 00000EC8 C=CODE     S=.text    G=(none)   M=SpravUnit ACBP=A9
 0001:000FA75C 000068C0 C=CODE     S=.text    G=(none)   M=DMUnit   ACBP=A9
 0001:0010101C 00010CF4 C=CODE     S=.text    G=(none)   M=NaklUnit ACBP=A9
 0001:00111D10 00001194 C=CODE     S=.text    G=(none)   M=InstallUnit ACBP=A9
 0001:00112EA4 00002084 C=CODE     S=.text    G=(none)   M=MainUnit ACBP=A9
 0001:00114F28 000005EC C=CODE     S=.text    G=(none)   M=Trade    ACBP=A9
 0002:00000000 000000A0 C=DATA     S=.data    G=DGROUP   M=System   ACBP=A9
 0002:000000A0 00000020 C=DATA     S=.data    G=DGROUP   M=SysInit  ACBP=A9
 0002:000000C0 00000274 C=DATA     S=.data    G=DGROUP   M=SysUtils ACBP=A9
 0002:00000334 00000110 C=DATA     S=.data    G=DGROUP   M=VarUtils ACBP=A9
 0002:00000444 000001B6 C=DATA     S=.data    G=DGROUP   M=Variants ACBP=A9
 0002:000005FC 0000000C C=DATA     S=.data    G=DGROUP   M=TypInfo  ACBP=A9
 0002:00000608 00000010 C=DATA     S=.data    G=DGROUP   M=ActiveX  ACBP=A9
 0002:00000618 000000E4 C=DATA     S=.data    G=DGROUP   M=Classes  ACBP=A9
 0002:000006FC 00000304 C=DATA     S=.data    G=DGROUP   M=Graphics ACBP=A9
 0002:00000A00 00000004 C=DATA     S=.data    G=DGROUP   M=Printers ACBP=A9
 0002:00000A04 00000120 C=DATA     S=.data    G=DGROUP   M=Dialogs  ACBP=A9
 0002:00000B24 0000018C C=DATA     S=.data    G=DGROUP   M=ExtCtrls ACBP=A9
 0002:00000CB0 0000009E C=DATA     S=.data    G=DGROUP   M=Buttons  ACBP=A9
 0002:00000D50 00000008 C=DATA     S=.data    G=DGROUP   M=IniFiles ACBP=A9
 0002:00000D58 00000008 C=DATA     S=.data    G=DGROUP   M=Registry ACBP=A9
 0002:00000D60 00000008 C=DATA     S=.data    G=DGROUP   M=Mapi     ACBP=A9
 0002:00000D68 000000B4 C=DATA     S=.data    G=DGROUP   M=ComCtrls ACBP=A9
 0002:00000E1C 00000068 C=DATA     S=.data    G=DGROUP   M=Themes   ACBP=A9
 0002:00000E84 00000178 C=DATA     S=.data    G=DGROUP   M=StdCtrls ACBP=A9
 0002:00000FFC 0000013C C=DATA     S=.data    G=DGROUP   M=Controls ACBP=A9
 0002:00001138 00000020 C=DATA     S=.data    G=DGROUP   M=ImgList  ACBP=A9
 0002:00001158 000000EC C=DATA     S=.data    G=DGROUP   M=Menus    ACBP=A9
 0002:00001244 0000011C C=DATA     S=.data    G=DGROUP   M=Forms    ACBP=A9
 0002:00001360 00000009 C=DATA     S=.data    G=DGROUP   M=MaskUtils ACBP=A9
 0002:0000136C 0000003C C=DATA     S=.data    G=DGROUP   M=SqlTimSt ACBP=A9
 0002:000013A8 00000065 C=DATA     S=.data    G=DGROUP   M=FMTBcd   ACBP=A9
 0002:00001410 00000030 C=DATA     S=.data    G=DGROUP   M=ComObj   ACBP=A9
 0002:00001440 0000021E C=DATA     S=.data    G=DGROUP   M=DB       ACBP=A9
 0002:00001660 00000004 C=DATA     S=.data    G=DGROUP   M=Mask     ACBP=A9
 0002:00001664 00000054 C=DATA     S=.data    G=DGROUP   M=DBCtrls  ACBP=A9
 0002:000016B8 00000028 C=DATA     S=.data    G=DGROUP   M=DBGrids  ACBP=A9
 0002:000016E0 0000001C C=DATA     S=.data    G=DGROUP   M=DBCommon ACBP=A9
 0002:000016FC 00000C50 C=DATA     S=.data    G=DGROUP   M=BDE      ACBP=A9
 0002:0000234C 00000010 C=DATA     S=.data    G=DGROUP   M=SMINTF   ACBP=A9
 0002:0000235C 00000128 C=DATA     S=.data    G=DGROUP   M=DBTables ACBP=A9
 0002:00002484 00000544 C=DATA     S=.data    G=DGROUP   M=IdWinSock2 ACBP=A9
 0002:000029C8 00000004 C=DATA     S=.data    G=DGROUP   M=IdStackConsts ACBP=A9
 0002:000029CC 0000000C C=DATA     S=.data    G=DGROUP   M=IdStack  ACBP=A9
 0002:000029D8 00000001 C=DATA     S=.data    G=DGROUP   M=IdStackWindows ACBP=A9
 0002:000029DC 0000009C C=DATA     S=.data    G=DGROUP   M=IdGlobal ACBP=A9
 0002:00002A78 00000004 C=DATA     S=.data    G=DGROUP   M=IdAntiFreezeBase ACBP=A9
 0002:00002A7C 00000028 C=DATA     S=.data    G=DGROUP   M=IdComponent ACBP=A9
 0002:00002AA4 000000BC C=DATA     S=.data    G=DGROUP   M=InstallUnit ACBP=A9
 0002:00004000 00000664 C=BSS      S=.bss     G=DGROUP   M=System   ACBP=A9
 0002:00004664 00000010 C=BSS      S=.bss     G=DGROUP   M=SysInit  ACBP=A9
 0002:00004674 00000004 C=BSS      S=.bss     G=DGROUP   M=Types    ACBP=A9
 0002:00004678 00000004 C=BSS      S=.bss     G=DGROUP   M=Windows  ACBP=A9
 0002:0000467C 00000004 C=BSS      S=.bss     G=DGROUP   M=Messages ACBP=A9
 0002:00004680 00000004 C=BSS      S=.bss     G=DGROUP   M=SysConst ACBP=A9
 0002:00004684 00000120 C=BSS      S=.bss     G=DGROUP   M=SysUtils ACBP=A9
 0002:000047A4 0000005C C=BSS      S=.bss     G=DGROUP   M=VarUtils ACBP=A9
 0002:00004800 00000040 C=BSS      S=.bss     G=DGROUP   M=Variants ACBP=A9
 0002:00004840 00000004 C=BSS      S=.bss     G=DGROUP   M=RTLConsts ACBP=A9
 0002:00004844 00000004 C=BSS      S=.bss     G=DGROUP   M=TypInfo  ACBP=A9
 0002:00004848 00000004 C=BSS      S=.bss     G=DGROUP   M=ActiveX  ACBP=A9
 0002:0000484C 00000044 C=BSS      S=.bss     G=DGROUP   M=Classes  ACBP=A9
 0002:00004890 00000004 C=BSS      S=.bss     G=DGROUP   M=Consts   ACBP=A9
 0002:00004894 00000060 C=BSS      S=.bss     G=DGROUP   M=Graphics ACBP=A9
 0002:000048F4 00000004 C=BSS      S=.bss     G=DGROUP   M=Math     ACBP=A9
 0002:000048F8 00000004 C=BSS      S=.bss     G=DGROUP   M=Contnrs  ACBP=A9
 0002:000048FC 0000000C C=BSS      S=.bss     G=DGROUP   M=CommCtrl ACBP=A9
 0002:00004908 00000031 C=BSS      S=.bss     G=DGROUP   M=MultiMon ACBP=A9
 0002:0000493C 00000004 C=BSS      S=.bss     G=DGROUP   M=Imm      ACBP=A9
 0002:00004940 00000008 C=BSS      S=.bss     G=DGROUP   M=HelpIntfs ACBP=A9
 0002:00004948 00000004 C=BSS      S=.bss     G=DGROUP   M=WinSpool ACBP=A9
 0002:0000494C 00000004 C=BSS      S=.bss     G=DGROUP   M=Printers ACBP=A9
 0002:00004950 00000034 C=BSS      S=.bss     G=DGROUP   M=FlatSB   ACBP=A9
 0002:00004984 00000004 C=BSS      S=.bss     G=DGROUP   M=SyncObjs ACBP=A9
 0002:00004988 000000CC C=BSS      S=.bss     G=DGROUP   M=UxTheme  ACBP=A9
 0002:00004A54 00000004 C=BSS      S=.bss     G=DGROUP   M=RichEdit ACBP=A9
 0002:00004A58 00000004 C=BSS      S=.bss     G=DGROUP   M=ToolWin  ACBP=A9
 0002:00004A5C 00000004 C=BSS      S=.bss     G=DGROUP   M=ShellAPI ACBP=A9
 0002:00004A60 00000004 C=BSS      S=.bss     G=DGROUP   M=RegStr   ACBP=A9
 0002:00004A64 00000004 C=BSS      S=.bss     G=DGROUP   M=WinInet  ACBP=A9
 0002:00004A68 00000004 C=BSS      S=.bss     G=DGROUP   M=UrlMon   ACBP=A9
 0002:00004A6C 00000004 C=BSS      S=.bss     G=DGROUP   M=ShlObj   ACBP=A9
 0002:00004A70 00000004 C=BSS      S=.bss     G=DGROUP   M=CommDlg  ACBP=A9
 0002:00004A74 00000004 C=BSS      S=.bss     G=DGROUP   M=Dlgs     ACBP=A9
 0002:00004A78 00000038 C=BSS      S=.bss     G=DGROUP   M=Dialogs  ACBP=A9
 0002:00004AB0 00000004 C=BSS      S=.bss     G=DGROUP   M=ExtCtrls ACBP=A9
 0002:00004AB4 00000004 C=BSS      S=.bss     G=DGROUP   M=ComStrs  ACBP=A9
 0002:00004AB8 0000000C C=BSS      S=.bss     G=DGROUP   M=Clipbrd  ACBP=A9
 0002:00004AC4 00000004 C=BSS      S=.bss     G=DGROUP   M=StrUtils ACBP=A9
 0002:00004AC8 00000030 C=BSS      S=.bss     G=DGROUP   M=Buttons  ACBP=A9
 0002:00004AF8 00000004 C=BSS      S=.bss     G=DGROUP   M=ExtDlgs  ACBP=A9
 0002:00004AFC 00000004 C=BSS      S=.bss     G=DGROUP   M=IniFiles ACBP=A9
 0002:00004B00 00000004 C=BSS      S=.bss     G=DGROUP   M=Registry ACBP=A9
 0002:00004B04 00000004 C=BSS      S=.bss     G=DGROUP   M=Mapi     ACBP=A9
 0002:00004B08 00000009 C=BSS      S=.bss     G=DGROUP   M=ExtActns ACBP=A9
 0002:00004B14 00000004 C=BSS      S=.bss     G=DGROUP   M=ListActns ACBP=A9
 0002:00004B18 00000010 C=BSS      S=.bss     G=DGROUP   M=ComCtrls ACBP=A9
 0002:00004B28 00000008 C=BSS      S=.bss     G=DGROUP   M=Themes   ACBP=A9
 0002:00004B30 00000004 C=BSS      S=.bss     G=DGROUP   M=StdCtrls ACBP=A9
 0002:00004B34 00000004 C=BSS      S=.bss     G=DGROUP   M=StdActns ACBP=A9
 0002:00004B38 00000014 C=BSS      S=.bss     G=DGROUP   M=WinHelpViewer ACBP=A9
 0002:00004B4C 00000080 C=BSS      S=.bss     G=DGROUP   M=Controls ACBP=A9
 0002:00004BCC 00000004 C=BSS      S=.bss     G=DGROUP   M=ActnList ACBP=A9
 0002:00004BD0 0000000C C=BSS      S=.bss     G=DGROUP   M=ImgList  ACBP=A9
 0002:00004BDC 00000010 C=BSS      S=.bss     G=DGROUP   M=Menus    ACBP=A9
 0002:00004BEC 00000020 C=BSS      S=.bss     G=DGROUP   M=Forms    ACBP=A9
 0002:00004C0C 00000004 C=BSS      S=.bss     G=DGROUP   M=MaskUtils ACBP=A9
 0002:00004C10 00000004 C=BSS      S=.bss     G=DGROUP   M=DateUtils ACBP=A9
 0002:00004C14 00000004 C=BSS      S=.bss     G=DGROUP   M=DBConsts ACBP=A9
 0002:00004C18 00000004 C=BSS      S=.bss     G=DGROUP   M=SqlTimSt ACBP=A9
 0002:00004C1C 00000004 C=BSS      S=.bss     G=DGROUP   M=FMTBcd   ACBP=A9
 0002:00004C20 00000004 C=BSS      S=.bss     G=DGROUP   M=ComConst ACBP=A9
 0002:00004C24 00000011 C=BSS      S=.bss     G=DGROUP   M=ComObj   ACBP=A9
 0002:00004C38 00000020 C=BSS      S=.bss     G=DGROUP   M=DB       ACBP=A9
 0002:00004C58 00000004 C=BSS      S=.bss     G=DGROUP   M=VDBConsts ACBP=A9
 0002:00004C5C 00000004 C=BSS      S=.bss     G=DGROUP   M=dbcgrids ACBP=A9
 0002:00004C60 00000004 C=BSS      S=.bss     G=DGROUP   M=Mask     ACBP=A9
 0002:00004C64 00000004 C=BSS      S=.bss     G=DGROUP   M=DBLogDlg ACBP=A9
 0002:00004C68 00000004 C=BSS      S=.bss     G=DGROUP   M=DBPWDlg  ACBP=A9
 0002:00004C6C 00000004 C=BSS      S=.bss     G=DGROUP   M=DBCtrls  ACBP=A9
 0002:00004C70 00000004 C=BSS      S=.bss     G=DGROUP   M=Grids    ACBP=A9
 0002:00004C74 0000000C C=BSS      S=.bss     G=DGROUP   M=DBGrids  ACBP=A9
 0002:00004C80 00000004 C=BSS      S=.bss     G=DGROUP   M=DBCommon ACBP=A9
 0002:00004C84 0000001C C=BSS      S=.bss     G=DGROUP   M=BDE      ACBP=A9
 0002:00004CA0 00000004 C=BSS      S=.bss     G=DGROUP   M=SMINTF   ACBP=A9
 0002:00004CA4 00000004 C=BSS      S=.bss     G=DGROUP   M=bdeconst ACBP=A9
 0002:00004CA8 00000061 C=BSS      S=.bss     G=DGROUP   M=DBTables ACBP=A9
 0002:00004D0C 00000004 C=BSS      S=.bss     G=DGROUP   M=Spin     ACBP=A9
 0002:00004D10 00000004 C=BSS      S=.bss     G=DGROUP   M=IdException ACBP=A9
 0002:00004D14 00000004 C=BSS      S=.bss     G=DGROUP   M=IdResourceStrings ACBP=A9
 0002:00004D18 000001C8 C=BSS      S=.bss     G=DGROUP   M=IdWinSock2 ACBP=A9
 0002:00004EE0 00000004 C=BSS      S=.bss     G=DGROUP   M=IdStackConsts ACBP=A9
 0002:00004EE4 00000008 C=BSS      S=.bss     G=DGROUP   M=IdStack  ACBP=A9
 0002:00004EEC 00000004 C=BSS      S=.bss     G=DGROUP   M=IdStackWindows ACBP=A9
 0002:00004EF0 00000004 C=BSS      S=.bss     G=DGROUP   M=IdURI    ACBP=A9
 0002:00004EF4 00000014 C=BSS      S=.bss     G=DGROUP   M=IdGlobal ACBP=A9
 0002:00004F08 00000004 C=BSS      S=.bss     G=DGROUP   M=IdBaseComponent ACBP=A9
 0002:00004F0C 00000004 C=BSS      S=.bss     G=DGROUP   M=IdAntiFreezeBase ACBP=A9
 0002:00004F10 00000008 C=BSS      S=.bss     G=DGROUP   M=IdComponent ACBP=A9
 0002:00004F18 00000004 C=BSS      S=.bss     G=DGROUP   M=IdSocketHandle ACBP=A9
 0002:00004F1C 00000004 C=BSS      S=.bss     G=DGROUP   M=IdIntercept ACBP=A9
 0002:00004F20 00000004 C=BSS      S=.bss     G=DGROUP   M=IdIOHandler ACBP=A9
 0002:00004F24 00000004 C=BSS      S=.bss     G=DGROUP   M=IdRFCReply ACBP=A9
 0002:00004F28 00000004 C=BSS      S=.bss     G=DGROUP   M=IdAssignedNumbers ACBP=A9
 0002:00004F2C 00000004 C=BSS      S=.bss     G=DGROUP   M=IdSocks  ACBP=A9
 0002:00004F30 00000004 C=BSS      S=.bss     G=DGROUP   M=IdTCPStream ACBP=A9
 0002:00004F34 00000004 C=BSS      S=.bss     G=DGROUP   M=IdStream ACBP=A9
 0002:00004F38 00000004 C=BSS      S=.bss     G=DGROUP   M=IdIOHandlerSocket ACBP=A9
 0002:00004F3C 00000004 C=BSS      S=.bss     G=DGROUP   M=IdTCPConnection ACBP=A9
 0002:00004F40 00000004 C=BSS      S=.bss     G=DGROUP   M=IdTCPClient ACBP=A9
 0002:00004F44 00000004 C=BSS      S=.bss     G=DGROUP   M=IdThread ACBP=A9
 0002:00004F48 00000004 C=BSS      S=.bss     G=DGROUP   M=IdStrings ACBP=A9
 0002:00004F4C 00000004 C=BSS      S=.bss     G=DGROUP   M=IdFTPList ACBP=A9
 0002:00004F50 00000004 C=BSS      S=.bss     G=DGROUP   M=IdFTPCommon ACBP=A9
 0002:00004F54 00000004 C=BSS      S=.bss     G=DGROUP   M=IdSimpleServer ACBP=A9
 0002:00004F58 00000004 C=BSS      S=.bss     G=DGROUP   M=IdFTP    ACBP=A9
 0002:00004F5C 00000004 C=BSS      S=.bss     G=DGROUP   M=IdUDPBase ACBP=A9
 0002:00004F60 00000004 C=BSS      S=.bss     G=DGROUP   M=IdUDPClient ACBP=A9
 0002:00004F64 00000004 C=BSS      S=.bss     G=DGROUP   M=OleConst ACBP=A9
 0002:00004F68 00000004 C=BSS      S=.bss     G=DGROUP   M=OleServer ACBP=A9
 0002:00004F6C 00000004 C=BSS      S=.bss     G=DGROUP   M=StdVCL   ACBP=A9
 0002:00004F70 00000004 C=BSS      S=.bss     G=DGROUP   M=Office2000 ACBP=A9
 0002:00004F74 00000004 C=BSS      S=.bss     G=DGROUP   M=VBIDE2000 ACBP=A9
 0002:00004F78 00000004 C=BSS      S=.bss     G=DGROUP   M=Word2000 ACBP=A9
 0002:00004F7C 00000004 C=BSS      S=.bss     G=DGROUP   M=IdNetworkCalculator ACBP=A9
 0002:00004F80 00000008 C=BSS      S=.bss     G=DGROUP   M=ZhurnalUnit ACBP=A9
 0002:00004F88 00000008 C=BSS      S=.bss     G=DGROUP   M=SqlUnit  ACBP=A9
 0002:00004F90 00000008 C=BSS      S=.bss     G=DGROUP   M=BalansUnit ACBP=A9
 0002:00004F98 00000008 C=BSS      S=.bss     G=DGROUP   M=SaldoUnit ACBP=A9
 0002:00004FA0 00000008 C=BSS      S=.bss     G=DGROUP   M=TovarUnit ACBP=A9
 0002:00004FA8 00000008 C=BSS      S=.bss     G=DGROUP   M=SpravUnit ACBP=A9
 0002:00004FB0 00000008 C=BSS      S=.bss     G=DGROUP   M=DMUnit   ACBP=A9
 0002:00004FB8 00000050 C=BSS      S=.bss     G=DGROUP   M=NaklUnit ACBP=A9
 0002:00005008 00000564 C=BSS      S=.bss     G=DGROUP   M=InstallUnit ACBP=A9
 0002:0000556C 00000008 C=BSS      S=.bss     G=DGROUP   M=MainUnit ACBP=A9


  Address         Publics by Name

 0002:00002270       ..
 0001:000BE5A8       ..
 0002:000016FC       ..
 0001:000BB244       ..
 0002:00004C88       ..
 0002:0000466C       .1
 0002:00004A60       .1
 0002:00004A5C       .1
 0002:00004970       .1
 0002:00004890       .1
 0002:00004D14       .1
 0002:00004F48       .1
 0002:00004A54       .1
 0002:00004C10       .1
 0002:00004EE0       .1
 0002:00004CA4       .1
 0002:00004928       .1
 0002:00004A74       .1
 0002:00004A44       .1
 0002:00004C84       .1
 0002:00004C14       .1
 0002:000048FC       .1
 0002:00004C18       .1
 0002:00004C58       .1
 0002:00004840       .1
 0002:00004CA0       .1
 0002:00004F50       .1
 0002:00004B04       .1
 0002:00004A68       .1
 0002:00004AC4       .1
 0002:00004B40       .1
 0002:00004680       .1
 0002:00004F6C       .1
 0002:00004C20       .1
 0002:0000467C       .1
 0002:00004F64       .1
 0002:00004A6C       .1
 0002:0000493C       .1
 0002:00004AB4       .1
 0002:00004A64       .1
 0002:00004674       .1
 0002:00004F28       .1
 0002:00004A70       .1
 0002:00004A78       .11
 0002:00004C70       .11
 0002:00004EFC       .11
 0002:00004898       .12
 0002:00004AB0       .12
 0002:00004F38       .2
 0002:00004F8C       .2
 0002:00004F84       .2
 0002:00004C64       .2
 0002:00004FA4       .2
 0002:00005004       .2
 0002:00004F2C       .2
 0002:00004ABC       .2
 0002:00004F20       .2
 0002:00004FAC       .2
 0002:00004F08       .2
 0002:00004F40       .2
 0002:00004FB4       .2
 0002:00004F54       .2
 0002:00004F30       .2
 0002:00004F94       .2
 0002:00004C0C       .2
 0002:00005570       .2
 0002:000048F4       .2
 0002:00004F9C       .2
 0002:00004B28       .2
 0002:00004940       .2
 0002:00004F0C       .2
 0002:00004C68       .2
 0002:00004F60       .2
 0002:000048F8       .21
 0002:00004CB4       .22
 0002:00004C6C       .22
 0002:00004ED8       .3
 0002:00004EF0       .3
 0002:00004F34       .3
 0002:00004678       .3
 0002:00004F10       .3
 0002:00004948       .3
 0002:00004848       .3
 0002:00004F24       .3
 0002:00004C80       .3
 0002:00004EEC       .3
 0002:00004BD0       .3
 0002:0000494C       .3
 0002:00004AF8       .3
 0002:00004F68       .3
 0002:00004C1C       .3
 0002:00004F7C       .3
 0002:00004F3C       .31
 0002:00004794       .35
 0002:00004C54       .36
 0002:00004B18       .36
 0002:00004A58       .4
 0002:00004AC8       .4
 0002:00004F70       .4
 0002:00004C5C       .4
 0002:00004F5C       .4
 0002:00004F1C       .4
 0002:00004F58       .4
 0002:00004F4C       .4
 0002:00004C24       .41
 0002:00004BF4       .41
 0002:00004B30       .42
 0002:00004858       .45
 0002:00004C60       .5
 0002:00004F44       .5
 0002:000047FC       .5
 0002:00005568       .5
 0002:000045BC       .5
 0002:00004D0C       .5
 0002:00004B00       .5
 0002:00004F78       .51
 0002:00004984       .6
 0002:00004844       .6
 0002:00004EE8       .6
 0002:00004D10       .64
 0002:00004B54       .72
 0002:00004B08       .72
 0002:00004B34       .73
 0002:00004AFC       .8
 0002:00004BCC       .8
 0002:00004B14       .8
 0002:00004820       .81
 0002:00004F74       .81
 0002:00004C74       .9
 0002:00004F18       .9
 0002:00004BE4       .9
 0001:00001BCC       @AbstractError
 0001:000045BC       @AddRefArray
 0001:00004574       @AddRefRecord
 0001:00002EC8       @AfterConstruction
 0001:00001C58       @Append
 0001:00002CBC       @AsClass
 0001:00001EBC       @Assign
 0001:000020B8       @AStrCmp
 0001:00002ED8       @BeforeDestruction
 0001:00002A44       @BoundErr
 0001:00002D08       @CallDynaInst
 0001:00002E70       @ClassCreate
 0001:00002EC0       @ClassDestroy
 0001:00001F84       @Close
 0001:00001960       @Copy
 0001:000047B0       @CopyArray
 0001:00004694       @CopyRecord
 0001:0000491C       @DispCallByIDError
 0001:00010420       @DispInvoke
 0001:00010118       @DispInvokeError
 0001:000048B8       @Dispose
 0001:00003354       @DoneExcept
 0001:000050F0       @DynArrayAddRef
 0001:000050C8       @DynArrayAsg
 0001:0000508C       @DynArrayClear
 0001:00004F78       @DynArrayCopy
 0001:00004F98       @DynArrayCopyRange
 0001:00004DB8       @DynArrayHigh
 0001:00004DB0       @DynArrayLength
 0001:00004F6C       @DynArraySetLength
 0001:00002128       @EofText
 0001:0000343C       @ExceptionHandler
 0001:00002160       @FillChar
 0001:00004568       @Finalize
 0001:0000447C       @FinalizeArray
 0001:00004430       @FinalizeRecord
 0001:00002D20       @FindDynaInst
 0001:00001F78       @Flush
 0001:00002A38       @FpuInit
 0001:00002974       @FpuMaskInit
 0001:00001B78       @FRAC
 0001:000017E8       @FreeMem
 0001:000017C8       @GetMem
 0001:00005E74       @GetTls
 0001:00003884       @Halt
 0001:000037AC       @Halt0
 0001:00002FEC       @HandleAnyException
 0001:000032A0       @HandleFinally
 0001:00003118       @HandleOnException
 0001:00005EC0       @InitExe
 0001:00004424       @Initialize
 0001:00004390       @InitializeArray
 0001:00004360       @InitializeRecord
 0001:00003670       @InitImports
 0001:00003648       @InitResStringImports
 0001:00003624       @InitResStrings
 0001:000057B8       @IntfAddRef
 0001:00005788       @IntfCast
 0001:00005744       @IntfClear
 0001:0000575C       @IntfCopy
 0001:00002A4C       @IntOver
 0001:00002C98       @IsClass
 0001:00002944       @isNECWindows
 0001:00003DD0       @LStrAddRef
 0001:00003944       @LStrArrayClr
 0001:00003974       @LStrAsg
 0001:00003BE8       @LStrCat
 0001:00003C2C       @LStrCat3
 0001:00003CA0       @LStrCatN
 0001:00003920       @LStrClr
 0001:00003D2C       @LStrCmp
 0001:00003E40       @LStrCopy
 0001:00003E80       @LStrDelete
 0001:00003B90       @LStrFromArray
 0001:00003B08       @LStrFromChar
 0001:00003B18       @LStrFromPChar
 0001:00003A10       @LStrFromPCharLen
 0001:00003B48       @LStrFromPWChar
 0001:00003A7C       @LStrFromPWCharLen
 0001:00003B84       @LStrFromString
 0001:00003BA8       @LStrFromWStr
 0001:00003EC8       @LStrInsert
 0001:000039B8       @LStrLAsg
 0001:00003BE0       @LStrLen
 0001:00003FD0       @LStrOfChar
 0001:00003F24       @LStrPos
 0001:00003F6C       @LStrSetLength
 0001:00003DE0       @LStrToPChar
 0001:00003BBC       @LStrToString
 0001:000048A4       @New
 0001:000039E4       @NewAnsiString
 0001:0000402C       @NewWideString
 0001:0001496C       @OleVarFromInt
 0001:00014C70       @OleVarFromLStr
 0001:00014D2C       @OleVarFromVar
 0001:00002658       @Pow10
 0001:00002034       @PStrCmp
 0001:0000200C       @PStrCpy
 0001:00001FDC       @PStrNCat
 0001:00002018       @PStrNCpy
 0001:00003300       @RaiseAgain
 0001:000032D8       @RaiseExcept
 0001:000021BC       @ReadChar
 0001:00002320       @ReadLn
 0001:000022B4       @ReadLString
 0001:000022A8       @ReadString
 0001:00001808       @ReallocMem
 0001:00001C40       @ResetText
 0001:00001C4C       @RewritText
 0001:00001B9C       @ROUND
 0001:00003890       @RunError
 0001:0000261C       @SetEq
 0001:00002630       @SetExpand
 0001:00001B50       @SetLength
 0001:000035E4       @StartExe
 0001:00004B64       @Str0Int64
 0001:000023B0       @Str0Long
 0001:00004AA4       @StrInt64
 0001:000003A8       @strlen
 0001:00002350       @StrLong
 0001:00001BA8       @TRUNC
 0001:00003384       @TryFinallyExit
 0001:00003E38       @UniqueStringA
 0001:00004B80       @ValInt64
 0001:000023BC       @ValLong
 0001:000045A4       @VarAddRef
 0001:00016A78       @VarAddRef
 0001:00017274       @VarArrayGet
 0001:00017364       @VarArrayPut
 0001:00010D74       @VarCast
 0001:00010404       @VarClear
 0001:00004464       @VarClr
 0001:00010418       @VarClr
 0001:00018B28       @VarCmpEQ
 0001:00018B78       @VarCmpGE
 0001:00018B68       @VarCmpGT
 0001:00018B58       @VarCmpLE
 0001:00018B48       @VarCmpLT
 0001:00018B38       @VarCmpNE
 0001:00010830       @VarCopy
 0001:0000467C       @VarCopy
 0001:00010AB0       @VarCopyNoInd
 0001:00014B00       @VarFromBool
 0001:0001498C       @VarFromByte
 0001:00014B50       @VarFromCurr
 0001:00014AA8       @VarFromCurrency
 0001:00014AD4       @VarFromDate
 0001:00014C44       @VarFromDisp
 0001:00014A7C       @VarFromDouble
 0001:00014910       @VarFromInt
 0001:00014A2C       @VarFromInt64
 0001:0001494C       @VarFromInteger
 0001:00014C18       @VarFromIntf
 0001:000149CC       @VarFromLongWord
 0001:00014B64       @VarFromLStr
 0001:00014B90       @VarFromPStr
 0001:00014B28       @VarFromReal
 0001:000149EC       @VarFromShortInt
 0001:00014A58       @VarFromSingle
 0001:00014A0C       @VarFromSmallInt
 0001:00014B3C       @VarFromTDateTime
 0001:000149AC       @VarFromWord
 0001:00014BE0       @VarFromWStr
 0001:00018B1C       @VarMul
 0001:000167F8       @VarNot
 0001:0001016C       @VarNull
 0001:00015C8C       @VarOp
 0001:00010AC4       @VarStringToOleStr
 0001:00012540       @VarToBool
 0001:000121F8       @VarToBoolean
 0001:00011638       @VarToByte
 0001:000133E4       @VarToCurrency
 0001:00012E7C       @VarToDate
 0001:00014864       @VarToDisp
 0001:0001270C       @VarToDouble
 0001:00011BFC       @VarToInt64
 0001:00011138       @VarToInteger
 0001:00014798       @VarToIntf
 0001:000118B0       @VarToLongWord
 0001:00013A98       @VarToLStr
 0001:00012A88       @VarToReal
 0001:00011588       @VarToShortInt
 0001:00012AA4       @VarToSingle
 0001:000116E0       @VarToSmallInt
 0001:000117D8       @VarToWord
 0001:000141C0       @VarToWStr
 0001:00003FFC       @Write0LString
 0001:000024D4       @WriteBytes
 0001:000025A4       @WriteLn
 0001:00004004       @WriteLString
 0001:00002528       @WriteSpaces
 0001:00004340       @WStrAddRef
 0001:0000406C       @WStrArrayClr
 0001:00004090       @WStrAsg
 0001:000041CC       @WStrCat
 0001:00004054       @WStrClr
 0001:0000422C       @WStrCmp
 0001:000042B0       @WStrCopy
 0001:000041A0       @WStrFromLStr
 0001:000040B4       @WStrFromPCharLen
 0001:00004164       @WStrFromPWChar
 0001:00004140       @WStrFromPWCharLen
 0001:000041C0       @WStrLen
 0001:000042FC       @WStrSetLength
 0001:000041B0       @WStrToPWChar
 0001:000025F8       @_CLenToPasStr
 0001:000025EC       @_CToPasStr
 0001:00001930       @_IOTest
 0001:0000496C       @_lldiv
 0001:000049E8       @_llmod
 0001:00004924       @_llmul
 0001:00004948       @_llmulo
 0001:00004A64       @_llshl
 0001:00004A84       @_llushr
 0001:0000C7B4       Abort
 0001:00033248       AbortProc
 0001:0005B38C       AbsMin
 0001:0000CB80       AbstractErrorHandler
 0002:0000402C       AbstractErrorProc
 0002:00004D1C       accept
 0002:00004ECC       AcceptEx
 0002:00000144       AccessMode
 0001:00001898       AcquireExceptionObject
 0001:0001D0D0       ActivateClassGroup
 0001:00006670       ActivateKeyboardLayout
 0002:00004B88       ActiveDrag
 0001:0001A83C       ActiveX
 0001:0006AA3C       ActnList
 0001:000004D4       AddBlockAfter
 0001:00082040       AddChars
 0001:000850E8       AddCurrency
 0001:000848B8       AddCurrencySymbol
 0002:00000618       AddDataModule
 0001:000841C4       AddDigit
 0001:00007F60       AddExitProc
 0001:000B79DC       AddField
 0001:0008DDB0       AddFieldDefs
 0001:000B16A8       AddFields
 0001:0008E00C       AddFields
 0001:000CE1E0       AddFieldToList
 0001:00020EE4       AddFinished
 0001:0006E238       AddIn
 0001:000853D8       AddLiterals
 0001:000C24EC       AddMessage
 0001:000055E8       AddModuleUnloadProc
 0001:000055D8       AddModuleUnloadProc
 0001:00084998       AddNegCurrencySymbol
 0001:0008372C       AddNormalizedFractions
 0001:00020F1C       AddNotFinished
 0001:000841A8       AddOneChar
 0001:000820FC       AddStrings
 0001:00021940       AddSubComponentsToLoaded
 0001:00025F3C       AddThread
 0002:000013A0       AdjustAmt
 0002:00001398       AdjustAmt
 0002:00001390       AdjustAmt
 0002:00001388       AdjustAmt
 0001:0002BEB4       AdjustColor
 0001:0003AE3C       AdjustColors
 0001:00082B58       AdjustDecimalPosition
 0001:0009A5B8       AdjustFirstRecord
 0001:0000838C       AdjustLineBreaks
 0001:00075314       Adjustment
 0001:00083A84       AdjustNibbles
 0001:000D8F5C       AdjustStreamSize
 0001:00006678       AdjustWindowRectEx
 0002:00002AE0       AgentSelf
 0001:0000DFCC       AL1
 0002:00000314       AL1s
 0001:0000DFDC       AL2
 0002:00000324       AL2s
 0002:000016BC       AlignFlags
 0002:00000F64       Alignments
 0002:00000ECC       Alignments
 0002:00000F74       Alignments
 0002:0000121C       Alignments
 0002:00000B2C       Alignments
 0002:0000122C       Alignments
 0002:00000FD8       Alignments
 0002:00000E8C       Alignments
 0002:00000D98       AlignStyles
 0001:0007C20C       AlignWork
 0001:00060B54       AlignWork
 0001:00027D44       AllocateHWnd
 0001:000364B8       AllocFilterStr
 0001:00007F14       AllocMem
 0002:000045B4       AllocMemCount
 0002:000045B8       AllocMemSize
 0001:000311D8       AllocPatternBitmap
 0001:00005E1C       AllocTlsBuffer
 0001:0000E00C       ALR
 0001:0000DFF4       ALV
 0001:000246A0       AncestorIsValid
 0002:00001008       AnchorAlign
 0002:00000FFC       AnimateWindowProc
 0002:00001104       AnimationStyle
 0001:00008140       AnsiCompareStr
 0001:00008178       AnsiCompareText
 0001:0003D058       AnsiContainsText
 0001:0000828C       AnsiExtractQuotedStr
 0001:00008C20       AnsiLastChar
 0001:00006680       AnsiLower
 0001:0000810C       AnsiLowerCase
 0001:0000D5B0       AnsiLowerCaseFileName
 0001:0000D578       AnsiPos
 0001:00072B10       AnsiSameCaption
 0001:000081B0       AnsiSameText
 0001:000081C8       AnsiStrIComp
 0001:000081E8       AnsiStrLIComp
 0001:0000D6C8       AnsiStrPos
 0001:0000D768       AnsiStrRScan
 0001:0000D790       AnsiStrScan
 0001:000C20E4       AnsiToNative
 0001:000C2170       AnsiToNativeBuf
 0001:00005BB8       AnsiToUtf8
 0001:000080D8       AnsiUpperCase
 0001:0000D63C       AnsiUpperCaseFileName
 0001:000152A0       AnyOp
 0001:00014720       AnyToIntf
 0001:0000AA08       AppendChars
 0001:0000ADCC       AppendFormat
 0001:0000AA6C       AppendNumber
 0001:0000AA4C       AppendString
 0002:00004BEC       Application
 0001:000C1910       ApplicationHandleException
 0002:00000628       ApplicationHandleException
 0002:00000630       ApplicationShowException
 0002:00001358       AppVisible
 0002:00001660       ArrowKey
 0001:0000CB64       AssertErrorHandler
 0002:00004024       AssertErrorProc
 0001:000CD30C       AssignFields
 0001:00019E18       AssignLongStr
 0001:0001A494       AssignVariant
 0002:00004F04       ATempPath
 0001:0008E8C4       AttributeSetStored
 0002:0000460C       avail
 0001:00008E78       BackfillGetDiskFreeSpaceEx
 0001:0005DF20       BackgroundClipped
 0002:00002AD4       BackToFtp
 0001:0000EE38       BackupVarBoolFromStr
 0001:0000EF98       BackupVarBStrFromBool
 0001:0000EEB8       BackupVarBStrFromCy
 0001:0000EF28       BackupVarBStrFromDate
 0001:0000EDCC       BackupVarCyFromStr
 0001:0000ED60       BackupVarDateFromStr
 0001:0000EC1C       BackupVarI4FromStr
 0001:0000EBC8       BackupVariantChangeTypeEx
 0001:0000EC88       BackupVarR4FromStr
 0001:0000ECF4       BackupVarR8FromStr
 0002:00004F90       BalansForm
 0001:000EDE64       BalansUnit
 0002:00002ABC       BaseDir
 0002:00001638       BaseFieldTypes
 0002:00002AC0       BaseRezDir
 0002:00002AC4       BaseRezDir1
 0002:0000045C       BaseTypeMap
 0001:00084058       BcdAdd
 0001:00083C34       BcdCompare
 0001:00084D28       BcdCurrencyFormat
 0001:00083FEC       BcdDivide
 0001:00083E9C       BcdDivide
 0001:00081214       BcdError
 0001:000811A4       BcdErrorFmt
 0001:000846D8       BcdFixedOrNumberFormat
 0001:00084674       BcdGeneralFormat
 0001:00083E30       BcdMultiply
 0001:00083D38       BcdMultiply
 0001:000844CC       BcdScale
 0001:0008468C       BcdScientificFormat
 0001:00083CFC       BcdSubtract
 0001:000845C8       BCDToCurr
 0001:00081C14       BcdToDouble
 0001:00084388       BcdToStr
 0001:00084E14       BcdToStrF
 0001:000BEF20       BDE
 0001:000C1EF0       BdeCallBack
 0001:000BF0A0       bdeconst
 0002:00004D00       BDEInitProcs
 0001:0000D158       Beep
 0001:00006688       BeginDeferWindowPos
 0001:0001D4A4       BeginGlobalLoading
 0001:00006690       BeginPaint
 0001:000038D4       BeginThread
 0001:0002BEC0       BetterSize
 0001:0003A72C       BevelLine
 0001:0003A63C       BevelRect
 0001:0006F0AC       BiDiDraw
 0002:00004D20       bind
 0001:00025E28       BinToHex
 0001:000063E8       BitBlt
 0002:00000CDC       BitBtnCaptions
 0002:00004ACC       BitBtnGlyphs
 0002:00000D08       BitBtnModalResults
 0002:00000CB0       BitBtnResNames
 0002:000009B4       BitmapCanvasList
 0002:000048B0       BitmapImageLock
 0001:0000EC04       BiUnimplemented
 0001:000829F4       BlankArgument
 0002:000023EC       BlobTypeMap
 0002:000006D0       BlockCode
 0002:000045E4       blockDescBlockList
 0002:000045E8       blockDescFreeList
 0002:000005FC       BooleanIdents
 0002:00000458       BooleanToStringRule
 0002:000016E8       BoolFalse
 0001:00008910       BoolToStr
 0001:00013820       BoolToWStrViaOS
 0002:00000FF0       Borders
 0002:00000B24       BorderStyles
 0002:00000E84       BorderStyles
 0001:00005F78       Bounds
 0001:0001C3E8       Bounds
 0002:000011C4       Breaks
 0002:000048E8       BrushManager
 0002:0000168C       BtnHintId
 0002:00001664       BtnTypeName
 0001:0008CA70       BuffersEqual
 0001:00099C84       BufferToByteArray
 0001:000A6838       Build
 0001:00071924       BuildImage
 0002:00000ACC       ButtonCaptions
 0002:00000D38       ButtonCount
 0002:00000AA0       ButtonNames
 0002:00001240       Buttons
 0001:000408FC       Buttons
 0002:00000F5C       ButtonStyles
 0002:00004A84       ButtonWidths
 0001:00099D38       ByteArrayToBuffer
 0001:000D30DC       ByteIsOk
 0001:0002B6A0       BytesPerScanline
 0001:0002B9F8       ByteSwapColors
 0001:0000D23C       ByteToCharIndex
 0001:0000D214       ByteToCharLen
 0001:0000D1D8       ByteType
 0001:0000D160       ByteTypeTest
 0002:00004BD4       CachedComCtrlVer
 0001:000A8CC4       CalcAxis
 0001:000A99EC       CalcAxis
 0001:000A8F08       CalcAxisState
 0001:000A8D50       CalcFixedAxis
 0001:00027C80       CalcJmpOffset
 0001:000A8E64       CalcMaxCell
 0001:000AAE98       CalcPageExtents
 0001:00084FD8       CalcPrecisionAndDigits
 0001:000AA794       CalcScroll
 0001:000A9DFC       CalcScrollBar
 0001:000AAAF8       CalcSizeInfo
 0001:000689A4       CalcSplitterPos
 0001:00094720       CalcTotalSize
 0001:0008E904       CalculatedStored
 0001:00006698       CallNextHookEx
 0001:0000DF90       CallTerminateProcs
 0001:000066A0       CallWindowProc
 0001:000C7FD4       CanBlockRead
 0001:0005C3C4       CancelDrag
 0001:0009B42C       CancelNestedDataSets
 0001:00082984       CanUseShort
 0002:000048EC       CanvasList
 0002:00004B9C       CanvasList
 0002:00000A78       Captions
 0002:000010C0       CaptureControl
 0001:000A6E48       CaretPos
 0002:00001164       cBooleanToItemAutoFlag
 0002:00000508       CBooleanToRelationship
 0002:00002430       CBRetCode
 0001:00035DC8       CenterWindow
 0002:00004ABA       CF_COMPONENT
 0002:00004AB8       CF_PICTURE
 0002:00004818       ChangeAnyProc
 0001:0005A8F0       ChangeBiDiModeAlignment
 0001:00008CA0       ChangeFileExt
 0002:00000F10       CharCases
 0002:00000EAC       CharCases
 0001:00003A40       CharFromWChar
 0001:0000D410       CharLength
 0001:000066A8       CharLowerBuff
 0001:000066B0       CharNext
 0001:00000310       CharNext
 0001:00029D84       CharsetToIdent
 0001:0000D324       CharToByteIndex
 0001:0000D388       CharToByteLen
 0001:000066B8       CharToOem
 0001:000066C0       CharToOemA
 0001:000066C8       CharToOemBuff
 0001:000066D0       CharUpperBuff
 0001:000C2488       Check
 0001:0002C488       CheckBool
 0001:00044EF4       CheckCommonControl
 0001:000B44E4       CheckForPassthroughs
 0001:000C9EB0       CheckIfParentScrolled
 0001:000C164C       CheckIndexOpen
 0001:00002F68       CheckJmp
 0001:000066D8       CheckMenuItem
 0001:0009A1A4       CheckNestedBrowseMode
 0002:000011B4       Checks
 0001:00080D90       CheckSqlTimeStamp
 0001:0002197C       CheckSubComponents
 0001:00025F54       CheckSynchronize
 0001:00074D48       CheckTaskWindow
 0001:0001527C       CheckType
 0001:0005C078       CheckUndock
 0001:0000D04C       CheckWin32Version
 0002:00000474       CInvalidCustomVariantType
 0002:00001168       cItemAutoFlagToBoolean
 0002:00001160       cItemAutoFlagToMenu
 0001:00027ED0       Classes
 0001:00085E30       ClassIDToProgID
 0001:0001CE94       ClassNotFound
 0002:0000234C       Class_SMClient
 0002:00004814       ClearAnyProc
 0001:00029614       ClearColor
 0001:00086830       ClearExcepInfo
 0001:000B3B30       ClearSelection
 0001:00017D9C       ClearVariantTypeList
 0001:000066E0       ClientToScreen
 0001:00065F48       ClientToWindow
 0001:0003CF14       Clipboard
 0002:000009AC       ClipboardFormats
 0001:0003D000       Clipbrd
 0001:000066E8       CloseClipboard
 0001:000002B0       CloseHandle
 0001:000060C0       CloseHandle
 0001:000330E4       ClosePrinter
 0002:00004D24       closesocket
 0002:0000498C       CloseThemeData
 0001:0001A7D8       CLSIDFromProgID
 0002:00004040       CmdLine
 0002:0000403C       CmdShow
 0002:0000115C       cMenuAutoFlagToItem
 0002:00000514       CmpTypeMap
 0001:0000EC10       CmpUnimplemented
 0002:00001418       CoAddRefServerProcess
 0001:0001A7C0       CoCreateInstance
 0002:00001410       CoCreateInstanceEx
 0002:00001428       CoInitFlags
 0001:0001A7B0       CoInitialize
 0002:00001414       CoInitializeEx
 0001:0001D760       CollectionsEqual
 0002:00000DDC       ColorIndex
 0002:0000072C       Colors
 0001:00029B7C       ColorToIdent
 0002:00000B38       ColorToPretyName
 0001:00029B6C       ColorToRGB
 0002:00000EFC       ComboBoxStyles
 0002:00004C2C       ComClassManagerVar
 0001:00085A48       ComConst
 0002:00004900       ComCtl32DLL
 0002:00004B24       ComCtlVersion
 0001:00049F08       ComCtrls
 0002:00004BE8       CommandPool
 0001:00031924       CommCtrl
 0001:0003523C       CommDlg
 0001:000007B4       Commit
 0002:00004628       committedRoot
 0001:00086AF8       ComObj
 0001:00083A04       CompactBcd
 0001:0007FC90       CompareDateTime
 0001:00081DE0       CompareDigits
 0001:000A6BA4       CompareExtents
 0001:0006D81C       CompareFront
 0001:00008040       CompareMem
 0001:000837E4       CompareNormalizedFractions
 0001:00008010       CompareStr
 0001:000060C8       CompareString
 0001:00008060       CompareText
 0001:00008838       CompareWith
 0001:00021A5C       ComponentCreated
 0001:0002C258       ComputeAldusChecksum
 0001:0003C9B4       ComStrs
 0001:000CB95C       ConcatField
 0002:00004D28       connect
 0001:000D787C       ConnectTimeout
 0001:000282B4       Consts
 0001:000316D8       Contnrs
 0002:00004B5A       ControlAtom
 0002:00004B60       ControlAtomString
 0001:00079ADC       ControlHasHelp
 0001:00069744       Controls
 0002:0000064C       Convert
 0002:0000065C       Convert
 0001:0000C554       ConvertAddr
 0001:0000AB5C       ConvertEraString
 0001:00007ED8       ConvertError
 0001:00007EF0       ConvertErrorFmt
 0001:0000ACC4       ConvertYearString
 0001:00004DC0       CopyArray
 0001:0002E768       CopyBitmap
 0001:0002EE30       CopyBitmapAsMask
 0001:00084660       CopyByte
 0001:00036CAC       CopyData
 0001:000063F0       CopyEnhMetaFile
 0001:000060D0       CopyFile
 0001:000406AC       CopyImage
 0001:0003FC74       CopyImage
 0001:0002EDCC       CopyPalette
 0002:00000E20       Copyright
 0001:0007090C       CopyToBest
 0002:0000141C       CoReleaseServerProcess
 0002:00001420       CoResumeClassObjects
 0002:00001424       CoSuspendClassObjects
 0001:0001A7E0       CoTaskMemFree
 0001:0001A7B8       CoUninitialize
 0001:0000D294       CountChars
 0002:000048C8       CounterLock
 0002:00000478       CRangeToType
 0001:0000CAA8       CreateAssertException
 0001:0000CC30       CreateAVObject
 0001:000063F8       CreateBitmap
 0001:00006400       CreateBrushIndirect
 0001:00085E5C       CreateComObject
 0001:00006408       CreateCompatibleBitmap
 0001:00006410       CreateCompatibleDC
 0001:00021ADC       CreateComponent
 0001:00006418       CreateDC
 0001:00006428       CreateDIBitmap
 0001:00006420       CreateDIBSection
 0001:00008F58       CreateDir
 0001:000060D8       CreateDirectory
 0001:000060E0       CreateEvent
 0001:000060E8       CreateFile
 0001:000002B8       CreateFileA
 0001:00006430       CreateFontIndirect
 0001:00006438       CreateHalftonePalette
 0001:00006440       CreateIC
 0001:000066F0       CreateIcon
 0001:0000C9D4       CreateInOutError
 0001:000066F8       CreateMenu
 0001:00037650       CreateMessageDialog
 0001:000060F8       CreateMutexA
 0001:00085FF8       CreateOleObject
 0001:00006448       CreatePalette
 0001:00006450       CreatePenIndirect
 0001:00006700       CreatePopupMenu
 0001:00085E94       CreateRemoteComObject
 0001:00006458       CreateSolidBrush
 0001:0002BA50       CreateSystemPalette
 0001:00006118       CreateThread
 0001:00000318       CreateThread
 0001:00006D30       CreateWindow
 0001:00006CD8       CreateWindowEx
 0002:00001000       CreationControl
 0002:00000A08       CreationControl
 0002:000005E8       CRelationshipToBoolean
 0002:0000043C       CResult
 0002:00004CE8       CSAnsiToNative
 0002:00000FC8       CSHREDRAW
 0002:0000013C       cSimpleBoolStrs
 0002:00004CD0       CSNativeToAnsi
 0002:00000590       CText
 0002:00000F54       Ctl3DStyles
 0002:000010FC       Ctl3DStyles
 0001:000A6E14       Ctrl
 0002:00004620       curAlloc
 0001:00015F8C       CurrCompare
 0002:0000468C       CurrencyDecimals
 0002:00004688       CurrencyFormat
 0002:00004684       CurrencyString
 0001:0000A9F4       CurrentYear
 0001:00015888       CurrOp
 0001:0008453C       CurrToBCD
 0001:0000A0E8       CurrToStr
 0001:0000A150       CurrToStrF
 0001:000137B0       CurrToWStrViaOS
 0002:000012DC       CursorMap
 0002:00001010       Cursors
 0001:0005AC10       CursorToIdent
 0002:000012CC       cUseAlpha
 0002:000012D4       cUseColorKey
 0002:00000334       CVarTypeToElementInfo
 0001:00008558       CvtInt
 0001:000085C4       CvtInt64
 0002:00001404       CWNear
 0002:0000017C       CWNear
 0002:00000FD0       Data
 0001:0008C8DC       DatabaseError
 0001:0008C988       DatabaseErrorFmt
 0002:0000247C       DataType
 0002:000023D0       DataTypeMap
 0001:0000A8BC       Date
 0001:00015F64       DateCompare
 0001:000153C0       DateOp
 0002:0000468D       DateSeparator
 0001:00099C3C       DateTimeToNative
 0001:00080CC0       DateTimeToSQLTimeStamp
 0001:0000B60C       DateTimeToStr
 0001:0000B580       DateTimeToString
 0001:0000A7E4       DateTimeToSystemTime
 0001:0000A340       DateTimeToTimeStamp
 0001:000318E4       DateTime_GetMonthCal
 0001:000318C8       DateTime_SetMonthCalColor
 0001:000318AC       DateTime_SetRange
 0001:00031890       DateTime_SetSystemTime
 0001:0000B5DC       DateToStr
 0001:000137E8       DateToWStrViaOS
 0001:0007FD00       DateUtils
 0001:0000A894       DayOfWeek
 0001:0007FC2C       DaysInAMonth
 0001:0009C378       DB
 0002:00004C50       DBApplication
 0001:0009C4EC       dbcgrids
 0001:000BB21C       DBCommon
 0001:0007FF78       DBConsts
 0001:000A5F54       DBCtrls
 0001:000B6EC0       DBGrids
 0001:000BD936       DbiAcqPersistTableLock
 0001:000BD948       DbiAcqTableLock
 0001:000BD246       DbiActivateFilter
 0001:000BCB9E       DbiAddAlias
 0001:000BCB08       DbiAddDriver
 0001:000BD252       DbiAddFilter
 0001:000BD76E       DbiAddIndex
 0001:000BD8FA       DbiAddPassword
 0001:000BCE20       DbiAnsiToNative
 0001:000BD714       DbiAppendRecord
 0001:000BCC4C       DbiApplyDelayedUpdates
 0001:000BD234       DbiBatchMove
 0001:000BCDF0       DbiBcdFromFloat
 0001:000BCDF6       DbiBcdToFloat
 0001:000BCA9C       DbiBeginConstraintLayer
 0001:000BCC58       DbiBeginDelayedUpdates
 0001:000BD984       DbiBeginLinkMode
 0001:000BD222       DbiBeginTran
 0001:000BD618       DbiCfgAddRecord
 0001:000BD630       DbiCfgBuildPath
 0001:000BD60C       DbiCfgDropRecord
 0001:000BD600       DbiCfgGetHelp
 0001:000BD624       DbiCfgGetNextNode
 0001:000BD61E       DbiCfgGetRecord
 0001:000BD5FA       DbiCfgMerge
 0001:000BD612       DbiCfgModifyRecord
 0001:000BD62A       DbiCfgPosition
 0001:000BD636       DbiCfgSave
 0001:000BD606       DbiCfgTranslate
 0001:000BD6A8       DbiCheckRefresh
 0001:000BCA84       DbiCheckSQLExpression
 0001:000BD79E       DbiCloneCursor
 0001:000BCE3E       DbiCloseConfigFile
 0001:000BDA4A       DbiCloseCursor
 0001:000BDA62       DbiCloseDatabase
 0001:000BCDA2       DbiCloseFieldXlt
 0001:000BD7C8       DbiCloseIndex
 0001:000BD900       DbiCloseSession
 0001:000BD7A4       DbiCompareBookMarks
 0001:000BD70E       DbiCompareKeys
 0001:000BD780       DbiCopyTable
 0001:000BD996       DbiCreateInMemTable
 0001:000BD786       DbiCreateTable
 0001:000BD6E4       DbiCreateTempTable
 0001:000BCA6C       DbiDatabaseFlush
 0001:000BD7D4       DbiDateDecode
 0001:000BD7DA       DbiDateEncode
 0001:000BD240       DbiDeactivateFilter
 0001:000BD5D0       DbiDebugLayerOptions
 0001:000BCB86       DbiDeleteAlias
 0001:000BCB02       DbiDeleteDriver
 0001:000BD768       DbiDeleteIndex
 0001:000BDA08       DbiDeleteRecord
 0001:000BD774       DbiDeleteTable
 0001:000BEE89       DbiDLLExit
 0001:000BD750       DbiDoRestructure
 0001:000BCB2C       DbiDRAdd
 0001:000BCC22       DbiDRAddAttr
 0001:000BCC3A       DbiDRClose
 0001:000BCBBC       DbiDRCreate
 0001:000BCB80       DbiDRCreateEnumAttrDomain
 0001:000BCC28       DbiDRCreateObjectType
 0001:000BCC16       DbiDRCreateRelationType
 0001:000BCBB6       DbiDRDelete
 0001:000BCB74       DbiDRDeleteEnumAttrDomain
 0001:000BCC0A       DbiDRDeleteObjectType
 0001:000BCC10       DbiDRDeleteRelationType
 0001:000BCB26       DbiDRDrop
 0001:000BCC1C       DbiDRDropAttr
 0001:000BCC2E       DbiDRExportToFile
 0001:000BCBEC       DbiDRGetAttrDescs
 0001:000BCC46       DbiDRGetDesc
 0001:000BCB6E       DbiDRGetEnumAttrDomain
 0001:000BCBD4       DbiDRGetObjID
 0001:000BCBF2       DbiDRGetObjTypeInfo
 0001:000BCB32       DbiDRGetRelatedObject
 0001:000BCBE6       DbiDRGetRelTypeInfo
 0001:000BCC34       DbiDRImportFromFile
 0001:000BCBC2       DbiDRLoadDBObject
 0001:000BCB7A       DbiDRModifyEnumAttrDomain
 0001:000BCC40       DbiDROpen
 0001:000BCBFE       DbiDROpenAttrTypeList
 0001:000BCC04       DbiDROpenObjectTypeList
 0001:000BCBE0       DbiDROpenObjSet
 0001:000BCBDA       DbiDROpenRelSet
 0001:000BCBF8       DbiDROpenRelTypeList
 0001:000BD24C       DbiDropFilter
 0001:000BD8F4       DbiDropPassword
 0001:000BCBCE       DbiDRSetToObjID
 0001:000BCBC8       DbiDRSetToObjName
 0001:000BD72C       DbiEmptyTable
 0001:000BCA8A       DbiEndConstraintLayer
 0001:000BCC52       DbiEndDelayedUpdates
 0001:000BD97E       DbiEndLinkMode
 0001:000BD21C       DbiEndTran
 0001:000C2470       DbiError
 0001:000BEE09       DbiExit
 0001:000BD7B6       DbiExtractKey
 0001:000BD918       DbiForceRecordReread
 0001:000BD924       DbiForceReread
 0001:000BD6D8       DbiFormFullName
 0001:000BD864       DbiFreeBlob
 0001:000BCCF4       DbiFreeSQLRequest
 0001:000BD876       DbiGetBlob
 0001:000BD85E       DbiGetBlobHeading
 0001:000BD87C       DbiGetBlobSize
 0001:000BD7B0       DbiGetBookMark
 0001:000BD6A2       DbiGetCallBack
 0001:000BD276       DbiGetClientInfo
 0001:000BD906       DbiGetCurrSession
 0001:000BD91E       DbiGetCursorForTable
 0001:000BDA56       DbiGetCursorProps
 0001:000BD8C4       DbiGetDatabaseDesc
 0001:000BD5F4       DbiGetDateFormat
 0001:000BCB4A       DbiGetDefaultRepository
 0001:000BD9EA       DbiGetDirectory
 0001:000BD8D0       DbiGetDriverDesc
 0001:000BD6CC       DbiGetErrorContext
 0001:000BD6C6       DbiGetErrorEntry
 0001:000BD6FC       DbiGetErrorInfo
 0001:000BD6D2       DbiGetErrorString
 0001:000BD1CE       DbiGetExactRecordCount
 0001:000BD7E6       DbiGetField
 0001:000BDA50       DbiGetFieldDescs
 0001:000BD8AC       DbiGetFieldTypeDesc
 0001:000BCDB4       DbiGetFilterInfo
 0001:000BD7BC       DbiGetIndexDesc
 0001:000BCE32       DbiGetIndexDescs
 0001:000BD762       DbiGetIndexForField
 0001:000BD75C       DbiGetIndexSeqNo
 0001:000BD8A0       DbiGetIndexTypeDesc
 0001:000BD25E       DbiGetLdName
 0001:000BD1FE       DbiGetLdNameFromDb
 0001:000BD6F0       DbiGetLdObj
 0001:000BD96C       DbiGetLinkStatus
 0001:000BD834       DbiGetNetUserName
 0001:000BDA32       DbiGetNextRecord
 0001:000BD5DC       DbiGetNumberFormat
 0001:000BCE0E       DbiGetObjFromName
 0001:000BCDC0       DbiGetObjFromObj
 0001:000BDA2C       DbiGetPriorRecord
 0001:000BCE1A       DbiGetProp
 0001:000BDA26       DbiGetRecord
 0001:000BDA1A       DbiGetRecordCount
 0001:000BD708       DbiGetRecordForKey
 0001:000BDA20       DbiGetRelativeRecord
 0001:000BCD78       DbiGetRintDesc
 0001:000BDA02       DbiGetSeqNo
 0001:000BD83A       DbiGetSesInfo
 0001:000BCCFA       DbiGetSQLRequest
 0001:000BD84C       DbiGetSysConfig
 0001:000BD846       DbiGetSysInfo
 0001:000BD852       DbiGetSysVersion
 0001:000BD888       DbiGetTableOpenCount
 0001:000BD8B8       DbiGetTableTypeDesc
 0001:000BD5E8       DbiGetTimeFormat
 0001:000BD216       DbiGetTranInfo
 0001:000BCD7E       DbiGetVchkDesc
 0001:000BCAFC       DbiImportODBC
 0001:000BB22C       DbiInit
 0001:000BED0E       DbiInitFn
 0001:000BD798       DbiInitRecord
 0001:000BDA14       DbiInsertRecord
 0001:000BD966       DbiIsRecordLocked
 0001:000BD960       DbiIsTableLocked
 0001:000BD95A       DbiIsTableShared
 0001:000BD978       DbiLinkDetail
 0001:000BD954       DbiLinkDetailToExp
 0001:000BD88E       DbiLoadDriver
 0001:000BCE2C       DbiMakePermanent
 0001:000BDA0E       DbiModifyRecord
 0001:000BCE26       DbiNativeToAnsi
 0001:000BD882       DbiOpenBlob
 0001:000BCE4A       DbiOpenCfgInfoList
 0001:000BCE44       DbiOpenConfigFile
 0001:000BDA68       DbiOpenDatabase
 0001:000BD8CA       DbiOpenDatabaseList
 0001:000BD8D6       DbiOpenDriverList
 0001:000BD9B4       DbiOpenFamilyList
 0001:000BD9CC       DbiOpenFieldList
 0001:000BD8B2       DbiOpenFieldTypesList
 0001:000BCD90       DbiOpenFieldXlt
 0001:000BD9D8       DbiOpenFileList
 0001:000BCBAA       DbiOpenFunctionArgList
 0001:000BCBB0       DbiOpenFunctionList
 0001:000BD7CE       DbiOpenIndex
 0001:000BD9D2       DbiOpenIndexList
 0001:000BD8A6       DbiOpenIndexTypesList
 0001:000BD9C6       DbiOpenLdList
 0001:000BD8E8       DbiOpenLockList
 0001:000BCA7E       DbiOpenNestedTable
 0001:000BCA72       DbiOpenRef
 0001:000BCB56       DbiOpenRepositoryList
 0001:000BD9BA       DbiOpenRintList
 0001:000BD99C       DbiOpenSecurityList
 0001:000BCB38       DbiOpenSessionRepository
 0001:000BCD1E       DbiOpenSPList
 0001:000BCD18       DbiOpenSPParamList
 0001:000BDA5C       DbiOpenTable
 0001:000BD9DE       DbiOpenTableList
 0001:000BD8BE       DbiOpenTableTypesList
 0001:000BD8EE       DbiOpenUserList
 0001:000BD9C0       DbiOpenVchkList
 0001:000BD732       DbiPackTable
 0001:000BD870       DbiPutBlob
 0001:000BD7E0       DbiPutField
 0001:000BD7F8       DbiQAlloc
 0001:000BD810       DbiQExec
 0001:000BD81C       DbiQExecDirect
 0001:000BCD06       DbiQExecProcDirect
 0001:000BD7FE       DbiQFree
 0001:000BD7F2       DbiQGetBaseDescs
 0001:000BD804       DbiQInstantiateAnswer
 0001:000BD816       DbiQPrepare
 0001:000BCD00       DbiQPrepareExt
 0001:000BCD12       DbiQPrepareProc
 0001:000BD80A       DbiQSetParams
 0001:000BCD0C       DbiQSetProcParams
 0001:000BD990       DbiReadBlock
 0001:000BD726       DbiRegenIndex
 0001:000BD720       DbiRegenIndexes
 0001:000BD7EC       DbiRegisterCallBack
 0001:000BD930       DbiRelPersistTableLock
 0001:000BD93C       DbiRelRecordLock
 0001:000BD942       DbiRelTableLock
 0001:000BD77A       DbiRenameTable
 0001:000BD9F6       DbiResetRange
 0001:000BD92A       DbiSaveChanges
 0001:000BCB20       DbiSchemaCacheFlush
 0001:000BD90C       DbiSetCurrSession
 0001:000BD5EE       DbiSetDateFormat
 0001:000BCB50       DbiSetDefaultRepository
 0001:000BD9E4       DbiSetDirectory
 0001:000BD702       DbiSetFieldMap
 0001:000BD8DC       DbiSetLockRetry
 0001:000BD5D6       DbiSetNumberFormat
 0001:000BD8E2       DbiSetPrivateDir
 0001:000BCE14       DbiSetProp
 0001:000BD9FC       DbiSetRange
 0001:000BD5E2       DbiSetTimeFormat
 0001:000BDA44       DbiSetToBegin
 0001:000BD7AA       DbiSetToBookMark
 0001:000BDA38       DbiSetToCursor
 0001:000BDA3E       DbiSetToEnd
 0001:000BD9F0       DbiSetToKey
 0001:000BD756       DbiSetToRecordNo
 0001:000BD792       DbiSetToSeqNo
 0001:000BD210       DbiSortTable
 0001:000BCAA8       DbiSQLTextToCanEx
 0001:000BD912       DbiStartSession
 0001:000BD7C2       DbiSwitchToIndex
 0001:000BD744       DbiTimeDecode
 0001:000BD74A       DbiTimeEncode
 0001:000BD738       DbiTimeStampDecode
 0001:000BD73E       DbiTimeStampEncode
 0001:000BCDA8       DbiTranslateField
 0001:000BCDAE       DbiTranslateRecordStructure
 0001:000BD86A       DbiTruncateBlob
 0001:000BD26A       DbiUndeleteRecord
 0001:000BD972       DbiUnlinkDetail
 0001:000BD6EA       DbiUseIdleTime
 0001:000BCD96       DbiValidateProp
 0001:000BD78C       DbiVerifyField
 0001:000BD98A       DbiWriteBlock
 0001:0009F5B0       DBLogDlg
 0001:0009FB20       DBPWDlg
 0002:00004C4C       DBScreen
 0001:000CEB80       DBTables
 0001:000A1D50       DBUseRightToLeftAlignment
 0002:00000178       DCon10
 0002:00000728       DDBsOnly
 0001:00027DF8       DeallocateHWnd
 0002:00000028       DebugHook
 0002:0000468B       DecimalSeparator
 0001:0001760C       DecIndices
 0001:0000A7C4       DecodeDate
 0001:0000A678       DecodeDateFully
 0001:0000A4E8       DecodeTime
 0001:00000848       Decommit
 0001:00000E64       DecommitFree
 0002:000045FC       decommittedRoot
 0001:0007CE34       Default
 0001:00077764       Default
 0002:00000020       Default8087CW
 0002:00001360       DefaultBlank
 0002:00001004       DefaultDockTreeClass
 0002:00001440       DefaultFieldClasses
 0001:000C1644       DefaultSession
 0002:00000034       DefaultTextLineBreakStyle
 0002:000045C0       DefaultUserCodePage
 0002:0000097C       DefBrushData
 0001:00006720       DeferWindowPos
 0002:000006FC       DefFontData
 0001:00006708       DefFrameProc
 0002:00000208       DefLongDayNames
 0002:000001BC       DefLongMonthNames
 0001:00006710       DefMDIChildProc
 0002:0000095C       DefPenData
 0002:000001EC       DefShortDayNames
 0002:0000018C       DefShortMonthNames
 0001:00006718       DefWindowProc
 0001:0000512C       DelayLoadResourceModule
 0001:00000504       DeleteBlock
 0001:00006120       DeleteCriticalSection
 0001:00000474       DeleteCriticalSection
 0001:00006460       DeleteDC
 0001:00006468       DeleteEnhMetaFile
 0001:00006128       DeleteFile
 0001:00008C08       DeleteFile
 0001:00000CAC       DeleteFree
 0001:00006728       DeleteMenu
 0001:00006470       DeleteObject
 0001:000B3F24       DeletePrompt
 0001:00053CC0       DeleteSelectedText
 0001:0002E324       DeselectBitmap
 0001:00006730       DestroyCursor
 0001:00006738       DestroyIcon
 0001:000407BC       DestroyLocals
 0001:00006740       DestroyMenu
 0001:00006748       DestroyWindow
 0002:00002B4C       DeystvName
 0001:00057E64       DialogEnumerationTester
 0001:00035E7C       DialogHook
 0001:00037EC0       Dialogs
 0002:000009B8       DIBPalSizes
 0002:00000090       dig
 0002:000016B8       Direction
 0001:00008AF0       DirectoryExists
 0001:00074B9C       DisableTaskWindows
 0001:00086244       DispatchInvoke
 0001:00086824       DispatchInvokeError
 0001:00006750       DispatchMessage
 0001:0007ADBC       DispatchShortCut
 0001:00086840       DispCall
 0001:00086924       DispCallByID
 0002:00004000       DispCallByIDProc
 0001:00086750       DispCallError
 0001:0008CA5C       DisposeMem
 0001:00007EBC       DivMod
 0001:00035274       Dlgs
 0001:000C1F10       DLLDetachCallBack
 0002:00004FB0       DM
 0001:00101010       DMUnit
 0001:0007C0C0       DoAlign
 0001:000609E4       DoAlign
 0001:000991F0       DoBindFields
 0001:000A8B5C       DoCalc
 0001:00064C08       DoCalcConstraints
 0001:000A8BC4       DoCalcRightToLeft
 0001:000A934C       DoChange
 0002:00004B90       DockSiteList
 0001:000715F0       DoClick
 0001:000A7CC8       DoColWidths
 0001:00062128       DoControlMsg
 0001:000330EC       DocumentProperties
 0001:00074B4C       DoDisableWindow
 0001:0005B9A4       DoDragOver
 0001:00007F34       DoExitProc
 0001:00066C78       DoFindControlZone
 0001:00074C88       DoFindWindow
 0001:00067204       DoFindZone
 0001:00066CFC       DoForEach
 0001:00068608       DoGetNextLimit
 0001:00074B14       DoneApplication
 0001:0006946C       DoneControls
 0001:0000CF5C       DoneExceptions
 0001:00079138       DoNestedActivation
 0001:00025EF0       DoneThreadSynchronization
 0001:0007BF10       DoPosition
 0001:000605A4       DoPosition
 0001:00067C30       DoPrune
 0001:00039EA0       DoRect
 0001:000A7D0C       DoRowHeights
 0001:00068108       DoSaveZone
 0001:000B3B64       DoSelection
 0001:0006830C       DoSetNewBounds
 0001:000A7770       DoSizeAdjust
 0002:00001408       Dot
 0002:00000604       DotSep
 0001:000AAA64       DoUpdate
 0002:00000D3C       DownStyles
 0001:0002D440       DoWrite
 0001:0006BE7C       DoWrite
 0001:0001EC6C       DoWrite
 0001:0002C6E0       DoWrite
 0001:00061710       DoWriteDesignSize
 0001:00027A04       DoWriteHeight
 0001:0002799C       DoWriteHorizontalOffset
 0001:0005F068       DoWriteIsControl
 0001:000279D0       DoWriteVerticalOffset
 0001:00027974       DoWriteWidth
 0002:00004B74       DragCapture
 0002:00004B68       DragControl
 0001:0005C0EC       DragDone
 0001:0005B954       DragFindTarget
 0001:0005B928       DragFindWindow
 0002:00004B8C       DragImageList
 0001:0005BD44       DragInit
 0001:0005BEB4       DragInitControl
 0002:00004B70       DragInternalObject
 0001:0005B870       DragMessage
 0002:00004B6C       DragObject
 0002:00004B98       DragSave
 0002:00004B80       DragSaveCursor
 0002:00004B78       DragStartPos
 0002:00004B84       DragThreshold
 0001:0005BA74       DragTo
 0001:0007CE70       DrawAppIcon
 0001:000A80B4       DrawAxisLines
 0002:00004C78       DrawBitmap
 0001:000A832C       DrawCells
 0001:0006779C       DrawCloseButton
 0001:00006758       DrawEdge
 0001:00006760       DrawFocusRect
 0001:00006768       DrawFrameControl
 0001:000677F4       DrawGrabberLine
 0001:00006770       DrawIcon
 0001:00006778       DrawIconEx
 0002:00001138       DrawingStyles
 0001:000A829C       DrawLines
 0001:00006780       DrawMenuBar
 0001:00072930       DrawMenuItem
 0001:00006788       DrawText
 0002:00004990       DrawThemeBackground
 0002:000049B4       DrawThemeEdge
 0002:000049B8       DrawThemeIcon
 0002:00004A3C       DrawThemeParentBackground
 0002:00004994       DrawThemeText
 0001:000B2E18       DrawTitleCell
 0001:000BCA96       DsProviderGetDataPacket
 0001:000BCA90       DsResolver
 0001:0002B520       DupBits
 0001:000175B8       DynArrayBounds
 0001:00004DD8       DynArrayClear
 0001:00017530       DynArrayDim
 0001:00017514       DynArrayElTypeInfo
 0001:00017A68       DynArrayFromVariant
 0001:000174D4       DynArrayIndex
 0001:00004DE0       DynArraySetLength
 0001:00017548       DynArraySize
 0001:00017718       DynArrayToVariant
 0001:00017678       DynArrayVariantBounds
 0001:000176D0       DynArrayVarType
 0001:000C2588       EDBEngineError.Create
 0001:000C28A4       EDBEngineError.Destroy
 0001:000C28F8       EDBEngineError.GetError
 0002:00001224       EdgeStyle
 0002:00000F44       EdgeStyles
 0002:000010EC       EdgeStyles
 0002:00005564       EditFormKind
 0002:00002AFC       EdIzmerActivOnly
 0001:0000C9A8       EHeapException.FreeInstance
 0001:000D1374       EIdProtocolReplyError.CreateError
 0001:000D13BC       EIdSocketError.CreateError
 0001:000D17A4       EIdWS2StubError.Build
 0002:00000EC8       Empty
 0001:00006790       EmptyClipboard
 0001:00015DF0       EmptyCompare
 0001:000157F0       EmptyOp
 0002:00004800       EmptyParam
 0002:000000C0       EmptyStr
 0002:000000C4       EmptyWideStr
 0001:00006798       EnableMenuItem
 0002:000011BC       Enables
 0001:000067A0       EnableScrollBar
 0001:00074C50       EnableTaskWindows
 0002:00004A24       EnableThemeDialogTexture
 0002:00004A40       EnableTheming
 0001:000067A8       EnableWindow
 0001:0000A648       EncodeDate
 0001:0000A4A8       EncodeTime
 0001:000067B0       EndDeferWindowPos
 0001:00006478       EndDoc
 0001:0001D52C       EndGlobalLoading
 0001:000B95E0       EndOfLiteral
 0001:00006480       EndPage
 0001:000067B8       EndPaint
 0001:00003918       EndThread
 0002:00002450       EndType
 0001:00000464       EnterCriticalSection
 0001:00006130       EnterCriticalSection
 0001:00006138       EnumCalendarInfoA
 0001:000067C0       EnumClipboardFormats
 0002:00004924       EnumDisplayMonitors
 0001:0000C1C8       EnumEraNames
 0001:0000C204       EnumEraYearOffsets
 0001:00077D28       EnumMonitorsProc
 0001:000330F4       EnumPrinters
 0001:000067C8       EnumThreadWindows
 0001:0002128C       EnumValue
 0001:000067D0       EnumWindows
 0001:00085CDC       EOleException.Create
 0001:00085C0C       EOleSysError.Create
 0001:000067D8       EqualRect
 0002:00004754       EraNames
 0001:0000B884       EraToYear
 0002:00004770       EraYearOffsets
 0002:00000068       errCaption
 0001:000BB224       ErrCat
 0001:00020A70       Error
 0001:0006D56C       Error
 0001:00001924       Error
 0001:0001CA38       Error
 0002:00000004       ErrorAddr
 0001:000018D8       ErrorAt
 0001:0000CA54       ErrorHandler
 0002:00000224       ErrorMap
 0002:00004008       ErrorProc
 0002:000043E8       ErrOutput
 0001:0008C808       EUpdateError.Create
 0001:0008C8AC       EUpdateError.Destroy
 0002:00001598       Events
 0002:00002AB0       ExcelPath
 0001:00001878       ExceptAddr
 0002:0000400C       ExceptClsProc
 0001:0000CEC8       ExceptHandler
 0001:0000C7D4       Exception.Create
 0001:0000C810       Exception.CreateFmt
 0001:0000C960       Exception.CreateHelp
 0001:0000C890       Exception.CreateRes
 0001:0000C8CC       Exception.CreateResFmt
 0002:0000401C       ExceptionClass
 0001:0000C560       ExceptionErrorMessage
 0002:0000025C       ExceptMap
 0001:00001858       ExceptObject
 0002:00004010       ExceptObjProc
 0002:00004004       ExceptProc
 0001:00006488       ExcludeClipRect
 0001:0000D540       ExcludeTrailingPathDelimiter
 0002:00000000       ExitCode
 0001:000036F0       ExitDll
 0002:00004048       ExitProc
 0001:00000328       ExitProcess
 0002:00004028       ExitProcessProc
 0002:00000138       ExitProcList
 0001:00000320       ExitThread
 0001:00008E3C       ExpandFileName
 0001:00036154       ExplorerHook
 0001:00041A94       ExtActns
 0001:00006490       ExtCreatePen
 0001:0003C8D4       ExtCtrls
 0001:00040954       ExtDlgs
 0002:00000FA8       ExtendSelects
 0001:0008CA84       ExtractFieldName
 0001:00008D68       ExtractFileDir
 0001:00008DF4       ExtractFileExt
 0001:000367CC       ExtractFileName
 0001:00008DBC       ExtractFileName
 0001:00036814       ExtractFileNames
 0001:00008D34       ExtractFilePath
 0001:0008527C       ExtractLiterals
 0001:00084ED0       ExtractMoneySymbol
 0002:00002468       Exts
 0001:00006498       ExtTextOut
 0002:00004790       FalseBoolStrs
 0001:00006140       FatalAppExitA
 0002:00004AC0       FClipboard
 0002:0000016C       FCon1E18
 0002:00001400       FConst10
 0002:00004CB8       FCSect
 0001:000D4864       Fetch
 0001:000D477C       FetchCaseInsensitive
 0001:000331FC       FetchStr
 0002:00004F00       FIdPorts
 0001:000B4490       FieldIsMapped
 0002:000014D8       FieldTypeNames
 0001:00008A78       FileAge
 0001:00008A70       FileClose
 0001:000089B4       FileCreate
 0001:000089D8       FileCreate
 0001:00008EEC       FileDateToDateTime
 0001:00008AE0       FileExists
 0002:000009B0       FileFormats
 0002:00000008       FileMode
 0001:00001CA0       FileNOPProc
 0001:0000895C       FileOpen
 0001:000089E0       FileRead
 0002:00000640       FilerSignature
 0001:00008A38       FileSeek
 0001:00006148       FileTimeToDosDateTime
 0001:00006150       FileTimeToLocalFileTime
 0001:00008A0C       FileWrite
 0001:00000D94       FillAfterGap
 0001:00000D40       FillBeforeGap
 0001:000A8060       FillDWord
 0001:00000E2C       FillerSizeAfterGap
 0001:00000DBC       FillerSizeBeforeGap
 0001:000067E0       FillRect
 0002:00000D44       FillStyles
 0001:00035244       Finalization
 0001:0003520C       Finalization
 0001:00041988       Finalization
 0001:00100FE0       Finalization
 0001:000FA724       Finalization
 0001:000F985C       Finalization
 0001:000351BC       Finalization
 0001:0009C31C       Finalization
 0001:00041920       Finalization
 0001:000F1430       Finalization
 0001:0009C484       Finalization
 0001:000EDE34       Finalization
 0001:0009C4BC       Finalization
 0001:00035150       Finalization
 0001:0009EEA4       Finalization
 0001:00005CD4       Finalization
 0001:0009F580       Finalization
 0001:000E50E8       Finalization
 0001:0003C88C       Finalization
 0001:0009FAE4       Finalization
 0001:000E3F74       Finalization
 0001:000A5F10       Finalization
 0001:00005F04       Finalization
 0001:00035118       Finalization
 0001:000350E0       Finalization
 0001:00005F94       Finalization
 0001:000350A8       Finalization
 0001:0006C5CC       Finalization
 0001:00028284       Finalization
 0001:00027E20       Finalization
 0001:000D280C       Finalization
 0001:000AE0AC       Finalization
 0001:0006AA0C       Finalization
 0001:000B6E90       Finalization
 0001:00035070       Finalization
 0001:00035038       Finalization
 0001:000D2854       Finalization
 0001:00049E90       Finalization
 0001:000BB1EC       Finalization
 0001:0004AC80       Finalization
 0001:000DEEE4       Finalization
 0001:000DEEAC       Finalization
 0001:000DEE74       Finalization
 0001:00034FC8       Finalization
 0001:000318F4       Finalization
 0001:000D326C       Finalization
 0001:00040924       Finalization
 0001:000408C4       Finalization
 0001:00018B88       Finalization
 0001:00031210       Finalization
 0001:000696DC       Finalization
 0001:00018DEC       Finalization
 0001:00034174       Finalization
 0001:000D4348       Finalization
 0001:00032074       Finalization
 0001:000D43B8       Finalization
 0001:000320B4       Finalization
 0001:0003309C       Finalization
 0001:00033104       Finalization
 0001:000572F0       Finalization
 0001:00057458       Finalization
 0001:000580DC       Finalization
 0001:000DEE3C       Finalization
 0001:000DEE04       Finalization
 0001:000DEDB8       Finalization
 0001:000DE4E0       Finalization
 0001:000DE4A0       Finalization
 0001:00006E80       Finalization
 0001:00006EB8       Finalization
 0001:00007240       Finalization
 0001:000DE318       Finalization
 0001:000DDFE8       Finalization
 0001:000DBC9C       Finalization
 0001:000DB87C       Finalization
 0001:000DB800       Finalization
 0001:000DA5A8       Finalization
 0001:000DA3F4       Finalization
 0001:000DA3BC       Finalization
 0001:000D9F1C       Finalization
 0001:000D7EE8       Finalization
 0001:000D7674       Finalization
 0001:000D763C       Finalization
 0001:000BEEF0       Finalization
 0001:000D7604       Finalization
 0001:000D6AAC       Finalization
 0001:000BEF58       Finalization
 0001:000D6A74       Finalization
 0001:000D669C       Finalization
 0001:0003D0C8       Finalization
 0001:000BF070       Finalization
 0001:0000E9A0       Finalization
 0001:000D6540       Finalization
 0001:000D619C       Finalization
 0001:000D57F4       Finalization
 0001:0001A6F8       Finalization
 0001:000D51E4       Finalization
 0001:000D4EF8       Finalization
 0001:000D4C58       Finalization
 0001:0003CFC4       Finalization
 0001:0001A80C       Finalization
 0001:00034644       Finalization
 0001:0000F384       Finalization
 0001:00086A78       Finalization
 0001:00111CD8       Finalization
 0001:00072C0C       Finalization
 0001:000316A8       Finalization
 0001:00034498       Finalization
 0001:000419EC       Finalization
 0001:00041A44       Finalization
 0001:00085A18       Finalization
 0001:00085998       Finalization
 0001:00041A9C       Finalization
 0001:00037E64       Finalization
 0001:00112DA4       Finalization
 0001:00080E9C       Finalization
 0001:00114EEC       Finalization
 0001:000313F0       Finalization
 0001:00114F28       Finalization
 0001:000CEAF4       Finalization
 0001:0007FF48       Finalization
 0001:000D07C8       Finalization
 0001:0007FCD0       Finalization
 0001:0003C984       Finalization
 0001:0007FBF4       Finalization
 0001:000D16F4       Finalization
 0001:0007F12C       Finalization
 0001:000D1404       Finalization
 0001:00004DD0       FinalizeArray
 0001:00003524       FinalizeUnits
 0001:000713B0       Find
 0001:00023DC0       FindAncestor
 0001:0000519C       FindBS
 0001:0001CF54       FindClass
 0001:00005124       FindClassHInstance
 0001:00006158       FindClose
 0001:00000338       FindClose
 0001:00008BEC       FindClose
 0001:00000D10       FindCommitted
 0001:0005A9F0       FindControl
 0001:00067430       FindControlAtPos
 0001:00018A24       FindCustomVariantType
 0001:0001896C       FindCustomVariantType
 0001:0005C410       FindDragTarget
 0001:00021C8C       FindExistingComponent
 0001:00008B78       FindFirst
 0001:00006160       FindFirstFile
 0001:00000340       FindFirstFile
 0001:00006168       FindFirstFileA
 0001:00074D94       FindGlobalComponent
 0001:0001D3BC       FindGlobalComponent
 0002:00004864       FindGlobalComponentProcs
 0001:000050FC       FindHInstance
 0001:0001D264       FindIdentToInt
 0001:0001D1E8       FindIntToIdent
 0001:00008B14       FindMatchingFile
 0002:00004A80       FindMsg
 0001:00020E1C       FindNestedComponent
 0001:00008BC8       FindNext
 0001:00006170       FindNextFile
 0001:0006D534       FindPopupControl
 0001:0000F04C       FindProc
 0001:00006178       FindResource
 0001:00005174       FindResourceHInstance
 0001:0007E980       FindScanline
 0001:00056AEC       FindString
 0001:00074CEC       FindTopMostWindow
 0001:00022B70       FindUniqueName
 0001:00016D70       FindVarData
 0001:0005C3DC       FindVCLWindow
 0001:000067E8       FindWindow
 0001:00057EBC       FindWinHelp
 0001:0002E71C       FixupBitFields
 0002:00001234       Flags
 0002:000047A0       FLanguages
 0001:000344C8       FlatSB
 0002:00004950       FlatSB_EnableScrollBar
 0002:0000495C       FlatSB_GetScrollInfo
 0002:00004960       FlatSB_GetScrollPos
 0002:00004958       FlatSB_GetScrollRange
 0002:00004968       FlatSB_SetScrollInfo
 0002:00004964       FlatSB_SetScrollPos
 0001:000341B8       FlatSB_SetScrollProp
 0002:0000496C       FlatSB_SetScrollRange
 0002:00004954       FlatSB_ShowScrollBar
 0002:00002384       FldSubTypeMap
 0002:0000235C       FldTypeMap
 0001:00009D78       FloatToDecimal
 0001:0000A0B8       FloatToStr
 0001:0000A118       FloatToStrF
 0001:000097B0       FloatToText
 0001:00009A84       FloatToTextFmt
 0001:00001F6C       Flush
 0002:00000180       FMSecsPerDay
 0001:000859D4       FMTBcd
 0002:000013CC       FMTBcdVariantType
 0001:000096AC       FmtStr
 0002:00001250       FocusCount
 0002:0000124C       FocusMessages
 0002:000008CC       FontCharsets
 0002:000048E0       FontManager
 0002:00000A04       ForceCurrentDirectory
 0001:00074D68       ForegroundTask
 0002:00000188       Format
 0001:00009698       Format
 0001:000858D0       FormatBcd
 0001:000092A0       FormatBuf
 0001:00009294       FormatClearStr
 0001:0000A1E0       FormatCurr
 0001:00009218       FormatError
 0002:00000164       FormatErrorStrs
 0001:0000A188       FormatFloat
 0001:0007FBC0       FormatMaskText
 0001:00006180       FormatMessage
 0001:00085518       FormatOneBcd
 0002:00000E14       Formats
 0001:00009270       FormatVarToStr
 0002:0000500C       FormParAr
 0001:0007F188       Forms
 0001:000A6DF8       ForwardMovement
 0001:00002650       FPower10
 0002:00000A00       FPrinter
 0001:00084240       FractionToStr
 0001:00039F64       Frame3D
 0001:000067F0       FrameRect
 0001:0000E580       FreeAndNil
 0001:000C803C       FreeBuffer
 0001:00000A7C       FreeCommitted
 0001:00000F9C       FreeCurAlloc
 0001:0005C4D0       FreeDeviceContext
 0001:0005C58C       FreeDeviceContexts
 0001:000275CC       FreeIntConstList
 0001:00006188       FreeLibrary
 0001:00000348       FreeLibrary
 0001:0002E278       FreeMemoryContexts
 0001:00074E14       FreeObjectInstance
 0001:00027D20       FreeObjectInstance
 0001:000061A8       FreeResource
 0001:000006FC       FreeSpace
 0001:000C1BB8       FreeStatementLocale
 0001:0000DFAC       FreeTerminateProcs
 0001:0003467C       FreeThemeLibrary
 0001:000C1E80       FreeTimer
 0002:00004B20       FRichEditModule
 0002:00002AD0       FtpHost
 0002:00002ACC       FtpPassword
 0002:00002AC8       FtpUsername
 0002:00002A78       GAntiFreeze
 0001:0000E07C       GDAL
[...]
  2269 0001:0010D1F9  2270 0001:0010D209  2271 0001:0010D210  2272 0001:0010D220
  2273 0001:0010D230  2276 0001:0010D262  2279 0001:0010D278  2280 0001:0010D27E
  2281 0001:0010D2A5  2282 0001:0010D2B3  2285 0001:0010D2B8  2286 0001:0010D2C2
  2287 0001:0010D2F3  2288 0001:0010D303  2290 0001:0010D30C  2291 0001:0010D320
  2292 0001:0010D32E  2295 0001:0010D334  2296 0001:0010D33A  2300 0001:0010D35B
  2301 0001:0010D38D  2311 0001:0010D39F  2312 0001:0010D3CD  2324 0001:0010D3DF
  2325 0001:0010D40D  2332 0001:0010D41D  2333 0001:0010D42A  2337 0001:0010D440
  2338 0001:0010D44D  2341 0001:0010D463  2342 0001:0010D471  2345 0001:0010D488
  2346 0001:0010D48B  2347 0001:0010D499  2350 0001:0010D49C  2351 0001:0010D49F
  2352 0001:0010D4AD  2355 0001:0010D4B0  2356 0001:0010D4B3  2357 0001:0010D4C1
  2360 0001:0010D4C4  2362 0001:0010D4CA  2368 0001:0010D4E5  2369 0001:0010D4F5
  2370 0001:0010D505  2371 0001:0010D515  2372 0001:0010D546  2386 0001:0010D568
  2387 0001:0010D599  2393 0001:0010D5B9  2394 0001:0010D5C6  2397 0001:0010D5DC
  2398 0001:0010D5E9  2401 0001:0010D5FF  2402 0001:0010D60D  2405 0001:0010D624
  2406 0001:0010D627  2407 0001:0010D635  2411 0001:0010D638  2412 0001:0010D640
  2413 0001:0010D659  2414 0001:0010D681  2415 0001:0010D6CB  2417 0001:0010D715
  2418 0001:0010D75F  2419 0001:0010D7A9  2420 0001:0010D7F3  2422 0001:0010D83D
  2423 0001:0010D887  2424 0001:0010D8D1  2425 0001:0010D91B  2426 0001:0010D965
  2427 0001:0010D9AF  2428 0001:0010D9F9  2430 0001:0010DA43  2432 0001:0010DA8D
  2433 0001:0010DAAF  2434 0001:0010DAF3  2413 0001:0010DAF4  2436 0001:0010DAFB
  2442 0001:0010DC00  2446 0001:0010DC04  2447 0001:0010DC0A  2448 0001:0010DC18
  2449 0001:0010DC2B  2450 0001:0010DC47  2451 0001:0010DC53  2457 0001:0010DC58
  2485 0001:0010DC77  2486 0001:0010DC7D  2488 0001:0010DC84  2490 0001:0010DCAC
  2491 0001:0010DCC9  2493 0001:0010DCE6  2494 0001:0010DD03  2495 0001:0010DD20
  2497 0001:0010DD27  2499 0001:0010DD3E  2501 0001:0010DD73  2502 0001:0010DDA9
  2505 0001:0010DE38  2506 0001:0010DE3E  2507 0001:0010DE52  2513 0001:0010DE58
  2514 0001:0010DE74  2515 0001:0010DE7F  2517 0001:0010DE8F  2518 0001:0010DE9C
  2519 0001:0010DEAC  2520 0001:0010DEC3  2521 0001:0010DED2  2524 0001:0010DEDC
  2528 0001:0010DEFB  2529 0001:0010DF08  2530 0001:0010DF15  2532 0001:0010DF45
  2534 0001:0010DF55  2526 0001:0010DF5F  2537 0001:0010DF6D  2538 0001:0010DF7C
  2539 0001:0010DF8C  2541 0001:0010DF99  2542 0001:0010DFB6  2544 0001:0010DFC3
  2545 0001:0010DFEE  2549 0001:0010E014  2550 0001:0010E01F  2551 0001:0010E02A
  2553 0001:0010E03A  2556 0001:0010E047  2557 0001:0010E064  2559 0001:0010E075
  2562 0001:0010E084  2560 0001:0010E089  2564 0001:0010E09A  2565 0001:0010E0B7
  2566 0001:0010E0C8  2567 0001:0010E0D5  2568 0001:0010E0E3  2572 0001:0010E0E8
  2573 0001:0010E0F6  2574 0001:0010E101  2576 0001:0010E111  2579 0001:0010E11E
  2581 0001:0010E13B  2584 0001:0010E14A  2585 0001:0010E14F  2586 0001:0010E156
  2587 0001:0010E166  2582 0001:0010E173  2590 0001:0010E184  2591 0001:0010E1A1
  2593 0001:0010E1AE  2594 0001:0010E1BC  2601 0001:0010E1C4  2602 0001:0010E1ED
  2604 0001:0010E1F4  2605 0001:0010E203  2607 0001:0010E213  2608 0001:0010E220
  2610 0001:0010E22A  2611 0001:0010E237  2613 0001:0010E241  2614 0001:0010E257
  2616 0001:0010E29D  2617 0001:0010E2C6  2618 0001:0010E2EF  2621 0001:0010E318
  2622 0001:0010E340  2623 0001:0010E368  2624 0001:0010E390  2625 0001:0010E3B8
  2627 0001:0010E3E0  2629 0001:0010E407  2630 0001:0010E42D  2631 0001:0010E43F
  2632 0001:0010E451  2633 0001:0010E463  2636 0001:0010E473  2637 0001:0010E4A6
  2638 0001:0010E4D9  2639 0001:0010E50C  2641 0001:0010E53F  2642 0001:0010E572
  2643 0001:0010E5A5  2644 0001:0010E5D8  2646 0001:0010E60B  2649 0001:0010E618
  2651 0001:0010E625  2652 0001:0010E65B  2653 0001:0010E691  2654 0001:0010E6C7
  2655 0001:0010E6FD  2656 0001:0010E733  2657 0001:0010E769  2658 0001:0010E79F
  2659 0001:0010E7D5  2670 0001:0010E7E5  2672 0001:0010E802  2673 0001:0010E80F
  2674 0001:0010E83B  2675 0001:0010E848  2676 0001:0010E86C  2680 0001:0010E879
  2681 0001:0010E886  2682 0001:0010E8C8  2685 0001:0010E8D5  2688 0001:0010E8E7
  2692 0001:0010E8FD  2694 0001:0010E90A  2696 0001:0010E920  2698 0001:0010E936
  2699 0001:0010E95A  2700 0001:0010E992  2701 0001:0010E9B6  2702 0001:0010E9EE
  2703 0001:0010EA12  2704 0001:0010EA4A  2705 0001:0010EA6E  2707 0001:0010EAA6
  2710 0001:0010EABF  2711 0001:0010EADF  2712 0001:0010EB12  2713 0001:0010EB45
  2715 0001:0010EB7D  2717 0001:0010EB9A  2722 0001:0010EBA5  2725 0001:0010EC1A
  2726 0001:0010EC27  2728 0001:0010EC3D  2729 0001:0010EC61  2730 0001:0010EC99
  2731 0001:0010ECBD  2732 0001:0010ECF5  2733 0001:0010ED19  2734 0001:0010ED51
  2735 0001:0010ED75  2737 0001:0010EDAD  2738 0001:0010EDC6  2741 0001:0010EDD6
  2686 0001:0010EDE3  2755 0001:0010EDF8  2757 0001:0010EE15  2759 0001:0010EE22
  2760 0001:0010EE2F  2762 0001:0010EE39  2763 0001:0010EE46  2765 0001:0010EE50
  2766 0001:0010EE60  2768 0001:0010EEA4  2771 0001:0010F09C  2772 0001:0010F09F
  2773 0001:0010F0A4  2776 0001:0010F0A8  2777 0001:0010F0BF  2779 0001:0010F0ED
  2781 0001:0010F0F6  2782 0001:0010F110  2784 0001:0010F149  2785 0001:0010F189
  2788 0001:0010F1F4  2789 0001:0010F209  2790 0001:0010F212  2792 0001:0010F22C
  2793 0001:0010F236  2794 0001:0010F27A  2795 0001:0010F28E  2796 0001:0010F2CE
  2801 0001:0010F338  2802 0001:0010F33E  2803 0001:0010F369  2804 0001:0010F394
  2805 0001:0010F3BF  2806 0001:0010F3EA  2811 0001:0010F3F0  2812 0001:0010F413
  2816 0001:0010F449  2817 0001:0010F46F  2818 0001:0010F49C  2819 0001:0010F4A6
  2821 0001:0010F50D  2822 0001:0010F51F  2825 0001:0010F526  2826 0001:0010F560
  2827 0001:0010F5DC  2832 0001:0010F680  2833 0001:0010F6A2  2834 0001:0010F6BA
  2835 0001:0010F6E0  2837 0001:0010F70D  2838 0001:0010F717  2839 0001:0010F782
  2841 0001:0010F79E  2842 0001:0010F825  2845 0001:0010F858  2846 0001:0010F86E
  2848 0001:0010F881  2849 0001:0010F890  2852 0001:0010F8DA  2855 0001:0010F8F4
  2856 0001:0010F90D  2858 0001:0010F91F  2859 0001:0010F930  2861 0001:0010F94B
  2863 0001:0010F961  2864 0001:0010F972  2865 0001:0010F98D  2866 0001:0010F9A8
  2867 0001:0010F9CF  2868 0001:0010F9EA  2872 0001:0010FA33  2875 0001:0010FA8C
  2876 0001:0010FA8F  2877 0001:0010FA94  2881 0001:0010FA98  2882 0001:0010FA9F
  2883 0001:0010FAAE  2884 0001:0010FABE  2885 0001:0010FACC  2886 0001:0010FADA
  2888 0001:0010FAF5  2890 0001:0010FB0D  2893 0001:0010FB14  2894 0001:0010FB30
  2895 0001:0010FB46  2896 0001:0010FB4C  2897 0001:0010FB72  2898 0001:0010FB92
  2899 0001:0010FBB2  2900 0001:0010FBB9  2901 0001:0010FBC0  2909 0001:0010FBF3
  2910 0001:0010FC05  2913 0001:0010FC14  2914 0001:0010FC21  2916 0001:0010FC58
  2921 0001:0010FCB8  2922 0001:0010FCD6  2924 0001:0010FCEF  2926 0001:0010FD2A
  2927 0001:0010FD48  2929 0001:0010FD67  2930 0001:0010FD9F  2932 0001:0010FDD7
  2933 0001:0010FDEE  2935 0001:0010FE42  2936 0001:0010FE54  2937 0001:0010FE75
  2939 0001:0010FE97  2943 0001:0010FEAE  2946 0001:0010FF05  2949 0001:0010FF46
  2954 0001:0010FFCC  2955 0001:0010FFEF  2957 0001:0011000D  2958 0001:00110031
  2960 0001:0011007C  2965 0001:00110094  2966 0001:00110096  2967 0001:001100C0
  2968 0001:00110109  2965 0001:00110133  2973 0001:00110174  2976 0001:001101E4
  2977 0001:001101EA  2978 0001:00110216  2980 0001:0011022A  2983 0001:00110248
  2984 0001:00110274  2985 0001:00110283  2989 0001:00110324  2990 0001:0011032E
  2991 0001:00110363  2993 0001:00110370  2994 0001:0011037F  2998 0001:00110420
  2999 0001:0011042A  3000 0001:0011045F  3002 0001:0011046C  3003 0001:0011047B
  3007 0001:0011051C  3008 0001:00110526  3009 0001:0011055B  3011 0001:00110568
  3012 0001:00110577  3016 0001:00110618  3017 0001:00110622  3018 0001:00110657
  3021 0001:00110694  3025 0001:0011071C  3026 0001:0011072A  3027 0001:00110739
  3029 0001:00110749  3032 0001:00110756  3034 0001:00110773  3036 0001:0011078E
  3037 0001:00110797  3039 0001:001107C7  3041 0001:001107F5  3042 0001:00110800
  3043 0001:0011080B  3047 0001:0011081B  3048 0001:00110828  3049 0001:00110835
  3050 0001:00110866  3052 0001:00110882  3054 0001:00110892  3045 0001:0011089D
  3056 0001:001108B0  3058 0001:001108BB  3060 0001:001108C8  3061 0001:001108E5
  3063 0001:001108F2  3065 0001:00110902  3071 0001:00110980  3072 0001:001109A8
  3073 0001:001109B7  3075 0001:001109C7  3078 0001:001109D4  3081 0001:001109F1
  3082 0001:00110A1C  3083 0001:00110A2F  3086 0001:00110A47  3087 0001:00110ADF
  3089 0001:00110AEF  3090 0001:00110B2A  3091 0001:00110B5E  3092 0001:00110B92
  3095 0001:00110BC6  3096 0001:00110BD1  3097 0001:00110BDC  3101 0001:00110BEC
  3102 0001:00110BF9  3103 0001:00110C06  3104 0001:00110C37  3106 0001:00110C53
  3108 0001:00110C63  3099 0001:00110C6E  3110 0001:00110C81  3112 0001:00110C8C
  3114 0001:00110C99  3115 0001:00110CB6  3117 0001:00110CC3  3119 0001:00110D11
  3124 0001:00110DD8  3125 0001:00110DF5  3126 0001:00110E04  3128 0001:00110E14
  3131 0001:00110E26  3133 0001:00110E43  3135 0001:00110E5E  3136 0001:00110E69
  3137 0001:00110E74  3139 0001:00110E7F  3142 0001:00110E8B  3144 0001:00110ECF
  3145 0001:00110EE1  3146 0001:00110F03  3148 0001:00110F18  3149 0001:00110F23
  3140 0001:00110F2E  3151 0001:00110F41  3153 0001:00110F4C  3155 0001:00110F5E
  3156 0001:00110F7B  3158 0001:00110F8D  3160 0001:00110FBA  3164 0001:00110FEC
  3177 0001:0011100D  3179 0001:00111030  3180 0001:00111079  3182 0001:0011108C
  3183 0001:001110A6  3185 0001:001110C1  3187 0001:001110CC  3189 0001:00111105
  3192 0001:0011118B  3197 0001:001111CC  3198 0001:001111EF  3201 0001:001111F8
  3202 0001:0011122B  3204 0001:00111253  3206 0001:00111271  3208 0001:001112B0
  3209 0001:001112CA  3210 0001:001112D8  3211 0001:001112FD  3213 0001:00111335
  3217 0001:00111354  3218 0001:0011137C  3220 0001:001113B2  3224 0001:001113CA
  3225 0001:001113F0  3226 0001:00111415  3227 0001:00111446  3232 0001:001114CD
  3235 0001:001114DD  3236 0001:00111503  3237 0001:00111528  3239 0001:00111559
  3244 0001:0011156D  3248 0001:00111595  3250 0001:001115B6  3251 0001:001115C5
  3252 0001:0011160E  3253 0001:0011161C  3256 0001:00111640  3259 0001:0011164A
  3265 0001:001116C7  3271 0001:00111738  3272 0001:0011175B  3273 0001:0011178F
  3274 0001:001117FE  3275 0001:00111849  3276 0001:0011188B  3277 0001:0011189B
  3278 0001:001118AB  3279 0001:001118BB  3280 0001:001118C9  3272 0001:001118CC
  3281 0001:001118D4  3282 0001:001118E2  3283 0001:001118F4  3285 0001:00111915
  3287 0001:00111973  3290 0001:0011197C  3291 0001:0011197E  3292 0001:00111996
  3293 0001:001119AC  3294 0001:001119C2  3295 0001:001119DE  3297 0001:00111A0A
  3301 0001:00111A14  3302 0001:00111A1A  3303 0001:00111A21  3305 0001:00111A2A
  3306 0001:00111A31  3307 0001:00111A3E  3308 0001:00111A51  3309 0001:00111A7E
  3311 0001:00111A94  3315 0001:00111A98  3316 0001:00111A9E  3318 0001:00111AB6
  3320 0001:00111AC4  3326 0001:00111ACC  3327 0001:00111AD7  3329 0001:00111AEE
  3330 0001:00111B3A  3331 0001:00111B48  3332 0001:00111B52  3333 0001:00111B74
  3334 0001:00111B94  3335 0001:00111BB0  3337 0001:00111BD9  3341 0001:00111BE8
  3342 0001:00111BFE  3343 0001:00111C10  3344 0001:00111C2C  3347 0001:00111C66
  3350 0001:00111C6C  3351 0001:00111C82  3352 0001:00111CC3  3354 0001:00111D08
  3354 0001:00111D0F

Line numbers for InstallUnit(InstallUnit.pas) segment .text

   156 0001:001120E0   157 0001:001120F5   162 0001:001120F8   163 0001:0011211C
   164 0001:00112125   166 0001:0011212E   168 0001:00112136   170 0001:00112141
   171 0001:00112155   172 0001:00112167   173 0001:0011216B   175 0001:0011217B
   176 0001:00112195   177 0001:001121B5   173 0001:001121BB   179 0001:001121BF
   180 0001:001121E2   181 0001:001121FF   185 0001:0011221B   187 0001:00112225
   188 0001:00112235   189 0001:0011223E   191 0001:00112243   192 0001:00112262
   193 0001:00112271   194 0001:00112287   195 0001:0011229C   199 0001:001122AD
   200 0001:001122CC   201 0001:001122DB   202 0001:001122EB   187 0001:001122F2
   204 0001:001122FB   205 0001:00112318   206 0001:00112352   207 0001:00112385
   209 0001:0011239F   210 0001:001123B3   214 0001:001123CA   215 0001:001123DA
   216 0001:001123E3   218 0001:001123EC   219 0001:0011240B   221 0001:0011241A
   223 0001:0011241F   224 0001:00112435   225 0001:0011244A   229 0001:0011245B
   230 0001:00112471   231 0001:00112486   232 0001:00112495   237 0001:001124AB
   238 0001:001124CA   240 0001:001124D9   214 0001:001124E0   242 0001:001124E9
   243 0001:00112506   244 0001:00112540   245 0001:00112573   247 0001:0011258D
   248 0001:001125A1   253 0001:001125D5   257 0001:00112614   258 0001:0011261E
   259 0001:00112623   260 0001:0011262A   262 0001:0011262C   263 0001:0011262F
   264 0001:00112634   266 0001:00112639   267 0001:00112640   268 0001:00112647
   269 0001:0011264E   270 0001:00112655   271 0001:0011265C   273 0001:00112663
   274 0001:00112668   275 0001:0011266D   278 0001:00112676   280 0001:0011267B
   281 0001:00112680   282 0001:00112689   283 0001:0011268E   286 0001:00112697
   288 0001:0011269C   289 0001:001126A1   292 0001:001126AA   294 0001:001126B4
   295 0001:001126B9   296 0001:001126C2   297 0001:001126C7   300 0001:001126D0
   301 0001:001126D5   302 0001:001126DA   305 0001:001126DF   306 0001:001126F7
   307 0001:001126FC   308 0001:00112700   309 0001:00112704   310 0001:00112708
   311 0001:0011270C   312 0001:00112710   313 0001:00112714   259 0001:00112718
   315 0001:00112721   323 0001:00112728   324 0001:0011274A   326 0001:00112762
   328 0001:00112783   331 0001:001127D4   332 0001:001127EA   333 0001:001127F8
   334 0001:00112818   336 0001:00112841   339 0001:00112850   341 0001:0011289F
   343 0001:001128A9   344 0001:001128C6   346 0001:001128DF   347 0001:00112913
   348 0001:00112947   349 0001:0011297B   351 0001:001129AF   353 0001:001129E3
   354 0001:00112A17   356 0001:00112A4B   357 0001:00112A7F   360 0001:00112AB3
   361 0001:00112AD6   362 0001:00112AF9   363 0001:00112B1C   393 0001:00112B4C
   396 0001:00112B94   398 0001:00112E9C   398 0001:00112EA3

Line numbers for MainUnit(MainUnit.pas) segment .text

   133 0001:00113798   134 0001:0011379B   135 0001:001137A0   138 0001:001137A4
   140 0001:001137A7   141 0001:001137BB   143 0001:001137CD   144 0001:001137D9
   150 0001:001137E0   151 0001:00113800   152 0001:0011380F   153 0001:0011381E
   154 0001:0011382D   155 0001:0011383C   156 0001:0011384B   157 0001:0011385A
   158 0001:00113869   159 0001:00113878   161 0001:00113887   162 0001:0011388B
   163 0001:00113895   166 0001:001138AB   167 0001:001138AF   168 0001:001138B2
   162 0001:001138B6   170 0001:001138BB   172 0001:001138CC   178 0001:00113916
   179 0001:00113939   180 0001:00113958   182 0001:00113983   184 0001:00113992
   185 0001:001139B1   189 0001:001139FF   192 0001:00113ACC   193 0001:00113ADC
   194 0001:00113AED   195 0001:00113AFE   196 0001:00113B0F   197 0001:00113B20
   198 0001:00113B31   199 0001:00113B42   200 0001:00113B53   201 0001:00113B64
   203 0001:00113B75   205 0001:00113B86   206 0001:00113B8D   209 0001:00113B94
   210 0001:00113B97   211 0001:00113BA2   214 0001:00113BA4   215 0001:00113BA7
   216 0001:00113BBC   221 0001:00113BC0   222 0001:00113BE1   223 0001:00113BEE
   224 0001:00113C01   225 0001:00113C14   226 0001:00113C42   227 0001:00113C70
   228 0001:00113C90   229 0001:00113CB7   234 0001:00113D0E   238 0001:00113D84
   243 0001:00113E38   244 0001:00113E58   245 0001:00113E65   246 0001:00113E78
   247 0001:00113E8B   249 0001:00113EA4   250 0001:00113EB4   252 0001:00113EDB
   253 0001:00113EF0   255 0001:00113F1E   261 0001:00113F8A   265 0001:00114005
   268 0001:00114100   269 0001:00114103   270 0001:0011412B   271 0001:00114137
   274 0001:0011413C   275 0001:0011413F   276 0001:00114167   278 0001:00114173
   281 0001:00114178   282 0001:00114188   284 0001:001141AC   285 0001:001141CB
   286 0001:001141ED   287 0001:0011420F   291 0001:00114231   292 0001:00114253
   293 0001:00114275   294 0001:00114297   295 0001:001142B9   297 0001:001142DB
   298 0001:001142F7   300 0001:00114306   301 0001:0011430D   305 0001:00114314
   306 0001:0011431A   307 0001:00114328   308 0001:00114336   307 0001:00114348
   309 0001:0011434C   311 0001:00114372   312 0001:0011437F   313 0001:00114386
   314 0001:001143A8   317 0001:001143AF   319 0001:001143D7   320 0001:00114416
   321 0001:0011445B   325 0001:001144AD   326 0001:001144BF   328 0001:001144D9
   331 0001:00114544   332 0001:00114547   334 0001:0011454C   338 0001:00114550
   339 0001:0011455D   340 0001:00114574   341 0001:0011458B   342 0001:001145A2
   344 0001:001145B9   346 0001:001145D0   347 0001:001145E7   348 0001:001145FE
   350 0001:00114615   351 0001:0011462C   352 0001:00114643   353 0001:0011465A
   354 0001:00114671   355 0001:00114688   356 0001:0011469F   358 0001:001146B6
   362 0001:001146CD   363 0001:001146E4   365 0001:001146FB   366 0001:00114712
   367 0001:00114729   368 0001:00114740   369 0001:00114757   370 0001:0011476E
   373 0001:00114785   374 0001:0011479C   375 0001:001147B3   376 0001:001147CA
   377 0001:001147E1   379 0001:001147F8   381 0001:00114804   385 0001:00114808
   386 0001:00114822   387 0001:00114841   388 0001:0011487F   389 0001:001148B9
   391 0001:001148F1   392 0001:00114901   393 0001:00114913   395 0001:00114925
   396 0001:0011494E   400 0001:00114984   401 0001:00114987   402 0001:00114992
   406 0001:00114998   407 0001:0011499B   408 0001:001149C3   409 0001:001149CF
   414 0001:001149D4   416 0001:001149E7   418 0001:001149F2   419 0001:001149FD
   420 0001:00114A18   421 0001:00114A33   422 0001:00114A5C   423 0001:00114A85
   427 0001:00114A90   428 0001:00114A98   430 0001:00114AB7   431 0001:00114AD4
   432 0001:00114AFF   428 0001:00114B00   434 0001:00114B03   438 0001:00114B08
   439 0001:00114B10   441 0001:00114B2F   442 0001:00114B4C   443 0001:00114B77
   439 0001:00114B78   445 0001:00114B7B   449 0001:00114B80   450 0001:00114B8B
   452 0001:00114BA2   453 0001:00114BEF   455 0001:00114C0E   456 0001:00114C2B
   457 0001:00114C54   453 0001:00114C55   459 0001:00114C58   462 0001:00114C68
   463 0001:00114C6B   464 0001:00114C70   467 0001:00114C74   474 0001:00114C7A
   476 0001:00114C8F   477 0001:00114C9C   478 0001:00114CA9   479 0001:00114CBD
   480 0001:00114CC9   481 0001:00114CD1   482 0001:00114CE5   484 0001:00114CEC
   487 0001:00114DC0   492 0001:00114DC6   493 0001:00114DDB   494 0001:00114DE8
   497 0001:00114DF5   500 0001:00114E01   501 0001:00114E0E   503 0001:00114E1B
   506 0001:00114E8C   507 0001:00114E93   508 0001:00114EB3   509 0001:00114ECF
   510 0001:00114EE5   512 0001:00114F1C   514 0001:00114F26

Line numbers for Trade(D:\Preobr\Delphi\Trade\Trade.dpr) segment .text

    28 0001:00115350    29 0001:0011537C    30 0001:00115383    31 0001:00115391
    32 0001:001153A0    33 0001:001153B3    34 0001:001153C6    36 0001:001153D9
    37 0001:001153E3    38 0001:001153F6    40 0001:00115409    43 0001:0011541C
    45 0001:00115425    48 0001:00115447    49 0001:00115449    54 0001:0011548E

Bound resource files

c:\program files (x86)\borland\delphi7\Lib\Buttons.res
c:\program files (x86)\borland\delphi7\Lib\ExtDlgs.res
c:\program files (x86)\borland\delphi7\Lib\Controls.res
c:\program files (x86)\borland\delphi7\Lib\DBLogDlg.dfm
c:\program files (x86)\borland\delphi7\Lib\DBPWDlg.dfm
c:\program files (x86)\borland\delphi7\Lib\DBCtrls.res
c:\program files (x86)\borland\delphi7\Lib\DBGrids.res
c:\program files (x86)\borland\delphi7\Lib\SPIN.RES
ZhurnalUnit.DFM
SqlUnit.dfm
BalansUnit.dfm
SaldoUnit.dfm
TovarUnit.DFM
SpravUnit.dfm
DMUnit.DFM
NaklUnit.DFM
InstallUnit.DFM
MainUnit.DFM
Trade.RES
Trade.drf


Program entry point at 0001:00115350
